BL51 BANKED LINKER/LOCATER V6.22.4.0                                                    08/09/2024  10:34:59  PAGE 1


BL51 BANKED LINKER/LOCATER V6.22.4.0, INVOKED BY:
C:\KEIL_V5\C51\BIN\BL51.EXE .\Release\Objects\STARTUP.obj, .\Release\Objects\system.obj, ..\..\User\lib\tk_simplify_algo
>> rithm_V1.0.0.LIB, .\Release\Objects\my_gpio.obj, .\Release\Objects\uart0.obj, .\Release\Objects\uart1.obj, .\Release\
>> Objects\light.obj, .\Release\Objects\tmr0.obj, .\Release\Objects\tmr1.obj, .\Release\Objects\tmr2.obj, .\Release\Obje
>> cts\adc.obj, .\Release\Objects\knob.obj, .\Release\Objects\main.obj, .\Release\Objects\tk_user.obj, .\Release\Objects
>> \tk_set.obj, .\Release\Objects\send_data.obj, .\Release\Objects\my_sys.obj TO .\Release\Objects\Project PRINT (.\Rele
>> ase\Listings\Project.m51) RAMSIZE (256) CODE (0X0000-0X3EEF) XDATA (0X6000-0X66FF)


MEMORY MODEL: LARGE


INPUT MODULES INCLUDED:
  .\Release\Objects\STARTUP.obj (?C_STARTUP)
  .\Release\Objects\system.obj (SYSTEM)
  .\Release\Objects\my_gpio.obj (MY_GPIO)
  .\Release\Objects\uart0.obj (UART0)
  .\Release\Objects\uart1.obj (UART1)
  .\Release\Objects\light.obj (LIGHT)
  .\Release\Objects\tmr0.obj (TMR0)
  .\Release\Objects\tmr1.obj (TMR1)
  .\Release\Objects\tmr2.obj (TMR2)
  .\Release\Objects\adc.obj (ADC)
  .\Release\Objects\knob.obj (KNOB)
  .\Release\Objects\main.obj (MAIN)
  .\Release\Objects\tk_user.obj (TK_USER)
  .\Release\Objects\tk_set.obj (TK_SET)
  .\Release\Objects\send_data.obj (SEND_DATA)
  .\Release\Objects\my_sys.obj (MY_SYS)
  ..\..\User\lib\tk_simplify_algorithm_V1.0.0.LIB (TK_LIB)
  C:\KEIL_V5\C51\LIB\C51L.LIB (?C_INIT)
  C:\KEIL_V5\C51\LIB\C51L.LIB (?C?IMUL)
  C:\KEIL_V5\C51\LIB\C51L.LIB (?C?UIDIV)
  C:\KEIL_V5\C51\LIB\C51L.LIB (?C?IILDX)
  C:\KEIL_V5\C51\LIB\C51L.LIB (?C?LADD)
  C:\KEIL_V5\C51\LIB\C51L.LIB (?C?LSUB)
  C:\KEIL_V5\C51\LIB\C51L.LIB (?C?ULDIV)
  C:\KEIL_V5\C51\LIB\C51L.LIB (?C?LNOT)
  C:\KEIL_V5\C51\LIB\C51L.LIB (?C?LNEG)
  C:\KEIL_V5\C51\LIB\C51L.LIB (?C?SLCMP)
  C:\KEIL_V5\C51\LIB\C51L.LIB (?C?ULCMP)
  C:\KEIL_V5\C51\LIB\C51L.LIB (?C?ULSHR)
  C:\KEIL_V5\C51\LIB\C51L.LIB (?C?LSHL)
  C:\KEIL_V5\C51\LIB\C51L.LIB (?C?LLDXDATA)
  C:\KEIL_V5\C51\LIB\C51L.LIB (?C?LLDCODE)
  C:\KEIL_V5\C51\LIB\C51L.LIB (?C?LLDXDATA0)
  C:\KEIL_V5\C51\LIB\C51L.LIB (?C?LLDIXDATA)
  C:\KEIL_V5\C51\LIB\C51L.LIB (?C?LSTXDATA)
  C:\KEIL_V5\C51\LIB\C51L.LIB (?C?LSTKXDATA)
  C:\KEIL_V5\C51\LIB\C51L.LIB (?C?ICALL)
  C:\KEIL_V5\C51\LIB\C51L.LIB (?C?LIMUL)


LINK MAP OF MODULE:  .\Release\Objects\Project (?C_STARTUP)


            TYPE    BASE      LENGTH    RELOCATION   SEGMENT NAME
            -----------------------------------------------------
BL51 BANKED LINKER/LOCATER V6.22.4.0                                                  08/09/2024  10:34:59  PAGE 2



            * * * * * * *   D A T A   M E M O R Y   * * * * * * *
            REG     0000H     0008H     ABSOLUTE     "REG BANK 0"
            DATA    0008H     0004H     ABSOLUTE     
            DATA    000CH     0004H     ABSOLUTE     
            DATA    0010H     0004H     ABSOLUTE     
            DATA    0014H     0004H     ABSOLUTE     
            DATA    0018H     0004H     ABSOLUTE     
            DATA    001CH     0004H     ABSOLUTE     
            BIT     0020H.0   0000H.4   UNIT         ?BI?MY_SYS
            BIT     0020H.4   0000H.2   UNIT         ?BI?KNOB
            BIT     0020H.6   0000H.2   UNIT         ?BI?TK_LIB
            BIT     0021H.0   0000H.1   UNIT         ?BI?TMR2
                    0021H.1   0000H.7                *** GAP ***
            DATA    0022H     0008H     UNIT         _DATA_GROUP_
                    002AH     0006H                  *** GAP ***
            DATA    0030H     0004H     ABSOLUTE     
            DATA    0034H     0004H     ABSOLUTE     
            DATA    0038H     0004H     ABSOLUTE     
            DATA    003CH     0004H     ABSOLUTE     
                    0040H     0010H                  *** GAP ***
            DATA    0050H     0002H     ABSOLUTE     
            DATA    0052H     0002H     ABSOLUTE     
            DATA    0054H     0002H     ABSOLUTE     
                    0056H     000AH                  *** GAP ***
            DATA    0060H     0001H     ABSOLUTE     
            DATA    0061H     0001H     ABSOLUTE     
            DATA    0062H     0001H     ABSOLUTE     
            DATA    0063H     0001H     ABSOLUTE     
            DATA    0064H     0001H     ABSOLUTE     
            DATA    0065H     0001H     ABSOLUTE     
            DATA    0066H     0001H     ABSOLUTE     
            IDATA   0067H     0001H     UNIT         ?STACK

            * * * * * * *  X D A T A   M E M O R Y  * * * * * * *
                    0000H     6000H                  *** GAP ***
            XDATA   6000H     000CH     ABSOLUTE     
            XDATA   600CH     000CH     ABSOLUTE     
            XDATA   6018H     000CH     ABSOLUTE     
            XDATA   6024H     000AH     UNIT         ?XD?MY_SYS
            XDATA   602EH     0002H     UNIT         ?XD?ADC
            XDATA   6030H     000CH     ABSOLUTE     
            XDATA   603CH     000CH     ABSOLUTE     
            XDATA   6048H     0394H     UNIT         ?XD?TK_LIB
            XDATA   63DCH     0048H     UNIT         ?XD?TK_SET
            XDATA   6424H     0020H     UNIT         _XDATA_GROUP_
            XDATA   6444H     0009H     UNIT         ?XD?TK_USER
            XDATA   644DH     0004H     UNIT         ?XD?TMR2
            XDATA   6451H     0002H     UNIT         ?XD?KNOB

            * * * * * * *   C O D E   M E M O R Y   * * * * * * *
            CODE    0000H     0003H     ABSOLUTE     
            CODE    0003H     000CH     ABSOLUTE     
            CODE    000FH     0013H     UNIT         ?PR?WHITE_LIGHT_PWM_CONFIG?LIGHT
                    0022H     0002H                  *** GAP ***
            CODE    0024H     0003H     ABSOLUTE     
            CODE    0027H     0016H     UNIT         ?PR?MAIN?MAIN
BL51 BANKED LINKER/LOCATER V6.22.4.0                                                  08/09/2024  10:34:59  PAGE 3


                    003DH     0002H                  *** GAP ***
            CODE    003FH     0003H     ABSOLUTE     
            CODE    0042H     001BH     UNIT         ?PR?UART1_CONFIG?UART1
            CODE    005DH     0003H     ABSOLUTE     
            CODE    0060H     04ABH     UNIT         ?PR?USER_HANDLE?TK_USER
            CODE    050BH     044EH     UNIT         ?PR?KNOB_HANDLE?KNOB
            CODE    0959H     033FH     UNIT         ?PR?__TK_DATA_PROCESS?TK_LIB
            CODE    0C98H     029BH     UNIT         ?C?LIB_CODE
            CODE    0F33H     0252H     UNIT         ?PR?___TK_MODE_CARRY_FUNC?TK_LIB
            CODE    1185H     0221H     UNIT         ?PR?TK_GPIO_CONFIG?TK_SET
            CODE    13A6H     01B9H     UNIT         ?PR?__TK_BUTTON_DECIDE?TK_LIB
            CODE    155FH     01B5H     UNIT         ?PR?___TK_LIB_I_ADJUST?TK_LIB
            CODE    1714H     0168H     UNIT         ?PR?TK_HANDLE?TK_SET
            CODE    187CH     015CH     UNIT         ?PR?___TARGET_PWM_DUTY_UPDATE?KNOB
            CODE    19D8H     0109H     UNIT         ?PR?TIMR2_IRQHANDLER?TMR2
            CODE    1AE1H     00ECH     UNIT         ?PR?ADC_GETVAL?ADC
            CODE    1BCDH     00E1H     UNIT         ?PR?SYSTEM_INIT?SYSTEM
            CODE    1CAEH     009BH     UNIT         ?PR?__TK_LIB_INIT?TK_LIB
            CODE    1D49H     0097H     UNIT         ?PR?TK_PARAM_INIT?TK_SET
            CODE    1DE0H     0093H     UNIT         ?PR?__TK_BASELINE_INIT?TK_LIB
            CODE    1E73H     008CH     UNIT         ?C_C51STARTUP
            CODE    1EFFH     0084H     UNIT         ?PR?___TK_SET_NEXT_CH?TK_LIB
            CODE    1F83H     007EH     UNIT         ?PR?__TK_BASELINE_UPDATE?TK_LIB
            CODE    2001H     007EH     UNIT         ?PR?__TK_LONG_KEY_CLEAR?TK_LIB
            CODE    207FH     0075H     UNIT         ?PR?__TK_HANDLER?TK_LIB
            CODE    20F4H     006CH     UNIT         ?C_INITSEG
            CODE    2160H     0062H     UNIT         ?PR?__TK_I_SOURCE_ADJUST?TK_LIB
            CODE    21C2H     004FH     UNIT         ?PR?TK_INIT?TK_SET
            CODE    2211H     0046H     UNIT         ?PR?WUT_IRQHANDLER?TK_SET
            CODE    2257H     0045H     UNIT         ?PR?TK_IRQHANDLER?TK_SET
            CODE    229CH     0042H     UNIT         ?PR?_SEND_KEY_STATUS?SEND_DATA
            CODE    22DEH     003DH     UNIT         ?PR?__TK_MODE_CONFIG?TK_LIB
            CODE    231BH     002FH     UNIT         ?PR?ADC_CONFIG?ADC
            CODE    234AH     002EH     UNIT         ?CO?TK_SET
            CODE    2378H     0027H     UNIT         ?PR?_DELAY_100US?SYSTEM
            CODE    239FH     0023H     UNIT         ?PR?__ADC_GETVAL?ADC
            CODE    23C2H     0021H     UNIT         ?PR?TMR0_PWM_CONFIG?TMR0
            CODE    23E3H     0021H     UNIT         ?PR?TMR1_PWM_CONFIG?TMR1
            CODE    2404H     0021H     UNIT         ?PR?TMR2_CONFIG?TMR2
            CODE    2425H     0020H     UNIT         ?PR?TMR2_DISABLE?TMR2
            CODE    2445H     0020H     UNIT         ?PR?__TK_SCAN?TK_LIB
            CODE    2465H     001FH     UNIT         ?PR?CHECK_LIGHT_CTL_MODE?LIGHT
            CODE    2484H     001EH     UNIT         ?PR?_DELAY_MS?SYSTEM
            CODE    24A2H     001DH     UNIT         ?PR?P11_OUTPUT_CONFIG?MY_GPIO
            CODE    24BFH     001DH     UNIT         ?PR?P12_OUTPUT_CONFIG?MY_GPIO
            CODE    24DCH     001DH     UNIT         ?PR?P01_OUTPUT_CONFIG?MY_GPIO
            CODE    24F9H     001DH     UNIT         ?PR?P26_OUTPUT_CONFIG?MY_GPIO
            CODE    2516H     001DH     UNIT         ?PR?KNOB_CONFIG?KNOB
            CODE    2533H     001BH     UNIT         ?PR?_TMR0_SET_PWM_DUTY?TMR0
            CODE    254EH     001BH     UNIT         ?PR?_TMR1_SET_PWM_DUTY?TMR1
            CODE    2569H     0012H     UNIT         ?PR?OUTPUT_PIN_INIT?MY_GPIO
            CODE    257BH     0012H     UNIT         ?PR?P24_OUTPUT_CONFIG?MY_GPIO
            CODE    258DH     0012H     UNIT         ?PR?P25_OUTPUT_CONFIG?MY_GPIO
            CODE    259FH     0011H     UNIT         ?PR?TMR0_DISABLE?TMR0
            CODE    25B0H     0011H     UNIT         ?PR?TMR1_DISABLE?TMR1
            CODE    25C1H     0011H     UNIT         ?PR?TMR2_ENABLE?TMR2
            CODE    25D2H     000DH     UNIT         ?PR?P06_INPUT_CONFIG?MY_GPIO
BL51 BANKED LINKER/LOCATER V6.22.4.0                                                  08/09/2024  10:34:59  PAGE 4


            CODE    25DFH     000DH     UNIT         ?PR?P07_INPUT_CONFIG?MY_GPIO
            CODE    25ECH     000DH     UNIT         ?PR?P10_INPUT_CONFIG?MY_GPIO
            CODE    25F9H     000DH     UNIT         ?PR?P13_INPUT_CONFIG?MY_GPIO
            CODE    2606H     000DH     UNIT         ?PR?P14_INPUT_CONFIG?MY_GPIO
            CODE    2613H     000DH     UNIT         ?PR?P15_INPUT_CONFIG?MY_GPIO
            CODE    2620H     000DH     UNIT         ?PR?P17_INPUT_CONFIG?MY_GPIO
            CODE    262DH     000DH     UNIT         ?PR?P21_INPUT_CONFIG?MY_GPIO
            CODE    263AH     000DH     UNIT         ?PR?P22_INPUT_CONFIG?MY_GPIO
            CODE    2647H     000DH     UNIT         ?PR?P23_INPUT_CONFIG?MY_GPIO
            CODE    2654H     000DH     UNIT         ?PR?P27_INPUT_CONFIG?MY_GPIO
            CODE    2661H     000DH     UNIT         ?PR?P30_INPUT_CONFIG?MY_GPIO
            CODE    266EH     000DH     UNIT         ?PR?P31_INPUT_CONFIG?MY_GPIO
            CODE    267BH     000DH     UNIT         ?PR?_UART1_SENDBYTE?UART1
            CODE    2688H     000BH     UNIT         ?PR?_DELAY?SYSTEM
            CODE    2693H     000BH     UNIT         ?PR?YELLOW_LIGHT_CLOSE?LIGHT
            CODE    269EH     000BH     UNIT         ?PR?WHITE_LIGHT_CLOSE?LIGHT
            CODE    26A9H     000BH     UNIT         ?PR?TMR0_ENABLE?TMR0
            CODE    26B4H     000BH     UNIT         ?PR?TMR1_ENABLE?TMR1
            CODE    26BFH     0009H     UNIT         ?PR?YELLOW_LIGHT_OPEN?LIGHT
            CODE    26C8H     0009H     UNIT         ?PR?WHITE_LIGHT_OPEN?LIGHT
            CODE    26D1H     0009H     UNIT         ?PR?USER_INIT?TK_USER
            CODE    26DAH     0005H     UNIT         ?PR?__TK_MS_HANDLER?TK_LIB



OVERLAY MAP OF MODULE:   .\Release\Objects\Project (?C_STARTUP)


SEGMENT                                      DATA_GROUP          XDATA_GROUP
  +--> CALLED SEGMENT                      START    LENGTH     START    LENGTH
------------------------------------------------------------------------------
?C_C51STARTUP                              -----    -----      -----    -----
  +--> ?PR?MAIN?MAIN
  +--> ?C_INITSEG

?PR?MAIN?MAIN                              -----    -----      -----    -----
  +--> ?PR?SYSTEM_INIT?SYSTEM
  +--> ?PR?TK_HANDLE?TK_SET

?PR?SYSTEM_INIT?SYSTEM                     -----    -----      -----    -----
  +--> ?PR?_DELAY?SYSTEM
  +--> ?PR?_DELAY_MS?SYSTEM

?PR?_DELAY_MS?SYSTEM                       -----    -----      642CH    0004H
  +--> ?PR?_DELAY?SYSTEM

?PR?TK_HANDLE?TK_SET                       -----    -----      -----    -----
  +--> ?PR?USER_INIT?TK_USER
  +--> ?PR?TK_PARAM_INIT?TK_SET
  +--> ?PR?CHECK_LIGHT_CTL_MODE?LIGHT
  +--> ?PR?WHITE_LIGHT_PWM_CONFIG?LIGHT
  +--> ?PR?TMR2_ENABLE?TMR2
  +--> ?PR?__TK_SCAN?TK_LIB
  +--> ?PR?USER_HANDLE?TK_USER
  +--> ?PR?KNOB_HANDLE?KNOB
  +--> ?PR?_SEND_KEY_STATUS?SEND_DATA
  +--> ?PR?_TMR1_SET_PWM_DUTY?TMR1
BL51 BANKED LINKER/LOCATER V6.22.4.0                                                  08/09/2024  10:34:59  PAGE 5


  +--> ?PR?WHITE_LIGHT_OPEN?LIGHT
  +--> ?PR?WHITE_LIGHT_CLOSE?LIGHT
  +--> ?PR?_TMR0_SET_PWM_DUTY?TMR0
  +--> ?PR?YELLOW_LIGHT_OPEN?LIGHT
  +--> ?PR?YELLOW_LIGHT_CLOSE?LIGHT

?PR?USER_INIT?TK_USER                      -----    -----      -----    -----
  +--> ?PR?UART1_CONFIG?UART1
  +--> ?PR?TMR2_CONFIG?TMR2
  +--> ?PR?KNOB_CONFIG?KNOB

?PR?KNOB_CONFIG?KNOB                       -----    -----      -----    -----
  +--> ?PR?P15_INPUT_CONFIG?MY_GPIO
  +--> ?PR?ADC_CONFIG?ADC
  +--> ?PR?ADC_GETVAL?ADC

?PR?ADC_CONFIG?ADC                         -----    -----      -----    -----
  +--> ?PR?_DELAY_MS?SYSTEM

?PR?ADC_GETVAL?ADC                         -----    -----      642DH    0011H
  +--> ?PR?__ADC_GETVAL?ADC

?PR?TK_PARAM_INIT?TK_SET                   -----    -----      -----    -----
  +--> ?CO?TK_SET
  +--> ?PR?TK_GPIO_CONFIG?TK_SET
  +--> ?PR?__TK_LIB_INIT?TK_LIB
  +--> ?PR?TK_INIT?TK_SET

?PR?__TK_LIB_INIT?TK_LIB                   -----    -----      6424H    0002H
  +--> ?PR?__TK_DATA_PROCESS?TK_LIB
  +--> ?CO?TK_SET
  +--> ?PR?___TK_SET_NEXT_CH?TK_LIB

?PR?__TK_DATA_PROCESS?TK_LIB               -----    -----      -----    -----
  +--> ?CO?TK_SET

?PR?CHECK_LIGHT_CTL_MODE?LIGHT             -----    -----      -----    -----
  +--> ?PR?P27_INPUT_CONFIG?MY_GPIO
  +--> ?PR?TMR0_PWM_CONFIG?TMR0

?PR?WHITE_LIGHT_PWM_CONFIG?LIGHT           -----    -----      -----    -----
  +--> ?PR?TMR1_PWM_CONFIG?TMR1

?PR?__TK_SCAN?TK_LIB                       -----    -----      -----    -----
  +--> ?PR?__TK_BUTTON_DECIDE?TK_LIB
  +--> ?PR?___TK_SET_NEXT_CH?TK_LIB

?PR?__TK_BUTTON_DECIDE?TK_LIB              -----    -----      -----    -----
  +--> ?CO?TK_SET
  +--> ?PR?___TK_MODE_CARRY_FUNC?TK_LIB

?PR?___TK_MODE_CARRY_FUNC?TK_LIB           -----    -----      642CH    0001H
  +--> ?CO?TK_SET
  +--> ?PR?__TK_BASELINE_UPDATE?TK_LIB

?PR?__TK_BASELINE_UPDATE?TK_LIB            -----    -----      -----    -----
  +--> ?CO?TK_SET
BL51 BANKED LINKER/LOCATER V6.22.4.0                                                  08/09/2024  10:34:59  PAGE 6



?PR?USER_HANDLE?TK_USER                    -----    -----      6424H    0008H
  +--> ?PR?_DELAY_MS?SYSTEM
  +--> ?PR?__TK_SCAN?TK_LIB
  +--> ?PR?_SEND_KEY_STATUS?SEND_DATA
  +--> ?PR?_TMR1_SET_PWM_DUTY?TMR1
  +--> ?PR?_TMR0_SET_PWM_DUTY?TMR0
  +--> ?PR?_DELAY_100US?SYSTEM

?PR?_SEND_KEY_STATUS?SEND_DATA             -----    -----      642CH    0002H
  +--> ?PR?_UART1_SENDBYTE?UART1

?PR?_DELAY_100US?SYSTEM                    -----    -----      642CH    0005H

?PR?KNOB_HANDLE?KNOB                       -----    -----      6424H    0004H
  +--> ?PR?_DELAY_MS?SYSTEM
  +--> ?PR?_TMR0_SET_PWM_DUTY?TMR0
  +--> ?PR?_TMR1_SET_PWM_DUTY?TMR1
  +--> ?PR?YELLOW_LIGHT_CLOSE?LIGHT
  +--> ?PR?WHITE_LIGHT_CLOSE?LIGHT
  +--> ?PR?_SEND_KEY_STATUS?SEND_DATA
  +--> ?PR?WHITE_LIGHT_OPEN?LIGHT
  +--> ?PR?YELLOW_LIGHT_OPEN?LIGHT
  +--> ?PR?ADC_GETVAL?ADC
  +--> ?PR?___TARGET_PWM_DUTY_UPDATE?KNOB
  +--> ?PR?_DELAY_100US?SYSTEM

?PR?YELLOW_LIGHT_CLOSE?LIGHT               -----    -----      -----    -----
  +--> ?PR?TMR0_DISABLE?TMR0

?PR?WHITE_LIGHT_CLOSE?LIGHT                -----    -----      -----    -----
  +--> ?PR?TMR1_DISABLE?TMR1

?PR?WHITE_LIGHT_OPEN?LIGHT                 -----    -----      -----    -----
  +--> ?PR?TMR1_ENABLE?TMR1

?PR?YELLOW_LIGHT_OPEN?LIGHT                -----    -----      -----    -----
  +--> ?PR?TMR0_ENABLE?TMR0

?PR?___TARGET_PWM_DUTY_UPDATE?KNOB         -----    -----      6428H    0005H
  +--> ?PR?ADC_GETVAL?ADC

*** NEW ROOT ***************************************************

?PR?TIMR2_IRQHANDLER?TMR2                  -----    -----      -----    -----
  +--> ?PR?WHITE_LIGHT_OPEN?LIGHT
  +--> ?PR?_TMR1_SET_PWM_DUTY?TMR1
  +--> ?PR?WHITE_LIGHT_CLOSE?LIGHT

*** NEW ROOT ***************************************************

?PR?TK_IRQHANDLER?TK_SET                   -----    -----      -----    -----
  +--> ?PR?__TK_HANDLER?TK_LIB

?PR?__TK_HANDLER?TK_LIB                    -----    -----      -----    -----
  +--> ?CO?TK_SET
  +--> ?PR?__TK_MODE_CONFIG?TK_LIB
BL51 BANKED LINKER/LOCATER V6.22.4.0                                                  08/09/2024  10:34:59  PAGE 7


  +--> ?PR?__TK_I_SOURCE_ADJUST?TK_LIB
  +--> ?PR?__TK_BASELINE_INIT?TK_LIB
  +--> ?PR?___TK_SET_NEXT_CH?TK_LIB

?PR?__TK_MODE_CONFIG?TK_LIB                -----    -----      -----    -----
  +--> ?PR?___TK_SET_NEXT_CH?TK_LIB

?PR?__TK_I_SOURCE_ADJUST?TK_LIB            -----    -----      643EH    0001H
  +--> ?CO?TK_SET
  +--> ?PR?___TK_LIB_I_ADJUST?TK_LIB
  +--> ?PR?__TK_MODE_CONFIG?TK_LIB
  +--> ?PR?___TK_SET_NEXT_CH?TK_LIB

?PR?___TK_LIB_I_ADJUST?TK_LIB              0022H    0008H      643FH    0005H
  +--> ?CO?TK_SET

?PR?__TK_BASELINE_INIT?TK_LIB              -----    -----      -----    -----
  +--> ?CO?TK_SET
  +--> ?PR?___TK_SET_NEXT_CH?TK_LIB

*** NEW ROOT ***************************************************

?PR?WUT_IRQHANDLER?TK_SET                  -----    -----      -----    -----
  +--> ?PR?__TK_MS_HANDLER?TK_LIB

?PR?__TK_MS_HANDLER?TK_LIB                 -----    -----      -----    -----
  +--> ?PR?__TK_LONG_KEY_CLEAR?TK_LIB

?PR?__TK_LONG_KEY_CLEAR?TK_LIB             -----    -----      -----    -----
  +--> ?CO?TK_SET
  +--> ?PR?__TK_BASELINE_UPDATE?TK_LIB



SYMBOL TABLE OF MODULE:  .\Release\Objects\Project (?C_STARTUP)

  VALUE           TYPE          NAME
  ----------------------------------

  -------         MODULE        ?C_STARTUP
  C:1E73H         SEGMENT       ?C_C51STARTUP
  I:0067H         SEGMENT       ?STACK
  C:0000H         PUBLIC        ?C_STARTUP
  D:00E0H         SYMBOL        ACC
  D:00F0H         SYMBOL        B
  D:0083H         SYMBOL        DPH
  D:0082H         SYMBOL        DPL
  N:0000H         SYMBOL        IBPSTACK
  N:0100H         SYMBOL        IBPSTACKTOP
  N:0080H         SYMBOL        IDATALEN
  C:1E76H         SYMBOL        IDATALOOP
  N:0000H         SYMBOL        PBPSTACK
  N:0100H         SYMBOL        PBPSTACKTOP
  N:0000H         SYMBOL        PDATALEN
  N:0000H         SYMBOL        PDATASTART
  N:0000H         SYMBOL        PPAGE
  N:0000H         SYMBOL        PPAGEENABLE
BL51 BANKED LINKER/LOCATER V6.22.4.0                                                  08/09/2024  10:34:59  PAGE 8


  D:00A0H         SYMBOL        PPAGE_SFR
  D:0081H         SYMBOL        SP
  C:1E73H         SYMBOL        STARTUP1
  N:0000H         SYMBOL        XBPSTACK
  N:0000H         SYMBOL        XBPSTACKTOP
  N:0000H         SYMBOL        XDATALEN
  N:0000H         SYMBOL        XDATASTART
  C:0000H         LINE#         126
  C:1E73H         LINE#         133
  C:1E75H         LINE#         134
  C:1E76H         LINE#         135
  C:1E77H         LINE#         136
  C:1E79H         LINE#         185
  C:1E7CH         LINE#         196
  -------         ENDMOD        ?C_STARTUP

  -------         MODULE        SYSTEM
  C:0000H         SYMBOL        _ICE_DUMMY_
  D:00A7H         PUBLIC        FLASH_TIMEREG0
  C:2688H         PUBLIC        _delay
  D:00ACH         PUBLIC        FLASH_TIMEREG1
  C:1BCDH         PUBLIC        system_init
  C:2484H         PUBLIC        _delay_ms
  C:2378H         PUBLIC        _delay_100us
  -------         PROC          _DELAY
  D:0006H         SYMBOL        cnt
  C:2688H         LINE#         38
  C:2688H         LINE#         39
  C:2688H         LINE#         40
  C:2692H         LINE#         41
  C:2692H         LINE#         42
  C:2692H         LINE#         43
  -------         ENDPROC       _DELAY
  -------         PROC          _DELAY_100US
  X:642CH         SYMBOL        xus
  -------         DO            
  X:6430H         SYMBOL        i
  -------         ENDDO         
  C:2378H         LINE#         46
  C:237EH         LINE#         47
  C:237EH         LINE#         48
  C:238CH         LINE#         49
  C:238CH         LINE#         50
  C:2392H         LINE#         51
  C:239EH         LINE#         52
  C:239EH         LINE#         53
  -------         ENDPROC       _DELAY_100US
  -------         PROC          _DELAY_MS
  X:642CH         SYMBOL        ms
  C:2484H         LINE#         60
  C:248AH         LINE#         61
  C:248AH         LINE#         62
  C:2498H         LINE#         63
  C:2498H         LINE#         69
  C:249FH         LINE#         70
  C:24A1H         LINE#         71
  -------         ENDPROC       _DELAY_MS
BL51 BANKED LINKER/LOCATER V6.22.4.0                                                  08/09/2024  10:34:59  PAGE 9


  -------         PROC          SYSTEM_INIT
  -------         DO            
  D:0007H         SYMBOL        i
  -------         ENDDO         
  C:1BCDH         LINE#         78
  C:1BCDH         LINE#         79
  C:1BCDH         LINE#         82
  C:1BD4H         LINE#         83
  C:1BE6H         LINE#         84
  C:1BE9H         LINE#         87
  C:1BECH         LINE#         88
  C:1BF2H         LINE#         89
  C:1BF8H         LINE#         90
  C:1BFEH         LINE#         91
  C:1C04H         LINE#         92
  C:1C0BH         LINE#         96
  C:1C0DH         LINE#         97
  C:1C0DH         LINE#         98
  C:1C1AH         LINE#         99
  C:1C1FH         LINE#         101
  C:1CADH         LINE#         102
  -------         ENDPROC       SYSTEM_INIT
  -------         ENDMOD        SYSTEM

  -------         MODULE        MY_GPIO
  C:0000H         SYMBOL        _ICE_DUMMY_
  B:0080H.1       PUBLIC        P01
  B:0090H.1       PUBLIC        P11
  B:0090H.2       PUBLIC        P12
  B:00A0H.4       PUBLIC        P24
  B:00A0H.5       PUBLIC        P25
  B:00A0H.6       PUBLIC        P26
  C:25ECH         PUBLIC        p10_input_config
  C:2661H         PUBLIC        p30_input_config
  C:262DH         PUBLIC        p21_input_config
  C:24DCH         PUBLIC        p01_output_config
  C:266EH         PUBLIC        p31_input_config
  C:263AH         PUBLIC        p22_input_config
  C:25F9H         PUBLIC        p13_input_config
  C:24A2H         PUBLIC        p11_output_config
  C:2647H         PUBLIC        p23_input_config
  C:2606H         PUBLIC        p14_input_config
  C:24BFH         PUBLIC        p12_output_config
  C:2613H         PUBLIC        p15_input_config
  C:25D2H         PUBLIC        p06_input_config
  C:25DFH         PUBLIC        p07_input_config
  C:2620H         PUBLIC        p17_input_config
  C:257BH         PUBLIC        p24_output_config
  C:2654H         PUBLIC        p27_input_config
  C:258DH         PUBLIC        p25_output_config
  C:24F9H         PUBLIC        p26_output_config
  C:2569H         PUBLIC        output_pin_init
  -------         PROC          OUTPUT_PIN_INIT
  C:2569H         LINE#         6
  C:2569H         LINE#         7
  C:2569H         LINE#         8
  C:256FH         LINE#         9
BL51 BANKED LINKER/LOCATER V6.22.4.0                                                  08/09/2024  10:34:59  PAGE 10


  C:2573H         LINE#         11
  C:2578H         LINE#         14
  C:257AH         LINE#         15
  -------         ENDPROC       OUTPUT_PIN_INIT
  -------         PROC          P11_OUTPUT_CONFIG
  C:24A2H         LINE#         20
  C:24A2H         LINE#         21
  C:24A2H         LINE#         22
  C:24A8H         LINE#         23
  C:24ACH         LINE#         25
  C:24B1H         LINE#         27
  C:24B7H         LINE#         28
  C:24BCH         LINE#         32
  C:24BEH         LINE#         33
  -------         ENDPROC       P11_OUTPUT_CONFIG
  -------         PROC          P12_OUTPUT_CONFIG
  C:24BFH         LINE#         38
  C:24BFH         LINE#         39
  C:24BFH         LINE#         40
  C:24C5H         LINE#         41
  C:24C9H         LINE#         43
  C:24CEH         LINE#         45
  C:24D4H         LINE#         46
  C:24D9H         LINE#         50
  C:24DBH         LINE#         51
  -------         ENDPROC       P12_OUTPUT_CONFIG
  -------         PROC          P01_OUTPUT_CONFIG
  C:24DCH         LINE#         57
  C:24DCH         LINE#         58
  C:24DCH         LINE#         59
  C:24E2H         LINE#         60
  C:24E6H         LINE#         62
  C:24EBH         LINE#         64
  C:24F1H         LINE#         65
  C:24F6H         LINE#         69
  C:24F8H         LINE#         70
  -------         ENDPROC       P01_OUTPUT_CONFIG
  -------         PROC          P24_OUTPUT_CONFIG
  C:257BH         LINE#         75
  C:257BH         LINE#         76
  C:257BH         LINE#         77
  C:2581H         LINE#         78
  C:2585H         LINE#         80
  C:258AH         LINE#         87
  C:258CH         LINE#         88
  -------         ENDPROC       P24_OUTPUT_CONFIG
  -------         PROC          P25_OUTPUT_CONFIG
  C:258DH         LINE#         93
  C:258DH         LINE#         94
  C:258DH         LINE#         95
  C:2593H         LINE#         96
  C:2597H         LINE#         98
  C:259CH         LINE#         105
  C:259EH         LINE#         106
  -------         ENDPROC       P25_OUTPUT_CONFIG
  -------         PROC          P26_OUTPUT_CONFIG
  C:24F9H         LINE#         111
BL51 BANKED LINKER/LOCATER V6.22.4.0                                                  08/09/2024  10:34:59  PAGE 11


  C:24F9H         LINE#         112
  C:24F9H         LINE#         113
  C:24FFH         LINE#         114
  C:2503H         LINE#         116
  C:2508H         LINE#         118
  C:250EH         LINE#         119
  C:2513H         LINE#         123
  C:2515H         LINE#         124
  -------         ENDPROC       P26_OUTPUT_CONFIG
  -------         PROC          P06_INPUT_CONFIG
  C:25D2H         LINE#         127
  C:25D2H         LINE#         128
  C:25D2H         LINE#         130
  C:25D8H         LINE#         132
  C:25DEH         LINE#         133
  -------         ENDPROC       P06_INPUT_CONFIG
  -------         PROC          P07_INPUT_CONFIG
  C:25DFH         LINE#         136
  C:25DFH         LINE#         137
  C:25DFH         LINE#         139
  C:25E5H         LINE#         141
  C:25EBH         LINE#         142
  -------         ENDPROC       P07_INPUT_CONFIG
  -------         PROC          P10_INPUT_CONFIG
  C:25ECH         LINE#         145
  C:25ECH         LINE#         146
  C:25ECH         LINE#         148
  C:25F2H         LINE#         150
  C:25F8H         LINE#         151
  -------         ENDPROC       P10_INPUT_CONFIG
  -------         PROC          P13_INPUT_CONFIG
  C:25F9H         LINE#         154
  C:25F9H         LINE#         155
  C:25F9H         LINE#         157
  C:25FFH         LINE#         159
  C:2605H         LINE#         160
  -------         ENDPROC       P13_INPUT_CONFIG
  -------         PROC          P14_INPUT_CONFIG
  C:2606H         LINE#         163
  C:2606H         LINE#         164
  C:2606H         LINE#         166
  C:260CH         LINE#         168
  C:2612H         LINE#         169
  -------         ENDPROC       P14_INPUT_CONFIG
  -------         PROC          P15_INPUT_CONFIG
  C:2613H         LINE#         172
  C:2613H         LINE#         173
  C:2613H         LINE#         175
  C:2619H         LINE#         177
  C:261FH         LINE#         178
  -------         ENDPROC       P15_INPUT_CONFIG
  -------         PROC          P17_INPUT_CONFIG
  C:2620H         LINE#         181
  C:2620H         LINE#         182
  C:2620H         LINE#         184
  C:2626H         LINE#         186
  C:262CH         LINE#         187
BL51 BANKED LINKER/LOCATER V6.22.4.0                                                  08/09/2024  10:34:59  PAGE 12


  -------         ENDPROC       P17_INPUT_CONFIG
  -------         PROC          P21_INPUT_CONFIG
  C:262DH         LINE#         190
  C:262DH         LINE#         191
  C:262DH         LINE#         193
  C:2633H         LINE#         195
  C:2639H         LINE#         196
  -------         ENDPROC       P21_INPUT_CONFIG
  -------         PROC          P22_INPUT_CONFIG
  C:263AH         LINE#         199
  C:263AH         LINE#         200
  C:263AH         LINE#         202
  C:2640H         LINE#         204
  C:2646H         LINE#         205
  -------         ENDPROC       P22_INPUT_CONFIG
  -------         PROC          P23_INPUT_CONFIG
  C:2647H         LINE#         208
  C:2647H         LINE#         209
  C:2647H         LINE#         211
  C:264DH         LINE#         213
  C:2653H         LINE#         214
  -------         ENDPROC       P23_INPUT_CONFIG
  -------         PROC          P27_INPUT_CONFIG
  C:2654H         LINE#         217
  C:2654H         LINE#         218
  C:2654H         LINE#         220
  C:265AH         LINE#         222
  C:2660H         LINE#         223
  -------         ENDPROC       P27_INPUT_CONFIG
  -------         PROC          P30_INPUT_CONFIG
  C:2661H         LINE#         226
  C:2661H         LINE#         227
  C:2661H         LINE#         229
  C:2667H         LINE#         231
  C:266DH         LINE#         232
  -------         ENDPROC       P30_INPUT_CONFIG
  -------         PROC          P31_INPUT_CONFIG
  C:266EH         LINE#         235
  C:266EH         LINE#         236
  C:266EH         LINE#         238
  C:2674H         LINE#         240
  C:267AH         LINE#         241
  -------         ENDPROC       P31_INPUT_CONFIG
  -------         ENDMOD        MY_GPIO

  -------         MODULE        UART0
  C:0000H         SYMBOL        _ICE_DUMMY_
  -------         ENDMOD        UART0

  -------         MODULE        UART1
  C:0000H         SYMBOL        _ICE_DUMMY_
  D:00F5H         PUBLIC        UART1_BAUD0
  D:00F6H         PUBLIC        UART1_BAUD1
  C:267BH         PUBLIC        _uart1_sendbyte
  D:00F4H         PUBLIC        UART1_STA
  C:0042H         PUBLIC        uart1_config
  D:00F2H         PUBLIC        UART1_CON0
BL51 BANKED LINKER/LOCATER V6.22.4.0                                                  08/09/2024  10:34:59  PAGE 13


  D:00F7H         PUBLIC        UART1_DATA
  -------         PROC          UART1_CONFIG
  C:0042H         LINE#         33
  C:0042H         LINE#         34
  C:0042H         LINE#         36
  C:0048H         LINE#         37
  C:004CH         LINE#         38
  C:0053H         LINE#         45
  C:0056H         LINE#         46
  C:0059H         LINE#         47
  C:005CH         LINE#         50
  -------         ENDPROC       UART1_CONFIG
  -------         PROC          _UART1_SENDBYTE
  D:0007H         SYMBOL        senddata
  C:267BH         LINE#         53
  C:267BH         LINE#         54
  C:267BH         LINE#         55
  C:2680H         LINE#         57
  C:2682H         LINE#         58
  C:2687H         LINE#         60
  -------         ENDPROC       _UART1_SENDBYTE
  -------         ENDMOD        UART1

  -------         MODULE        LIGHT
  C:0000H         SYMBOL        _ICE_DUMMY_
  C:2693H         PUBLIC        yellow_light_close
  C:269EH         PUBLIC        white_light_close
  C:2465H         PUBLIC        check_light_ctl_mode
  C:26BFH         PUBLIC        yellow_light_open
  C:000FH         PUBLIC        white_light_pwm_config
  B:00A0H.1       PUBLIC        P21
  C:26C8H         PUBLIC        white_light_open
  B:00A0H.7       PUBLIC        P27
  -------         PROC          CHECK_LIGHT_CTL_MODE
  C:2465H         LINE#         6
  C:2465H         LINE#         7
  C:2465H         LINE#         9
  C:2468H         LINE#         10
  C:246BH         LINE#         11
  C:246BH         LINE#         12
  C:246DH         LINE#         13
  C:246FH         LINE#         15
  C:246FH         LINE#         16
  C:2471H         LINE#         17
  C:2471H         LINE#         36
  C:2477H         LINE#         37
  C:247BH         LINE#         38
  C:2481H         LINE#         47
  -------         ENDPROC       CHECK_LIGHT_CTL_MODE
  -------         PROC          WHITE_LIGHT_PWM_CONFIG
  C:000FH         LINE#         51
  C:000FH         LINE#         52
  C:000FH         LINE#         54
  C:0015H         LINE#         55
  C:0019H         LINE#         56
  C:001FH         LINE#         65
  -------         ENDPROC       WHITE_LIGHT_PWM_CONFIG
BL51 BANKED LINKER/LOCATER V6.22.4.0                                                  08/09/2024  10:34:59  PAGE 14


  -------         PROC          YELLOW_LIGHT_CLOSE
  C:2693H         LINE#         69
  C:2693H         LINE#         70
  C:2693H         LINE#         84
  C:2696H         LINE#         87
  C:269BH         LINE#         88
  C:269DH         LINE#         94
  -------         ENDPROC       YELLOW_LIGHT_CLOSE
  -------         PROC          WHITE_LIGHT_CLOSE
  C:269EH         LINE#         97
  C:269EH         LINE#         98
  C:269EH         LINE#         99
  C:26A1H         LINE#         102
  C:26A6H         LINE#         103
  C:26A8H         LINE#         109
  -------         ENDPROC       WHITE_LIGHT_CLOSE
  -------         PROC          YELLOW_LIGHT_OPEN
  C:26BFH         LINE#         112
  C:26BFH         LINE#         113
  C:26BFH         LINE#         118
  C:26C5H         LINE#         120
  -------         ENDPROC       YELLOW_LIGHT_OPEN
  -------         PROC          WHITE_LIGHT_OPEN
  C:26C8H         LINE#         136
  C:26C8H         LINE#         137
  C:26C8H         LINE#         142
  C:26CEH         LINE#         145
  -------         ENDPROC       WHITE_LIGHT_OPEN
  -------         ENDMOD        LIGHT

  -------         MODULE        TMR0
  C:0000H         SYMBOL        _ICE_DUMMY_
  D:00D1H         PUBLIC        TMR_ALLCON
  C:2533H         PUBLIC        _tmr0_set_pwm_duty
  C:23C2H         PUBLIC        tmr0_pwm_config
  C:259FH         PUBLIC        tmr0_disable
  C:26A9H         PUBLIC        tmr0_enable
  -------         PROC          TMR0_PWM_CONFIG
  C:23C2H         LINE#         5
  C:23C2H         LINE#         6
  C:23C2H         LINE#         7
  C:23C5H         LINE#         8
  C:23C9H         LINE#         9
  C:23CDH         LINE#         10
  C:23D1H         LINE#         11
  C:23D5H         LINE#         12
  C:23DAH         LINE#         13
  C:23DEH         LINE#         14
  C:23E2H         LINE#         15
  -------         ENDPROC       TMR0_PWM_CONFIG
  -------         PROC          TMR0_ENABLE
  C:26A9H         LINE#         20
  C:26A9H         LINE#         21
  C:26A9H         LINE#         23
  C:26AFH         LINE#         24
  C:26B3H         LINE#         25
  -------         ENDPROC       TMR0_ENABLE
BL51 BANKED LINKER/LOCATER V6.22.4.0                                                  08/09/2024  10:34:59  PAGE 15


  -------         PROC          TMR0_DISABLE
  C:259FH         LINE#         30
  C:259FH         LINE#         31
  C:259FH         LINE#         33
  C:25A5H         LINE#         34
  C:25A9H         LINE#         36
  C:25ADH         LINE#         37
  C:25AFH         LINE#         38
  -------         ENDPROC       TMR0_DISABLE
  -------         PROC          _TMR0_SET_PWM_DUTY
  D:0006H         SYMBOL        duty
  -------         DO            
  D:0004H         SYMBOL        tmp
  -------         ENDDO         
  C:2533H         LINE#         41
  C:2533H         LINE#         42
  C:2533H         LINE#         43
  C:2546H         LINE#         44
  C:254AH         LINE#         45
  C:254DH         LINE#         46
  -------         ENDPROC       _TMR0_SET_PWM_DUTY
  -------         ENDMOD        TMR0

  -------         MODULE        TMR1
  C:0000H         SYMBOL        _ICE_DUMMY_
  D:00D1H         PUBLIC        TMR_ALLCON
  C:254EH         PUBLIC        _tmr1_set_pwm_duty
  C:23E3H         PUBLIC        tmr1_pwm_config
  C:25B0H         PUBLIC        tmr1_disable
  C:26B4H         PUBLIC        tmr1_enable
  -------         PROC          TMR1_PWM_CONFIG
  C:23E3H         LINE#         5
  C:23E3H         LINE#         6
  C:23E3H         LINE#         7
  C:23E6H         LINE#         8
  C:23EAH         LINE#         9
  C:23EEH         LINE#         10
  C:23F2H         LINE#         11
  C:23F6H         LINE#         12
  C:23FBH         LINE#         13
  C:23FFH         LINE#         14
  C:2403H         LINE#         15
  -------         ENDPROC       TMR1_PWM_CONFIG
  -------         PROC          TMR1_ENABLE
  C:26B4H         LINE#         20
  C:26B4H         LINE#         21
  C:26B4H         LINE#         23
  C:26BAH         LINE#         24
  C:26BEH         LINE#         25
  -------         ENDPROC       TMR1_ENABLE
  -------         PROC          TMR1_DISABLE
  C:25B0H         LINE#         30
  C:25B0H         LINE#         31
  C:25B0H         LINE#         33
  C:25B6H         LINE#         34
  C:25BAH         LINE#         37
  C:25BEH         LINE#         38
BL51 BANKED LINKER/LOCATER V6.22.4.0                                                  08/09/2024  10:34:59  PAGE 16


  C:25C0H         LINE#         39
  -------         ENDPROC       TMR1_DISABLE
  -------         PROC          _TMR1_SET_PWM_DUTY
  D:0006H         SYMBOL        duty
  -------         DO            
  D:0004H         SYMBOL        tmp
  -------         ENDDO         
  C:254EH         LINE#         42
  C:254EH         LINE#         43
  C:254EH         LINE#         44
  C:2561H         LINE#         45
  C:2565H         LINE#         46
  C:2568H         LINE#         47
  -------         ENDPROC       _TMR1_SET_PWM_DUTY
  -------         ENDMOD        TMR1

  -------         MODULE        TMR2
  C:0000H         SYMBOL        _ICE_DUMMY_
  C:19D8H         PUBLIC        TIMR2_IRQHandler
  D:00D1H         PUBLIC        TMR_ALLCON
  X:644DH         PUBLIC        tmr2_cnt
  D:00A8H         PUBLIC        IE0
  D:00A9H         PUBLIC        IE1
  C:2425H         PUBLIC        tmr2_disable
  D:00AAH         PUBLIC        IE2
  D:00ABH         PUBLIC        IE3
  D:00B8H         PUBLIC        IP0
  D:00B1H         PUBLIC        IP1
  D:00B2H         PUBLIC        IP2
  D:00B3H         PUBLIC        IP3
  D:00B4H         PUBLIC        IP4
  D:00B5H         PUBLIC        IP5
  D:00B6H         PUBLIC        IP6
  D:00B7H         PUBLIC        IP7
  C:25C1H         PUBLIC        tmr2_enable
  C:2404H         PUBLIC        tmr2_config
  B:00A8H.7       PUBLIC        IE_EA
  -------         PROC          TMR2_CONFIG
  C:2404H         LINE#         12
  C:2404H         LINE#         13
  C:2404H         LINE#         14
  C:2407H         LINE#         15
  C:240CH         LINE#         16
  C:2412H         LINE#         17
  C:2418H         LINE#         18
  C:241EH         LINE#         19
  C:2422H         LINE#         20
  C:2424H         LINE#         21
  -------         ENDPROC       TMR2_CONFIG
  -------         PROC          TMR2_ENABLE
  C:25C1H         LINE#         26
  C:25C1H         LINE#         27
  C:25C1H         LINE#         29
  C:25C8H         LINE#         30
  C:25CCH         LINE#         32
  C:25CFH         LINE#         33
  C:25D1H         LINE#         34
BL51 BANKED LINKER/LOCATER V6.22.4.0                                                  08/09/2024  10:34:59  PAGE 17


  -------         ENDPROC       TMR2_ENABLE
  -------         PROC          TMR2_DISABLE
  C:2425H         LINE#         39
  C:2425H         LINE#         40
  C:2425H         LINE#         42
  C:242CH         LINE#         43
  C:2430H         LINE#         46
  C:2435H         LINE#         47
  C:2437H         LINE#         49
  C:243AH         LINE#         51
  C:2444H         LINE#         52
  -------         ENDPROC       TMR2_DISABLE
  -------         PROC          TIMR2_IRQHANDLER
  -------         DO            
  B:0021H.0       SYMBOL        is_white_light_open
  -------         ENDDO         
  C:19D8H         LINE#         55
  C:19F5H         LINE#         60
  C:19F5H         LINE#         62
  C:19FFH         LINE#         63
  C:19FFH         LINE#         64
  C:1A03H         LINE#         66
  C:1A1CH         LINE#         69
  C:1A2AH         LINE#         70
  C:1A2AH         LINE#         105
  C:1A2AH         LINE#         107
  C:1A2DH         LINE#         108
  C:1A2DH         LINE#         109
  C:1A30H         LINE#         110
  C:1A32H         LINE#         111
  C:1A32H         LINE#         113
  C:1A47H         LINE#         114
  C:1A47H         LINE#         116
  C:1A59H         LINE#         117
  C:1A59H         LINE#         118
  C:1A63H         LINE#         119
  C:1A6AH         LINE#         120
  C:1A6AH         LINE#         121
  C:1A6CH         LINE#         123
  C:1A6CH         LINE#         125
  C:1A71H         LINE#         126
  C:1A71H         LINE#         127
  C:1A73H         LINE#         128
  C:1A73H         LINE#         129
  C:1A82H         LINE#         130
  C:1A82H         LINE#         132
  C:1A94H         LINE#         133
  C:1A94H         LINE#         134
  C:1A9EH         LINE#         135
  C:1AAEH         LINE#         136
  C:1AAEH         LINE#         137
  C:1AB0H         LINE#         139
  C:1AB0H         LINE#         140
  C:1AB3H         LINE#         143
  C:1AB8H         LINE#         144
  C:1ABAH         LINE#         145
  C:1ABAH         LINE#         146
BL51 BANKED LINKER/LOCATER V6.22.4.0                                                  08/09/2024  10:34:59  PAGE 18


  C:1ABCH         LINE#         148
  C:1ABCH         LINE#         149
  C:1AC6H         LINE#         150
  C:1AC6H         LINE#         151
  C:1AC6H         LINE#         440
  C:1AC6H         LINE#         443
  C:1AC6H         LINE#         444
  -------         ENDPROC       TIMR2_IRQHANDLER
  -------         ENDMOD        TMR2

  -------         MODULE        ADC
  C:0000H         SYMBOL        _ICE_DUMMY_
  C:231BH         PUBLIC        adc_config
  C:1AE1H         PUBLIC        adc_getval
  D:0099H         PUBLIC        ADC_CHS0
  D:0093H         PUBLIC        ADC_DATAH0
  D:0094H         PUBLIC        ADC_DATAL0
  X:602EH         PUBLIC        adc_val
  C:239FH         PUBLIC        __adc_getval
  -------         PROC          ADC_CONFIG
  C:231BH         LINE#         7
  C:231BH         LINE#         8
  C:231BH         LINE#         10
  C:2321H         LINE#         13
  C:2328H         LINE#         14
  C:232CH         LINE#         15
  C:2330H         LINE#         17
  C:2336H         LINE#         22
  C:2339H         LINE#         25
  C:233FH         LINE#         27
  -------         ENDPROC       ADC_CONFIG
  -------         PROC          __ADC_GETVAL
  C:239FH         LINE#         31
  C:239FH         LINE#         32
  C:239FH         LINE#         33
  C:23A5H         LINE#         34
  C:23ABH         LINE#         36
  C:23AEH         LINE#         37
  C:23C1H         LINE#         38
  -------         ENDPROC       __ADC_GETVAL
  -------         PROC          ADC_GETVAL
  -------         DO            
  X:642DH         SYMBOL        cnt
  X:642EH         SYMBOL        g_temp_value
  X:6432H         SYMBOL        g_tmpbuff
  X:6436H         SYMBOL        g_adcmax
  X:643AH         SYMBOL        g_adcmin
  -------         ENDDO         
  C:1AE1H         LINE#         41
  C:1AE1H         LINE#         42
  C:1AE1H         LINE#         57
  C:1AE6H         LINE#         58
  C:1AEEH         LINE#         59
  C:1AF8H         LINE#         60
  C:1B02H         LINE#         61
  C:1B0CH         LINE#         63
  C:1B11H         LINE#         64
BL51 BANKED LINKER/LOCATER V6.22.4.0                                                  08/09/2024  10:34:59  PAGE 19


  C:1B11H         LINE#         65
  C:1B1DH         LINE#         66
  C:1B26H         LINE#         67
  C:1B26H         LINE#         68
  C:1B38H         LINE#         69
  C:1B44H         LINE#         70
  C:1B56H         LINE#         71
  C:1B62H         LINE#         72
  C:1B77H         LINE#         73
  C:1B83H         LINE#         74
  C:1B98H         LINE#         75
  C:1BADH         LINE#         76
  C:1BBEH         LINE#         78
  C:1BCCH         LINE#         79
  -------         ENDPROC       ADC_GETVAL
  -------         ENDMOD        ADC

  -------         MODULE        KNOB
  C:0000H         SYMBOL        _ICE_DUMMY_
  C:2516H         PUBLIC        knob_config
  C:187CH         PUBLIC        ___target_pwm_duty_update
  B:0090H.5       PUBLIC        P15
  B:0020H.4       SYMBOL        last_knob_on_off_pin
  B:0020H.5       SYMBOL        is_light_lowest_flag
  X:6451H         SYMBOL        last_adc_val
  C:050BH         PUBLIC        knob_handle
  -------         PROC          KNOB_CONFIG
  C:2516H         LINE#         11
  C:2516H         LINE#         12
  C:2516H         LINE#         14
  C:2519H         LINE#         16
  C:251CH         LINE#         18
  C:251FH         LINE#         19
  C:252EH         LINE#         20
  C:2532H         LINE#         21
  -------         ENDPROC       KNOB_CONFIG
  -------         PROC          ___TARGET_PWM_DUTY_UPDATE
  X:6428H         SYMBOL        __target_pwm_duty
  -------         DO            
  X:642AH         SYMBOL        target_pwm_duty
  -------         DO            
  X:642CH         SYMBOL        i
  -------         ENDDO         
  -------         ENDDO         
  C:187CH         LINE#         23
  C:1884H         LINE#         24
  C:1884H         LINE#         27
  C:1889H         LINE#         29
  C:188CH         LINE#         31
  C:18D4H         LINE#         33
  C:18D4H         LINE#         36
  C:18D7H         LINE#         37
  C:18D7H         LINE#         39
  C:18E6H         LINE#         43
  C:1907H         LINE#         46
  C:1914H         LINE#         49
  C:1914H         LINE#         50
BL51 BANKED LINKER/LOCATER V6.22.4.0                                                  08/09/2024  10:34:59  PAGE 20


  C:1923H         LINE#         51
  C:1923H         LINE#         52
  C:192AH         LINE#         53
  C:192AH         LINE#         54
  C:192CH         LINE#         55
  C:1933H         LINE#         56
  C:1933H         LINE#         57
  C:1942H         LINE#         58
  C:1942H         LINE#         59
  C:1949H         LINE#         60
  C:1949H         LINE#         61
  C:1949H         LINE#         63
  C:1958H         LINE#         64
  C:1958H         LINE#         65
  C:195DH         LINE#         66
  C:195EH         LINE#         67
  C:195EH         LINE#         68
  C:1961H         LINE#         69
  C:1975H         LINE#         70
  C:1975H         LINE#         71
  C:1977H         LINE#         72
  C:197CH         LINE#         73
  C:197CH         LINE#         74
  C:1988H         LINE#         76
  C:1992H         LINE#         77
  C:1992H         LINE#         78
  C:1998H         LINE#         79
  C:199AH         LINE#         81
  C:199AH         LINE#         82
  C:19A0H         LINE#         83
  C:19A0H         LINE#         85
  C:19A2H         LINE#         86
  C:19CBH         LINE#         87
  C:19CDH         LINE#         89
  C:19CDH         LINE#         90
  C:19CFH         LINE#         91
  C:19CFH         LINE#         93
  C:19D7H         LINE#         94
  -------         ENDPROC       ___TARGET_PWM_DUTY_UPDATE
  -------         PROC          KNOB_HANDLE
  -------         DO            
  X:6424H         SYMBOL        i
  X:6425H         SYMBOL        target_pwm_duty
  -------         DO            
  X:6427H         SYMBOL        i
  -------         ENDDO         
  -------         ENDDO         
  C:050BH         LINE#         97
  C:050BH         LINE#         98
  C:050BH         LINE#         99
  C:0510H         LINE#         103
  C:0514H         LINE#         112
  C:051DH         LINE#         113
  C:051DH         LINE#         115
  C:051DH         LINE#         116
  C:0523H         LINE#         117
  C:0523H         LINE#         118
BL51 BANKED LINKER/LOCATER V6.22.4.0                                                  08/09/2024  10:34:59  PAGE 21


  C:052EH         LINE#         119
  C:053AH         LINE#         120
  C:053AH         LINE#         122
  C:053AH         LINE#         126
  C:053EH         LINE#         129
  C:0545H         LINE#         130
  C:054AH         LINE#         131
  C:0555H         LINE#         132
  C:0558H         LINE#         133
  C:055BH         LINE#         134
  C:055DH         LINE#         135
  C:055FH         LINE#         138
  C:0561H         LINE#         139
  C:0566H         LINE#         141
  C:0566H         LINE#         142
  C:056FH         LINE#         143
  C:056FH         LINE#         144
  C:057AH         LINE#         145
  C:0586H         LINE#         146
  C:0586H         LINE#         148
  C:0586H         LINE#         151
  C:058FH         LINE#         153
  C:058FH         LINE#         155
  C:0592H         LINE#         156
  C:0594H         LINE#         157
  C:059BH         LINE#         158
  C:059BH         LINE#         160
  C:059BH         LINE#         161
  C:059DH         LINE#         162
  C:05A4H         LINE#         163
  C:05A4H         LINE#         165
  C:05A7H         LINE#         166
  C:05AAH         LINE#         167
  C:05ACH         LINE#         168
  C:05B3H         LINE#         169
  C:05B3H         LINE#         170
  C:05C3H         LINE#         171
  C:05C6H         LINE#         172
  C:05C9H         LINE#         174
  C:05CEH         LINE#         178
  C:05DDH         LINE#         179
  C:05DDH         LINE#         181
  C:05DFH         LINE#         182
  C:05E1H         LINE#         184
  C:05E1H         LINE#         186
  C:05E3H         LINE#         187
  C:05E3H         LINE#         188
  C:05E3H         LINE#         190
  C:05E5H         LINE#         191
  C:05EAH         LINE#         192
  C:05EAH         LINE#         194
  C:05EEH         LINE#         197
  C:05F1H         LINE#         205
  C:063FH         LINE#         207
  C:063FH         LINE#         211
  C:063FH         LINE#         213
  C:064EH         LINE#         217
BL51 BANKED LINKER/LOCATER V6.22.4.0                                                  08/09/2024  10:34:59  PAGE 22


  C:066FH         LINE#         220
  C:067CH         LINE#         223
  C:067CH         LINE#         224
  C:068BH         LINE#         225
  C:068BH         LINE#         226
  C:0692H         LINE#         227
  C:0692H         LINE#         228
  C:0694H         LINE#         229
  C:069BH         LINE#         230
  C:069BH         LINE#         231
  C:06AAH         LINE#         232
  C:06AAH         LINE#         233
  C:06B1H         LINE#         234
  C:06B1H         LINE#         235
  C:06B1H         LINE#         237
  C:06C0H         LINE#         239
  C:06C0H         LINE#         240
  C:06C5H         LINE#         241
  C:06C6H         LINE#         242
  C:06C6H         LINE#         243
  C:06C9H         LINE#         244
  C:06DDH         LINE#         245
  C:06DDH         LINE#         246
  C:06E0H         LINE#         248
  C:06E0H         LINE#         249
  C:06ECH         LINE#         251
  C:06F6H         LINE#         252
  C:06F6H         LINE#         253
  C:06FCH         LINE#         254
  C:06FEH         LINE#         256
  C:06FEH         LINE#         257
  C:0704H         LINE#         258
  C:0704H         LINE#         259
  C:0706H         LINE#         260
  C:072FH         LINE#         261
  C:0731H         LINE#         263
  C:0731H         LINE#         264
  C:0733H         LINE#         265
  C:0733H         LINE#         272
  C:0733H         LINE#         273
  C:0733H         LINE#         274
  C:0746H         LINE#         276
  C:074CH         LINE#         277
  C:074CH         LINE#         279
  C:0752H         LINE#         280
  C:0752H         LINE#         283
  C:0752H         LINE#         285
  C:0768H         LINE#         286
  C:0768H         LINE#         289
  C:076BH         LINE#         290
  C:076BH         LINE#         292
  C:076EH         LINE#         293
  C:0771H         LINE#         295
  C:0773H         LINE#         296
  C:0778H         LINE#         297
  C:0778H         LINE#         299
  C:0788H         LINE#         300
BL51 BANKED LINKER/LOCATER V6.22.4.0                                                  08/09/2024  10:34:59  PAGE 23


  C:0797H         LINE#         302
  C:0799H         LINE#         303
  C:079BH         LINE#         304
  C:07B0H         LINE#         305
  C:07B0H         LINE#         307
  C:07BDH         LINE#         308
  C:07CCH         LINE#         310
  C:07CEH         LINE#         311
  C:07D0H         LINE#         312
  C:07E7H         LINE#         313
  C:07E7H         LINE#         318
  C:07E7H         LINE#         319
  C:07E7H         LINE#         321
  C:07E9H         LINE#         322
  C:07ECH         LINE#         323
  C:07F2H         LINE#         324
  C:07F2H         LINE#         327
  C:07F8H         LINE#         328
  C:07F8H         LINE#         330
  C:080DH         LINE#         331
  C:080DH         LINE#         342
  C:081AH         LINE#         343
  C:0824H         LINE#         345
  C:0824H         LINE#         346
  C:0827H         LINE#         347
  C:083FH         LINE#         348
  C:083FH         LINE#         350
  C:084CH         LINE#         351
  C:0856H         LINE#         353
  C:0856H         LINE#         354
  C:0859H         LINE#         356
  C:0859H         LINE#         359
  C:0859H         LINE#         360
  C:0859H         LINE#         361
  C:0859H         LINE#         362
  C:0861H         LINE#         363
  C:0861H         LINE#         365
  C:0876H         LINE#         366
  C:0876H         LINE#         377
  C:0883H         LINE#         378
  C:088DH         LINE#         380
  C:088DH         LINE#         381
  C:088FH         LINE#         382
  C:08A7H         LINE#         383
  C:08A7H         LINE#         385
  C:08B4H         LINE#         386
  C:08BEH         LINE#         388
  C:08BEH         LINE#         389
  C:08C1H         LINE#         391
  C:08C1H         LINE#         394
  C:08C1H         LINE#         395
  C:08C1H         LINE#         396
  C:08C1H         LINE#         397
  C:08CCH         LINE#         398
  C:08CCH         LINE#         402
  C:08E1H         LINE#         403
  C:08E1H         LINE#         416
BL51 BANKED LINKER/LOCATER V6.22.4.0                                                  08/09/2024  10:34:59  PAGE 24


  C:08EEH         LINE#         417
  C:08F9H         LINE#         418
  C:0908H         LINE#         420
  C:090AH         LINE#         421
  C:090CH         LINE#         422
  C:0921H         LINE#         423
  C:0921H         LINE#         425
  C:092EH         LINE#         426
  C:0939H         LINE#         428
  C:0948H         LINE#         430
  C:094AH         LINE#         431
  C:094AH         LINE#         433
  C:094AH         LINE#         435
  C:094AH         LINE#         436
  C:094AH         LINE#         437
  C:094AH         LINE#         439
  C:094AH         LINE#         440
  C:094AH         LINE#         441
  C:094AH         LINE#         442
  C:094AH         LINE#         445
  C:0955H         LINE#         446
  C:0958H         LINE#         447
  -------         ENDPROC       KNOB_HANDLE
  -------         ENDMOD        KNOB

  -------         MODULE        MAIN
  C:0000H         SYMBOL        _ICE_DUMMY_
  C:0027H         PUBLIC        main
  D:00D9H         PUBLIC        WDT_KEY
  -------         PROC          MAIN
  C:0027H         LINE#         37
  C:0027H         LINE#         38
  C:0027H         LINE#         40
  C:002AH         LINE#         42
  C:002DH         LINE#         43
  C:0034H         LINE#         44
  C:0037H         LINE#         46
  C:003AH         LINE#         49
  -------         ENDPROC       MAIN
  -------         ENDMOD        MAIN

  -------         MODULE        TK_USER
  C:0000H         SYMBOL        _ICE_DUMMY_
  C:0060H         PUBLIC        user_handle
  C:26D1H         PUBLIC        user_init
  -------         PROC          USER_INIT
  C:26D1H         LINE#         155
  C:26D1H         LINE#         156
  C:26D1H         LINE#         164
  C:26D4H         LINE#         165
  C:26D7H         LINE#         166
  -------         ENDPROC       USER_INIT
  -------         PROC          USER_HANDLE
  -------         DO            
  X:6424H         SYMBOL        KeyOnOutput
  X:6444H         SYMBOL        KeyOld
  X:6448H         SYMBOL        long_touch_flag
BL51 BANKED LINKER/LOCATER V6.22.4.0                                                  08/09/2024  10:34:59  PAGE 25


  X:6449H         SYMBOL        cnt
  X:6428H         SYMBOL        i
  -------         ENDDO         
  C:0060H         LINE#         630
  C:0060H         LINE#         631
  C:0060H         LINE#         632
  C:006EH         LINE#         640
  C:0078H         LINE#         642
  C:00A2H         LINE#         643
  C:00A2H         LINE#         645
  C:00C3H         LINE#         646
  C:00C3H         LINE#         649
  C:00CEH         LINE#         650
  C:00D1H         LINE#         652
  C:00E5H         LINE#         653
  C:00E5H         LINE#         655
  C:00FEH         LINE#         658
  C:0110H         LINE#         659
  C:0110H         LINE#         660
  C:0115H         LINE#         661
  C:0115H         LINE#         663
  C:0115H         LINE#         665
  C:0115H         LINE#         666
  C:0115H         LINE#         667
  C:0115H         LINE#         669
  C:0115H         LINE#         672
  C:0115H         LINE#         673
  C:0115H         LINE#         674
  C:0127H         LINE#         675
  C:0127H         LINE#         676
  C:012DH         LINE#         677
  C:012FH         LINE#         678
  C:012FH         LINE#         679
  C:014BH         LINE#         681
  C:015DH         LINE#         682
  C:015DH         LINE#         683
  C:0163H         LINE#         684
  C:0166H         LINE#         686
  C:0166H         LINE#         688
  C:0170H         LINE#         691
  C:0182H         LINE#         692
  C:0182H         LINE#         695
  C:0196H         LINE#         696
  C:0196H         LINE#         697
  C:0199H         LINE#         698
  C:01A7H         LINE#         700
  C:01ACH         LINE#         701
  C:01AEH         LINE#         707
  C:01AEH         LINE#         708
  C:01C0H         LINE#         709
  C:01C0H         LINE#         712
  C:01D1H         LINE#         713
  C:01D1H         LINE#         714
  C:01D4H         LINE#         715
  C:01E2H         LINE#         717
  C:01E7H         LINE#         718
  C:01E9H         LINE#         724
BL51 BANKED LINKER/LOCATER V6.22.4.0                                                  08/09/2024  10:34:59  PAGE 26


  C:01ECH         LINE#         726
  C:01ECH         LINE#         727
  C:01FEH         LINE#         728
  C:01FEH         LINE#         734
  C:0212H         LINE#         735
  C:0212H         LINE#         736
  C:0215H         LINE#         737
  C:0223H         LINE#         739
  C:0228H         LINE#         740
  C:022AH         LINE#         746
  C:022AH         LINE#         747
  C:023CH         LINE#         748
  C:023CH         LINE#         754
  C:0250H         LINE#         755
  C:0250H         LINE#         756
  C:0253H         LINE#         757
  C:0261H         LINE#         759
  C:0266H         LINE#         760
  C:0268H         LINE#         766
  C:0268H         LINE#         767
  C:027AH         LINE#         768
  C:027AH         LINE#         774
  C:028EH         LINE#         775
  C:028EH         LINE#         776
  C:0291H         LINE#         777
  C:029FH         LINE#         779
  C:02A4H         LINE#         780
  C:02A6H         LINE#         786
  C:02A6H         LINE#         787
  C:02B8H         LINE#         788
  C:02B8H         LINE#         794
  C:02CCH         LINE#         795
  C:02CCH         LINE#         796
  C:02CFH         LINE#         797
  C:02DDH         LINE#         799
  C:02E2H         LINE#         800
  C:02E4H         LINE#         806
  C:02E4H         LINE#         807
  C:02E4H         LINE#         808
  C:02E4H         LINE#         811
  C:0302H         LINE#         812
  C:0302H         LINE#         813
  C:030EH         LINE#         817
  C:0323H         LINE#         818
  C:0323H         LINE#         825
  C:0337H         LINE#         826
  C:0337H         LINE#         827
  C:033AH         LINE#         828
  C:0348H         LINE#         831
  C:034BH         LINE#         832
  C:034BH         LINE#         833
  C:034EH         LINE#         834
  C:034EH         LINE#         836
  C:0351H         LINE#         837
  C:0351H         LINE#         839
  C:0360H         LINE#         840
  C:0360H         LINE#         841
BL51 BANKED LINKER/LOCATER V6.22.4.0                                                  08/09/2024  10:34:59  PAGE 27


  C:0360H         LINE#         842
  C:0360H         LINE#         843
  C:0362H         LINE#         851
  C:0362H         LINE#         853
  C:0371H         LINE#         854
  C:0371H         LINE#         855
  C:0371H         LINE#         856
  C:0371H         LINE#         857
  C:0373H         LINE#         859
  C:0373H         LINE#         861
  C:037EH         LINE#         862
  C:037EH         LINE#         863
  C:037EH         LINE#         864
  C:0381H         LINE#         865
  C:0387H         LINE#         866
  C:0387H         LINE#         868
  C:0387H         LINE#         869
  C:0387H         LINE#         870
  C:0387H         LINE#         871
  C:038AH         LINE#         872
  C:0390H         LINE#         873
  C:0390H         LINE#         876
  C:0396H         LINE#         877
  C:0396H         LINE#         879
  C:0399H         LINE#         880
  C:0399H         LINE#         892
  C:03ABH         LINE#         893
  C:03ABH         LINE#         894
  C:03AFH         LINE#         895
  C:03AFH         LINE#         896
  C:03B1H         LINE#         898
  C:03B1H         LINE#         900
  C:03B1H         LINE#         901
  C:03B1H         LINE#         903
  C:03B1H         LINE#         905
  C:03C3H         LINE#         906
  C:03C3H         LINE#         907
  C:03D0H         LINE#         908
  C:03DAH         LINE#         909
  C:03DDH         LINE#         911
  C:03DDH         LINE#         916
  C:03DDH         LINE#         917
  C:03DDH         LINE#         918
  C:03DDH         LINE#         919
  C:03E5H         LINE#         920
  C:03E5H         LINE#         922
  C:03E8H         LINE#         923
  C:03E8H         LINE#         934
  C:03FAH         LINE#         935
  C:03FAH         LINE#         936
  C:0407H         LINE#         937
  C:0411H         LINE#         938
  C:0414H         LINE#         940
  C:0414H         LINE#         942
  C:0414H         LINE#         943
  C:0414H         LINE#         945
  C:0414H         LINE#         947
BL51 BANKED LINKER/LOCATER V6.22.4.0                                                  08/09/2024  10:34:59  PAGE 28


  C:0426H         LINE#         948
  C:0426H         LINE#         949
  C:0433H         LINE#         950
  C:043DH         LINE#         953
  C:043FH         LINE#         955
  C:043FH         LINE#         961
  C:043FH         LINE#         962
  C:043FH         LINE#         963
  C:043FH         LINE#         964
  C:0447H         LINE#         965
  C:0447H         LINE#         967
  C:044AH         LINE#         968
  C:044AH         LINE#         982
  C:0459H         LINE#         983
  C:0459H         LINE#         984
  C:0466H         LINE#         985
  C:0471H         LINE#         986
  C:047BH         LINE#         989
  C:047DH         LINE#         991
  C:047DH         LINE#         993
  C:047DH         LINE#         994
  C:047DH         LINE#         996
  C:047DH         LINE#         998
  C:048CH         LINE#         999
  C:048CH         LINE#         1000
  C:0499H         LINE#         1001
  C:04A4H         LINE#         1002
  C:04B3H         LINE#         1006
  C:04B5H         LINE#         1008
  C:04B5H         LINE#         1015
  C:04B5H         LINE#         1016
  C:04B5H         LINE#         1017
  C:04B5H         LINE#         1018
  C:04BCH         LINE#         1019
  C:04BCH         LINE#         1021
  C:04BEH         LINE#         1022
  C:04C0H         LINE#         1023
  C:04C0H         LINE#         1024
  C:04C0H         LINE#         1028
  C:04C5H         LINE#         1030
  C:04D0H         LINE#         1031
  C:04D3H         LINE#         1034
  C:04D6H         LINE#         1035
  C:04D6H         LINE#         1037
  C:04D8H         LINE#         1038
  C:04D9H         LINE#         1040
  C:04D9H         LINE#         1042
  C:04DBH         LINE#         1043
  C:04DBH         LINE#         1044
  C:04DBH         LINE#         1045
  C:04DCH         LINE#         1046
  C:04F4H         LINE#         1047
  C:04F4H         LINE#         1078
  C:04F8H         LINE#         1079
  C:0500H         LINE#         1080
  C:050AH         LINE#         1081
  C:050AH         LINE#         1083
BL51 BANKED LINKER/LOCATER V6.22.4.0                                                  08/09/2024  10:34:59  PAGE 29


  -------         ENDPROC       USER_HANDLE
  -------         ENDMOD        TK_USER

  -------         MODULE        TK_SET
  C:0000H         SYMBOL        _ICE_DUMMY_
  C:235FH         PUBLIC        __tk_use_num
  C:2359H         PUBLIC        __tk_cs_en
  C:235DH         PUBLIC        __tk_nm_cm_value
  C:235BH         PUBLIC        __tk_nm_num
  C:2211H         PUBLIC        WUT_IRQHandler
  X:63DCH         PUBLIC        __tk_i_set
  C:235AH         PUBLIC        __tk_tp_en
  C:234AH         PUBLIC        __tk_adjust_line
  X:63E8H         PUBLIC        __tk_confirm_cnt
  C:234EH         PUBLIC        __tk_adjust_time
  C:2357H         PUBLIC        __tk_noise_value
  C:2353H         PUBLIC        __tk_valid_time
  C:2350H         PUBLIC        __tk_adjust_diff_valu
  C:235CH         PUBLIC        __tk_base_update_cnt
  X:63EEH         PUBLIC        __tk_update_cnt
  C:2257H         PUBLIC        TK_IRQHandler
  C:1714H         PUBLIC        tk_handle
  X:63F4H         PUBLIC        __tk_leave_cnt
  C:2360H         SYMBOL        TK_CH_EN_BUG
  D:00A8H         PUBLIC        IE0
  D:00A9H         PUBLIC        IE1
  D:00AAH         PUBLIC        IE2
  D:00ABH         PUBLIC        IE3
  C:2352H         PUBLIC        __tk_adjust_en
  X:63FAH         PUBLIC        __tk_ch_index
  D:00B8H         PUBLIC        IP0
  D:00B1H         PUBLIC        IP1
  D:00B2H         PUBLIC        IP2
  C:1185H         PUBLIC        tk_gpio_config
  D:00B3H         PUBLIC        IP3
  D:00B4H         PUBLIC        IP4
  D:00B5H         PUBLIC        IP5
  D:00B6H         PUBLIC        IP6
  D:00B7H         PUBLIC        IP7
  X:6000H         PUBLIC        __tk_ch_data_0
  X:600CH         PUBLIC        __tk_ch_data_1
  X:6018H         PUBLIC        __tk_ch_data_2
  X:6030H         PUBLIC        __tk_ch_data_3
  X:603CH         PUBLIC        __tk_ch_data_4
  X:6400H         PUBLIC        __tk_ch_data_5
  X:640CH         PUBLIC        __tk_ch_data_6
  C:1D49H         PUBLIC        tk_param_init
  C:235EH         PUBLIC        __tk_cm_valu
  C:2355H         PUBLIC        __tk_long_key_time
  X:6418H         PUBLIC        __tk_ch_fth
  B:00A8H.7       PUBLIC        IE_EA
  C:21C2H         PUBLIC        tk_init
  -------         PROC          TK_GPIO_CONFIG
  -------         DO            
  D:0007H         SYMBOL        i
  -------         ENDDO         
  C:1185H         LINE#         263
BL51 BANKED LINKER/LOCATER V6.22.4.0                                                  08/09/2024  10:34:59  PAGE 30


  C:1185H         LINE#         264
  C:1185H         LINE#         265
  C:1187H         LINE#         267
  C:1187H         LINE#         268
  C:1187H         LINE#         270
  C:119AH         LINE#         271
  C:119AH         LINE#         272
  C:11AAH         LINE#         273
  C:11AAH         LINE#         274
  C:11CDH         LINE#         275
  C:11EBH         LINE#         276
  C:11EEH         LINE#         278
  C:11EEH         LINE#         279
  C:1213H         LINE#         280
  C:1233H         LINE#         281
  C:1233H         LINE#         282
  C:1236H         LINE#         283
  C:125CH         LINE#         284
  C:125CH         LINE#         285
  C:126CH         LINE#         286
  C:126CH         LINE#         287
  C:1291H         LINE#         288
  C:12B1H         LINE#         289
  C:12B4H         LINE#         291
  C:12B4H         LINE#         292
  C:12D9H         LINE#         293
  C:12F9H         LINE#         294
  C:12F9H         LINE#         295
  C:12FCH         LINE#         297
  C:12FCH         LINE#         298
  C:130CH         LINE#         299
  C:130CH         LINE#         300
  C:1331H         LINE#         301
  C:1351H         LINE#         302
  C:1353H         LINE#         304
  C:1353H         LINE#         305
  C:1378H         LINE#         306
  C:139CH         LINE#         307
  C:139CH         LINE#         308
  C:139CH         LINE#         309
  C:13A5H         LINE#         310
  -------         ENDPROC       TK_GPIO_CONFIG
  -------         PROC          TK_IRQHANDLER
  C:2257H         LINE#         317
  C:2274H         LINE#         319
  C:2274H         LINE#         320
  C:227AH         LINE#         321
  C:227AH         LINE#         322
  C:227EH         LINE#         323
  C:2281H         LINE#         324
  C:2281H         LINE#         325
  C:2281H         LINE#         326
  -------         ENDPROC       TK_IRQHANDLER
  -------         PROC          TK_INIT
  C:21C2H         LINE#         333
  C:21C2H         LINE#         334
  C:21C2H         LINE#         335
BL51 BANKED LINKER/LOCATER V6.22.4.0                                                  08/09/2024  10:34:59  PAGE 31


  C:21C4H         LINE#         336
  C:21C7H         LINE#         337
  C:21CAH         LINE#         338
  C:21D1H         LINE#         339
  C:21D4H         LINE#         340
  C:21D9H         LINE#         341
  C:21DDH         LINE#         342
  C:21E2H         LINE#         343
  C:21E6H         LINE#         344
  C:21EBH         LINE#         345
  C:21EFH         LINE#         346
  C:21F4H         LINE#         347
  C:21F8H         LINE#         348
  C:21FBH         LINE#         349
  C:21FDH         LINE#         350
  C:21FFH         LINE#         351
  C:2204H         LINE#         352
  C:2208H         LINE#         353
  C:220CH         LINE#         354
  C:2210H         LINE#         355
  -------         ENDPROC       TK_INIT
  -------         PROC          WUT_IRQHANDLER
  C:2211H         LINE#         362
  C:222EH         LINE#         365
  C:222EH         LINE#         367
  C:2235H         LINE#         368
  C:2235H         LINE#         369
  C:2239H         LINE#         370
  C:223CH         LINE#         371
  C:223CH         LINE#         374
  C:223CH         LINE#         375
  -------         ENDPROC       WUT_IRQHANDLER
  -------         PROC          TK_PARAM_INIT
  -------         DO            
  D:0003H         SYMBOL        i
  -------         ENDDO         
  C:1D49H         LINE#         404
  C:1D49H         LINE#         405
  C:1D49H         LINE#         406
  C:1D4BH         LINE#         409
  C:1D4BH         LINE#         410
  C:1D4BH         LINE#         411
  C:1D69H         LINE#         412
  C:1D8FH         LINE#         413
  C:1DA1H         LINE#         414
  C:1DCEH         LINE#         415
  C:1DD7H         LINE#         418
  C:1DDAH         LINE#         421
  C:1DDDH         LINE#         424
  -------         ENDPROC       TK_PARAM_INIT
  -------         PROC          TK_HANDLE
  C:1714H         LINE#         435
  C:1714H         LINE#         436
  C:1714H         LINE#         438
  C:1717H         LINE#         441
  C:171AH         LINE#         443
  C:171DH         LINE#         444
BL51 BANKED LINKER/LOCATER V6.22.4.0                                                  08/09/2024  10:34:59  PAGE 32


  C:1720H         LINE#         455
  C:1723H         LINE#         456
  C:1723H         LINE#         457
  C:1726H         LINE#         458
  C:1726H         LINE#         461
  C:1726H         LINE#         462
  C:1726H         LINE#         464
  C:1729H         LINE#         467
  C:172CH         LINE#         469
  C:172FH         LINE#         472
  C:1732H         LINE#         473
  C:1732H         LINE#         474
  C:1734H         LINE#         477
  C:1737H         LINE#         478
  C:1737H         LINE#         479
  C:173AH         LINE#         480
  C:173AH         LINE#         483
  C:1740H         LINE#         489
  C:1742H         LINE#         490
  C:1747H         LINE#         493
  C:1749H         LINE#         494
  C:174BH         LINE#         496
  C:174BH         LINE#         499
  C:1751H         LINE#         505
  C:1753H         LINE#         506
  C:1758H         LINE#         508
  C:1764H         LINE#         509
  C:1764H         LINE#         511
  C:1766H         LINE#         512
  C:1768H         LINE#         514
  C:1768H         LINE#         516
  C:176AH         LINE#         517
  C:176AH         LINE#         518
  C:176AH         LINE#         519
  C:176CH         LINE#         521
  C:176CH         LINE#         522
  C:1774H         LINE#         523
  C:1774H         LINE#         524
  C:1784H         LINE#         525
  C:1787H         LINE#         526
  C:178AH         LINE#         528
  C:178FH         LINE#         529
  C:1791H         LINE#         530
  C:1795H         LINE#         532
  C:17A1H         LINE#         533
  C:17A1H         LINE#         535
  C:17A3H         LINE#         536
  C:17A5H         LINE#         538
  C:17A5H         LINE#         540
  C:17A7H         LINE#         541
  C:17A7H         LINE#         542
  C:17AAH         LINE#         543
  C:17B0H         LINE#         544
  C:17B0H         LINE#         545
  C:17BFH         LINE#         547
  C:17C5H         LINE#         548
  C:17C8H         LINE#         550
BL51 BANKED LINKER/LOCATER V6.22.4.0                                                  08/09/2024  10:34:59  PAGE 33


  C:17D3H         LINE#         551
  C:17D6H         LINE#         553
  C:17DCH         LINE#         554
  C:17DEH         LINE#         555
  C:17E3H         LINE#         557
  C:17EFH         LINE#         558
  C:17EFH         LINE#         560
  C:17F1H         LINE#         561
  C:17F4H         LINE#         563
  C:17F4H         LINE#         565
  C:17F6H         LINE#         566
  C:17F6H         LINE#         567
  C:17F9H         LINE#         568
  C:1801H         LINE#         569
  C:1801H         LINE#         570
  C:1811H         LINE#         571
  C:1814H         LINE#         572
  C:181FH         LINE#         574
  C:1822H         LINE#         576
  C:1828H         LINE#         577
  C:182AH         LINE#         578
  C:182FH         LINE#         580
  C:183BH         LINE#         581
  C:183BH         LINE#         583
  C:183DH         LINE#         584
  C:1840H         LINE#         586
  C:1840H         LINE#         588
  C:1842H         LINE#         589
  C:1842H         LINE#         590
  C:1845H         LINE#         591
  C:1850H         LINE#         592
  C:1850H         LINE#         593
  C:1856H         LINE#         594
  C:185BH         LINE#         595
  C:1866H         LINE#         596
  C:1869H         LINE#         597
  C:186CH         LINE#         599
  C:1872H         LINE#         600
  C:1874H         LINE#         601
  C:1879H         LINE#         605
  C:1879H         LINE#         606
  C:1879H         LINE#         607
  C:1879H         LINE#         619
  -------         ENDPROC       TK_HANDLE
  -------         ENDMOD        TK_SET

  -------         MODULE        SEND_DATA
  C:0000H         SYMBOL        _ICE_DUMMY_
  C:229CH         PUBLIC        _send_key_status
  -------         PROC          _SEND_KEY_STATUS
  D:0007H         SYMBOL        key_index
  -------         DO            
  D:0005H         SYMBOL        tmp
  X:642CH         SYMBOL        send_datas
  -------         ENDDO         
  C:229CH         LINE#         12
  C:229CH         LINE#         13
BL51 BANKED LINKER/LOCATER V6.22.4.0                                                  08/09/2024  10:34:59  PAGE 34


  C:229CH         LINE#         14
  C:229DH         LINE#         15
  C:22A3H         LINE#         16
  C:22B3H         LINE#         17
  C:22BAH         LINE#         18
  C:22C8H         LINE#         19
  C:22CDH         LINE#         20
  C:22D5H         LINE#         21
  -------         ENDPROC       _SEND_KEY_STATUS
  -------         ENDMOD        SEND_DATA

  -------         MODULE        MY_SYS
  C:0000H         SYMBOL        _ICE_DUMMY_
  X:6024H         PUBLIC        light_control_flag
  B:0020H.0       PUBLIC        light_on_off_status
  B:0020H.1       PUBLIC        is_touch_key_light_press
  X:6025H         PUBLIC        cur_pwm_duty
  B:0020H.2       PUBLIC        light_adjust_add_sub_flag
  B:0020H.3       PUBLIC        light_ctl_mode
  X:6027H         PUBLIC        light_muilty_cur_status
  X:6028H         PUBLIC        cur_yellow_duty
  X:602AH         PUBLIC        cur_white_duty
  X:602CH         PUBLIC        cur_yellow_white_duty
  -------         ENDMOD        MY_SYS

  -------         MODULE        TK_LIB
  C:0000H         SYMBOL        _ICE_DUMMY_
  D:003CH         PUBLIC        __tk_ch_en
  C:0959H         SYMBOL        __tk_data_process
  C:22DEH         SYMBOL        __tk_mode_config
  D:0014H         PUBLIC        UNION_ADDR
  D:001CH         PUBLIC        __tk_flag_static
  D:0066H         PUBLIC        __tk_lib_union_i
  D:0060H         PUBLIC        __tk_normal_updata_cnt
  C:1EFFH         SYMBOL        ___tk_set_next_ch
  D:0034H         PUBLIC        __tk_flag
  D:0038H         PUBLIC        __tk_lib_tk_cnt
  C:26DAH         PUBLIC        __tk_ms_handler
  B:0020H.6       PUBLIC        __tk_adjust_done_peng
[...]


  D:008AH         PUBLIC        MDU_ADR0
  C:1CAEH         PUBLIC        __tk_lib_init
  D:008BH         PUBLIC        MDU_ADR1
  X:63D9H         PUBLIC        __tk_p_data_process
  D:008CH         PUBLIC        MDU_ADR2
  B:0088H.0       PUBLIC        MDU_EN
  B:0020H.7       PUBLIC        __tk_long_key_flag
  D:0088H         PUBLIC        MDU_CTL0
  D:0089H         PUBLIC        MDU_CTL1
  D:0062H         PUBLIC        __tk_ms_flag
  C:1DE0H         SYMBOL        __tk_baseline_init
  C:13A6H         SYMBOL        __tk_button_decide
  C:207FH         PUBLIC        __tk_handler
  C:155FH         SYMBOL        ___tk_lib_i_adjust
  D:0063H         PUBLIC        __tk_cm_cnt
  -------         PROC          __TK_MODE_CONFIG
  C:22DEH         LINE#         262
  C:22DEH         LINE#         263
  C:22DEH         LINE#         264
  C:22E1H         LINE#         265
  C:22F0H         LINE#         266
  C:22F6H         LINE#         267
  C:22FAH         LINE#         268
  C:22FEH         LINE#         269
  C:2302H         LINE#         270
  C:2306H         LINE#         272
  C:2316H         LINE#         273
  -------         ENDPROC       __TK_MODE_CONFIG
  -------         PROC          ___TK_MODE_CARRY_FUNC
  X:642CH         SYMBOL        ch_index
  C:0F33H         LINE#         283
  C:0F38H         LINE#         284
  C:0F38H         LINE#         285
  C:0F46H         LINE#         286
  C:0F52H         LINE#         288
  C:0F65H         LINE#         289
  C:0F75H         LINE#         291
  C:0F80H         LINE#         292
  C:0FA9H         LINE#         293
  C:0FDAH         LINE#         294
  C:101AH         LINE#         295
  C:104AH         LINE#         296
  C:1070H         LINE#         297
  C:108CH         LINE#         299
  C:10A7H         LINE#         300
  C:10BEH         LINE#         301
  C:10CBH         LINE#         302
  C:10CBH         LINE#         304
  C:10E3H         LINE#         305
  C:10F4H         LINE#         306
  C:10F7H         LINE#         307
  C:10FFH         LINE#         308
  C:1113H         LINE#         309
  C:1126H         LINE#         310
  C:112BH         LINE#         311
  C:112EH         LINE#         312
  C:1131H         LINE#         313
BL51 BANKED LINKER/LOCATER V6.22.4.0                                                  08/09/2024  10:34:59  PAGE 36


  C:1134H         LINE#         314
  C:1134H         LINE#         315
  C:1135H         LINE#         321
  C:1138H         LINE#         322
  C:1165H         LINE#         323
  C:1184H         LINE#         324
  C:1184H         LINE#         325
  C:1184H         LINE#         326
  -------         ENDPROC       ___TK_MODE_CARRY_FUNC
  -------         PROC          __TK_DATA_PROCESS
  C:0959H         LINE#         333
  C:0959H         LINE#         334
  C:0959H         LINE#         335
  C:096BH         LINE#         338
  C:0984H         LINE#         339
  C:0987H         LINE#         341
  C:099DH         LINE#         342
  C:09A0H         LINE#         347
  C:09D2H         LINE#         348
  C:09DFH         LINE#         349
  C:09E2H         LINE#         350
  C:09E5H         LINE#         351
  C:09E5H         LINE#         352
  C:09E7H         LINE#         353
  C:09EAH         LINE#         354
  C:09EAH         LINE#         356
  C:09EFH         LINE#         357
  C:0A00H         LINE#         358
  C:0A11H         LINE#         359
  C:0A14H         LINE#         363
  C:0A2AH         LINE#         364
  C:0A2DH         LINE#         365
  C:0A3DH         LINE#         366
  C:0A5DH         LINE#         369
  C:0A74H         LINE#         370
  C:0A77H         LINE#         371
  C:0A87H         LINE#         372
  C:0AA7H         LINE#         377
  C:0AA7H         LINE#         378
  C:0AC5H         LINE#         380
  C:0AFFH         LINE#         381
  C:0AFFH         LINE#         382
  C:0AFFH         LINE#         383
  C:0B36H         LINE#         384
  C:0B44H         LINE#         385
  C:0B5CH         LINE#         386
  C:0B69H         LINE#         387
  C:0B8DH         LINE#         388
  C:0BB1H         LINE#         389
  C:0BB1H         LINE#         390
  C:0BB3H         LINE#         391
  C:0BC0H         LINE#         392
  C:0BC0H         LINE#         397
  C:0BE2H         LINE#         398
  C:0BE5H         LINE#         399
  C:0BF5H         LINE#         401
  C:0C0DH         LINE#         402
BL51 BANKED LINKER/LOCATER V6.22.4.0                                                  08/09/2024  10:34:59  PAGE 37


  C:0C10H         LINE#         404
  C:0C27H         LINE#         405
  C:0C2AH         LINE#         409
  C:0C4BH         LINE#         410
  C:0C4EH         LINE#         411
  C:0C5EH         LINE#         413
  C:0C76H         LINE#         414
  C:0C79H         LINE#         416
  C:0C8FH         LINE#         417
  C:0C92H         LINE#         422
  C:0C97H         LINE#         423
  -------         ENDPROC       __TK_DATA_PROCESS
  -------         PROC          __TK_BUTTON_DECIDE
  C:13A6H         LINE#         430
  C:13A6H         LINE#         431
  C:13A6H         LINE#         432
  C:13B8H         LINE#         433
  C:13D6H         LINE#         434
  C:1408H         LINE#         435
  C:1415H         LINE#         436
  C:141AH         LINE#         437
  C:148FH         LINE#         438
  C:148FH         LINE#         439
  C:149CH         LINE#         440
  C:14AAH         LINE#         442
  C:14BEH         LINE#         443
  C:14CBH         LINE#         444
  C:14F8H         LINE#         445
  C:151CH         LINE#         446
  C:154AH         LINE#         447
  C:154AH         LINE#         448
  C:154CH         LINE#         449
  C:1559H         LINE#         450
  C:1559H         LINE#         451
  C:155EH         LINE#         452
  -------         ENDPROC       __TK_BUTTON_DECIDE
  -------         PROC          __TK_BASELINE_UPDATE
  C:1F83H         LINE#         459
  C:1F83H         LINE#         460
  C:1F83H         LINE#         461
  C:1F92H         LINE#         462
  C:1FA3H         LINE#         463
  C:1FB4H         LINE#         464
  C:1FD8H         LINE#         465
  C:1FFCH         LINE#         466
  C:2000H         LINE#         467
  -------         ENDPROC       __TK_BASELINE_UPDATE
  -------         PROC          __TK_BASELINE_INIT
  -------         DO            
  X:6048H         SYMBOL        init_flag
  -------         ENDDO         
  C:1DE0H         LINE#         474
  C:1DE0H         LINE#         475
  C:1DE0H         LINE#         478
  C:1DEFH         LINE#         479
  C:1DFFH         LINE#         480
  C:1E08H         LINE#         481
BL51 BANKED LINKER/LOCATER V6.22.4.0                                                  08/09/2024  10:34:59  PAGE 38


  C:1E2DH         LINE#         482
  C:1E2DH         LINE#         483
  C:1E52H         LINE#         484
  C:1E52H         LINE#         485
  C:1E56H         LINE#         487
  C:1E63H         LINE#         488
  C:1E66H         LINE#         489
  C:1E68H         LINE#         490
  C:1E6EH         LINE#         491
  C:1E6EH         LINE#         493
  -------         ENDPROC       __TK_BASELINE_INIT
  -------         PROC          __TK_LONG_KEY_CLEAR
  -------         DO            
  X:6049H         SYMBOL        __tk_long_cnt
  -------         ENDDO         
  C:2001H         LINE#         501
  C:2001H         LINE#         502
  C:2001H         LINE#         505
  C:2014H         LINE#         506
  C:2022H         LINE#         507
  C:203CH         LINE#         508
  C:2040H         LINE#         509
  C:2048H         LINE#         510
  C:2050H         LINE#         511
  C:2058H         LINE#         512
  C:205AH         LINE#         513
  C:205DH         LINE#         514
  C:2074H         LINE#         515
  C:2076H         LINE#         516
  C:2076H         LINE#         517
  C:2077H         LINE#         518
  C:207EH         LINE#         519
  C:207EH         LINE#         520
  -------         ENDPROC       __TK_LONG_KEY_CLEAR
  -------         PROC          ___TK_LIB_I_ADJUST
  X:643FH         SYMBOL        i_ch
  X:6440H         SYMBOL        adjust_line
  -------         DO            
  X:604BH         SYMBOL        sta_finish
  X:604CH         SYMBOL        n_sta
  X:604DH         SYMBOL        p_sta
  X:604EH         SYMBOL        min_iset
  X:604FH         SYMBOL        min_diff
  D:0022H         SYMBOL        diff
  D:0026H         SYMBOL        temp
  -------         ENDDO         
  C:155FH         LINE#         528
  C:1564H         LINE#         529
  C:1564H         LINE#         537
  C:1577H         LINE#         538
  C:157CH         LINE#         539
  C:1580H         LINE#         540
  C:1589H         LINE#         541
  C:158CH         LINE#         542
  C:158FH         LINE#         545
  C:15CCH         LINE#         546
  C:15F7H         LINE#         547
BL51 BANKED LINKER/LOCATER V6.22.4.0                                                  08/09/2024  10:34:59  PAGE 39


  C:160DH         LINE#         548
  C:160DH         LINE#         550
  C:1624H         LINE#         551
  C:163AH         LINE#         552
  C:163DH         LINE#         553
  C:163FH         LINE#         555
  C:1652H         LINE#         557
  C:166EH         LINE#         558
  C:1681H         LINE#         559
  C:1684H         LINE#         560
  C:1684H         LINE#         561
  C:1686H         LINE#         563
  C:16A2H         LINE#         564
  C:16B5H         LINE#         565
  C:16BBH         LINE#         566
  C:16BBH         LINE#         567
  C:16BBH         LINE#         568
  C:16BBH         LINE#         569
  C:16C9H         LINE#         570
  C:16CDH         LINE#         571
  C:16CFH         LINE#         572
  C:16D4H         LINE#         573
  C:16D4H         LINE#         575
  C:16DCH         LINE#         576
  C:16F5H         LINE#         577
  C:16FDH         LINE#         578
  C:1703H         LINE#         579
  C:1708H         LINE#         580
  C:170AH         LINE#         581
  C:170EH         LINE#         582
  C:1711H         LINE#         583
  C:1711H         LINE#         585
  C:1713H         LINE#         586
  -------         ENDPROC       ___TK_LIB_I_ADJUST
  -------         PROC          __TK_I_SOURCE_ADJUST
  -------         DO            
  X:643EH         SYMBOL        result
  -------         ENDDO         
  C:2160H         LINE#         593
  C:2160H         LINE#         594
  C:2160H         LINE#         595
  C:2165H         LINE#         597
  C:217EH         LINE#         598
  C:2180H         LINE#         600
  C:2185H         LINE#         601
  C:2188H         LINE#         602
  C:218EH         LINE#         603
  C:218EH         LINE#         605
  C:219AH         LINE#         606
  C:219DH         LINE#         607
  C:21A0H         LINE#         608
  C:21A0H         LINE#         609
  C:21A0H         LINE#         611
  C:21B7H         LINE#         612
  C:21B9H         LINE#         613
  C:21BCH         LINE#         614
  C:21BCH         LINE#         615
BL51 BANKED LINKER/LOCATER V6.22.4.0                                                  08/09/2024  10:34:59  PAGE 40


  C:21C1H         LINE#         616
  C:21C1H         LINE#         617
  -------         ENDPROC       __TK_I_SOURCE_ADJUST
  -------         PROC          ___TK_SET_NEXT_CH
  D:0007H         SYMBOL        kick_type
  C:1EFFH         LINE#         625
  C:1EFFH         LINE#         626
  C:1EFFH         LINE#         627
  C:1F02H         LINE#         629
  C:1F20H         LINE#         630
  C:1F26H         LINE#         631
  C:1F2AH         LINE#         632
  C:1F2EH         LINE#         633
  C:1F32H         LINE#         634
  C:1F36H         LINE#         636
  C:1F50H         LINE#         638
  C:1F60H         LINE#         639
  C:1F60H         LINE#         640
  C:1F62H         LINE#         642
  C:1F7CH         LINE#         643
  C:1F82H         LINE#         644
  C:1F82H         LINE#         645
  -------         ENDPROC       ___TK_SET_NEXT_CH
  -------         PROC          __TK_LIB_INIT
  -------         DO            
  X:6424H         SYMBOL        i
  -------         ENDDO         
  C:1CAEH         LINE#         652
  C:1CAEH         LINE#         653
  C:1CAEH         LINE#         655
  C:1CF6H         LINE#         656
  C:1D04H         LINE#         658
  C:1D07H         LINE#         659
  C:1D0FH         LINE#         660
  C:1D11H         LINE#         661
  C:1D13H         LINE#         662
  C:1D1BH         LINE#         663
  C:1D23H         LINE#         664
  C:1D2BH         LINE#         665
  C:1D41H         LINE#         666
  C:1D44H         LINE#         667
  -------         ENDPROC       __TK_LIB_INIT
  -------         PROC          __TK_HANDLER
  C:207FH         LINE#         675
  C:207FH         LINE#         676
  C:207FH         LINE#         677
  C:2084H         LINE#         678
  C:2088H         LINE#         679
  C:20AFH         LINE#         682
  C:20B2H         LINE#         683
  C:20B9H         LINE#         684
  C:20BBH         LINE#         685
  C:20BEH         LINE#         686
  C:20BEH         LINE#         687
  C:20C1H         LINE#         688
  C:20C1H         LINE#         689
  C:20C1H         LINE#         690
BL51 BANKED LINKER/LOCATER V6.22.4.0                                                  08/09/2024  10:34:59  PAGE 41


  C:20C3H         LINE#         691
  C:20CFH         LINE#         692
  C:20DFH         LINE#         693
  C:20E2H         LINE#         694
  C:20E7H         LINE#         696
  C:20EAH         LINE#         697
  C:20EAH         LINE#         699
  C:20EDH         LINE#         700
  C:20EDH         LINE#         701
  C:20EEH         LINE#         702
  C:20F3H         LINE#         703
  C:20F3H         LINE#         704
  C:20F3H         LINE#         705
  -------         ENDPROC       __TK_HANDLER
  -------         PROC          __TK_MS_HANDLER
  C:26DAH         LINE#         712
  C:26DAH         LINE#         713
  C:26DAH         LINE#         714
  C:26DCH         LINE#         716
  -------         ENDPROC       __TK_MS_HANDLER
  -------         PROC          __TK_SCAN
  C:2445H         LINE#         724
  C:2445H         LINE#         725
  C:2445H         LINE#         727
  C:244AH         LINE#         730
  C:2456H         LINE#         735
  C:2459H         LINE#         739
  C:245CH         LINE#         740
  C:2461H         LINE#         741
  C:2464H         LINE#         742
  C:2464H         LINE#         743
  -------         ENDPROC       __TK_SCAN
  -------         ENDMOD        TK_LIB

  -------         MODULE        ?C?IMUL
  C:0C98H         PUBLIC        ?C?IMUL
  -------         ENDMOD        ?C?IMUL

  -------         MODULE        ?C?UIDIV
  C:0CAAH         PUBLIC        ?C?UIDIV
  -------         ENDMOD        ?C?UIDIV

  -------         MODULE        ?C?IILDX
  C:0CFFH         PUBLIC        ?C?IILDX
  -------         ENDMOD        ?C?IILDX

  -------         MODULE        ?C?LADD
  C:0D15H         PUBLIC        ?C?LADD
  -------         ENDMOD        ?C?LADD

  -------         MODULE        ?C?LSUB
  C:0D22H         PUBLIC        ?C?LSUB
  -------         ENDMOD        ?C?LSUB

  -------         MODULE        ?C?ULDIV
  C:0D6CH         PUBLIC        ?C?ULDIV
  -------         ENDMOD        ?C?ULDIV
BL51 BANKED LINKER/LOCATER V6.22.4.0                                                  08/09/2024  10:34:59  PAGE 42



  -------         MODULE        ?C?LNOT
  C:0DFEH         PUBLIC        ?C?LNOT
  -------         ENDMOD        ?C?LNOT

  -------         MODULE        ?C?LNEG
  C:0E0BH         PUBLIC        ?C?LNEG
  -------         ENDMOD        ?C?LNEG

  -------         MODULE        ?C?SLCMP
  C:0E19H         PUBLIC        ?C?SLCMP
  -------         ENDMOD        ?C?SLCMP

  -------         MODULE        ?C?ULCMP
  C:0E2FH         PUBLIC        ?C?ULCMP
  -------         ENDMOD        ?C?ULCMP

  -------         MODULE        ?C?ULSHR
  C:0E40H         PUBLIC        ?C?ULSHR
  -------         ENDMOD        ?C?ULSHR

  -------         MODULE        ?C?LSHL
  C:0E53H         PUBLIC        ?C?LSHL
  -------         ENDMOD        ?C?LSHL

  -------         MODULE        ?C?LLDXDATA
  C:0E66H         PUBLIC        ?C?LLDXDATA
  -------         ENDMOD        ?C?LLDXDATA

  -------         MODULE        ?C?LLDCODE
  C:0E72H         PUBLIC        ?C?LLDCODE
  -------         ENDMOD        ?C?LLDCODE

  -------         MODULE        ?C?LLDXDATA0
  C:0E82H         PUBLIC        ?C?LLDXDATA0
  -------         ENDMOD        ?C?LLDXDATA0

  -------         MODULE        ?C?LLDIXDATA
  C:0E97H         PUBLIC        ?C?LLDIXDATA
  C:0E8EH         PUBLIC        ?C?LLDIXDATA1
  C:0E90H         PUBLIC        ?C?LLDIXDATA8
  -------         ENDMOD        ?C?LLDIXDATA

  -------         MODULE        ?C?LSTXDATA
  C:0EC3H         PUBLIC        ?C?LSTXDATA
  -------         ENDMOD        ?C?LSTXDATA

  -------         MODULE        ?C?LSTKXDATA
  C:0ECFH         PUBLIC        ?C?LSTKXDATA
  -------         ENDMOD        ?C?LSTKXDATA

  -------         MODULE        ?C?ICALL
  C:0F00H         PUBLIC        ?C?ICALL
  C:0F04H         PUBLIC        ?C?ICALL2
  -------         ENDMOD        ?C?ICALL

  -------         MODULE        ?C?LIMUL
BL51 BANKED LINKER/LOCATER V6.22.4.0                                                  08/09/2024  10:34:59  PAGE 43


  C:0F06H         PUBLIC        ?C?LIMUL
  -------         ENDMOD        ?C?LIMUL

*** WARNING L16: UNCALLED SEGMENT, IGNORED FOR OVERLAY PROCESS
    SEGMENT: ?PR?OUTPUT_PIN_INIT?MY_GPIO

*** WARNING L16: UNCALLED SEGMENT, IGNORED FOR OVERLAY PROCESS
    SEGMENT: ?PR?P11_OUTPUT_CONFIG?MY_GPIO

*** WARNING L16: UNCALLED SEGMENT, IGNORED FOR OVERLAY PROCESS
    SEGMENT: ?PR?P12_OUTPUT_CONFIG?MY_GPIO

*** WARNING L16: UNCALLED SEGMENT, IGNORED FOR OVERLAY PROCESS
    SEGMENT: ?PR?P01_OUTPUT_CONFIG?MY_GPIO

*** WARNING L16: UNCALLED SEGMENT, IGNORED FOR OVERLAY PROCESS
    SEGMENT: ?PR?P24_OUTPUT_CONFIG?MY_GPIO

*** WARNING L16: UNCALLED SEGMENT, IGNORED FOR OVERLAY PROCESS
    SEGMENT: ?PR?P25_OUTPUT_CONFIG?MY_GPIO

*** WARNING L16: UNCALLED SEGMENT, IGNORED FOR OVERLAY PROCESS
    SEGMENT: ?PR?P26_OUTPUT_CONFIG?MY_GPIO

*** WARNING L16: UNCALLED SEGMENT, IGNORED FOR OVERLAY PROCESS
    SEGMENT: ?PR?P06_INPUT_CONFIG?MY_GPIO

*** WARNING L16: UNCALLED SEGMENT, IGNORED FOR OVERLAY PROCESS
    SEGMENT: ?PR?P07_INPUT_CONFIG?MY_GPIO

*** WARNING L16: UNCALLED SEGMENT, IGNORED FOR OVERLAY PROCESS
    SEGMENT: ?PR?P10_INPUT_CONFIG?MY_GPIO

*** WARNING L16: UNCALLED SEGMENT, IGNORED FOR OVERLAY PROCESS
    SEGMENT: ?PR?P13_INPUT_CONFIG?MY_GPIO

*** WARNING L16: UNCALLED SEGMENT, IGNORED FOR OVERLAY PROCESS
    SEGMENT: ?PR?P14_INPUT_CONFIG?MY_GPIO

*** WARNING L16: UNCALLED SEGMENT, IGNORED FOR OVERLAY PROCESS
    SEGMENT: ?PR?P17_INPUT_CONFIG?MY_GPIO

*** WARNING L16: UNCALLED SEGMENT, IGNORED FOR OVERLAY PROCESS
    SEGMENT: ?PR?P21_INPUT_CONFIG?MY_GPIO

*** WARNING L16: UNCALLED SEGMENT, IGNORED FOR OVERLAY PROCESS
    SEGMENT: ?PR?P22_INPUT_CONFIG?MY_GPIO

*** WARNING L16: UNCALLED SEGMENT, IGNORED FOR OVERLAY PROCESS
    SEGMENT: ?PR?P23_INPUT_CONFIG?MY_GPIO

*** WARNING L16: UNCALLED SEGMENT, IGNORED FOR OVERLAY PROCESS
    SEGMENT: ?PR?P30_INPUT_CONFIG?MY_GPIO

*** WARNING L16: UNCALLED SEGMENT, IGNORED FOR OVERLAY PROCESS
    SEGMENT: ?PR?P31_INPUT_CONFIG?MY_GPIO

BL51 BANKED LINKER/LOCATER V6.22.4.0                                                  08/09/2024  10:34:59  PAGE 44


*** WARNING L16: UNCALLED SEGMENT, IGNORED FOR OVERLAY PROCESS
    SEGMENT: ?PR?TMR2_DISABLE?TMR2

Program Size: data=71.1 xdata=1107 code=9947
LINK/LOCATE RUN COMPLETE.  19 WARNING(S),  0 ERROR(S)
