BL51 BANKED LINKER/LOCATER V6.22.4.0                                                    08/09/2024  17:08:39  PAGE 1


BL51 BANKED LINKER/LOCATER V6.22.4.0, INVOKED BY:
C:\KEIL_V5\C51\BIN\BL51.EXE .\Release\Objects\STARTUP.obj, .\Release\Objects\system.obj, ..\..\User\lib\tk_simplify_algo
>> rithm_V1.0.0.LIB, .\Release\Objects\my_gpio.obj, .\Release\Objects\uart0.obj, .\Release\Objects\uart1.obj, .\Release\
>> Objects\light.obj, .\Release\Objects\tmr0.obj, .\Release\Objects\tmr1.obj, .\Release\Objects\tmr2.obj, .\Release\Obje
>> cts\adc.obj, .\Release\Objects\knob.obj, .\Release\Objects\main.obj, .\Release\Objects\tk_user.obj, .\Release\Objects
>> \tk_set.obj, .\Release\Objects\send_data.obj, .\Release\Objects\my_sys.obj TO .\Release\Objects\Project PRINT (.\Rele
>> ase\Listings\Project.m51) RAMSIZE (256) CODE (0X0000-0X3EEF) XDATA (0X6000-0X66FF)


MEMORY MODEL: LARGE


INPUT MODULES INCLUDED:
  .\Release\Objects\STARTUP.obj (?C_STARTUP)
  .\Release\Objects\system.obj (SYSTEM)
  .\Release\Objects\my_gpio.obj (MY_GPIO)
  .\Release\Objects\uart0.obj (UART0)
  .\Release\Objects\uart1.obj (UART1)
  .\Release\Objects\light.obj (LIGHT)
  .\Release\Objects\tmr0.obj (TMR0)
  .\Release\Objects\tmr1.obj (TMR1)
  .\Release\Objects\tmr2.obj (TMR2)
  .\Release\Objects\adc.obj (ADC)
  .\Release\Objects\knob.obj (KNOB)
  .\Release\Objects\main.obj (MAIN)
  .\Release\Objects\tk_user.obj (TK_USER)
  .\Release\Objects\tk_set.obj (TK_SET)
  .\Release\Objects\send_data.obj (SEND_DATA)
  .\Release\Objects\my_sys.obj (MY_SYS)
  ..\..\User\lib\tk_simplify_algorithm_V1.0.0.LIB (TK_LIB)
  C:\KEIL_V5\C51\LIB\C51L.LIB (?C_INIT)
  C:\KEIL_V5\C51\LIB\C51L.LIB (?C?IMUL)
  C:\KEIL_V5\C51\LIB\C51L.LIB (?C?UIDIV)
  C:\KEIL_V5\C51\LIB\C51L.LIB (?C?IILDX)
  C:\KEIL_V5\C51\LIB\C51L.LIB (?C?LADD)
  C:\KEIL_V5\C51\LIB\C51L.LIB (?C?LSUB)
  C:\KEIL_V5\C51\LIB\C51L.LIB (?C?ULDIV)
  C:\KEIL_V5\C51\LIB\C51L.LIB (?C?LNOT)
  C:\KEIL_V5\C51\LIB\C51L.LIB (?C?LNEG)
  C:\KEIL_V5\C51\LIB\C51L.LIB (?C?SLCMP)
  C:\KEIL_V5\C51\LIB\C51L.LIB (?C?ULCMP)
  C:\KEIL_V5\C51\LIB\C51L.LIB (?C?ULSHR)
  C:\KEIL_V5\C51\LIB\C51L.LIB (?C?LSHL)
  C:\KEIL_V5\C51\LIB\C51L.LIB (?C?LLDXDATA)
  C:\KEIL_V5\C51\LIB\C51L.LIB (?C?LLDCODE)
  C:\KEIL_V5\C51\LIB\C51L.LIB (?C?LLDXDATA0)
  C:\KEIL_V5\C51\LIB\C51L.LIB (?C?LLDIXDATA)
  C:\KEIL_V5\C51\LIB\C51L.LIB (?C?LSTXDATA)
  C:\KEIL_V5\C51\LIB\C51L.LIB (?C?LSTKXDATA)
  C:\KEIL_V5\C51\LIB\C51L.LIB (?C?ICALL)
  C:\KEIL_V5\C51\LIB\C51L.LIB (?C?LIMUL)


LINK MAP OF MODULE:  .\Release\Objects\Project (?C_STARTUP)


            TYPE    BASE      LENGTH    RELOCATION   SEGMENT NAME
            -----------------------------------------------------
BL51 BANKED LINKER/LOCATER V6.22.4.0                                                  08/09/2024  17:08:39  PAGE 2



            * * * * * * *   D A T A   M E M O R Y   * * * * * * *
            REG     0000H     0008H     ABSOLUTE     "REG BANK 0"
            DATA    0008H     0004H     ABSOLUTE     
            DATA    000CH     0004H     ABSOLUTE     
            DATA    0010H     0004H     ABSOLUTE     
            DATA    0014H     0004H     ABSOLUTE     
            DATA    0018H     0004H     ABSOLUTE     
            DATA    001CH     0004H     ABSOLUTE     
            BIT     0020H.0   0000H.5   UNIT         ?BI?MY_SYS
            BIT     0020H.5   0000H.2   UNIT         ?BI?KNOB
            BIT     0020H.7   0000H.2   UNIT         ?BI?TK_LIB
            BIT     0021H.1   0000H.1   UNIT         ?BI?TMR2
                    0021H.2   0000H.6                *** GAP ***
            DATA    0022H     0008H     UNIT         _DATA_GROUP_
                    002AH     0006H                  *** GAP ***
            DATA    0030H     0004H     ABSOLUTE     
            DATA    0034H     0004H     ABSOLUTE     
            DATA    0038H     0004H     ABSOLUTE     
            DATA    003CH     0004H     ABSOLUTE     
                    0040H     0010H                  *** GAP ***
            DATA    0050H     0002H     ABSOLUTE     
            DATA    0052H     0002H     ABSOLUTE     
            DATA    0054H     0002H     ABSOLUTE     
                    0056H     000AH                  *** GAP ***
            DATA    0060H     0001H     ABSOLUTE     
            DATA    0061H     0001H     ABSOLUTE     
            DATA    0062H     0001H     ABSOLUTE     
            DATA    0063H     0001H     ABSOLUTE     
            DATA    0064H     0001H     ABSOLUTE     
            DATA    0065H     0001H     ABSOLUTE     
            DATA    0066H     0001H     ABSOLUTE     
            IDATA   0067H     0001H     UNIT         ?STACK

            * * * * * * *  X D A T A   M E M O R Y  * * * * * * *
                    0000H     6000H                  *** GAP ***
            XDATA   6000H     000CH     ABSOLUTE     
            XDATA   600CH     000CH     ABSOLUTE     
            XDATA   6018H     000CH     ABSOLUTE     
            XDATA   6024H     000CH     UNIT         ?XD?MY_SYS
            XDATA   6030H     000CH     ABSOLUTE     
            XDATA   603CH     000CH     ABSOLUTE     
            XDATA   6048H     0394H     UNIT         ?XD?TK_LIB
            XDATA   63DCH     0048H     UNIT         ?XD?TK_SET
            XDATA   6424H     0020H     UNIT         _XDATA_GROUP_
            XDATA   6444H     0009H     UNIT         ?XD?TK_USER
            XDATA   644DH     0004H     UNIT         ?XD?TMR2
            XDATA   6451H     0002H     UNIT         ?XD?ADC
            XDATA   6453H     0002H     UNIT         ?XD?KNOB

            * * * * * * *   C O D E   M E M O R Y   * * * * * * *
            CODE    0000H     0003H     ABSOLUTE     
            CODE    0003H     000CH     ABSOLUTE     
            CODE    000FH     0013H     UNIT         ?PR?WHITE_LIGHT_PWM_CONFIG?LIGHT
                    0022H     0002H                  *** GAP ***
            CODE    0024H     0003H     ABSOLUTE     
            CODE    0027H     0016H     UNIT         ?PR?MAIN?MAIN
BL51 BANKED LINKER/LOCATER V6.22.4.0                                                  08/09/2024  17:08:39  PAGE 3


                    003DH     0002H                  *** GAP ***
            CODE    003FH     0003H     ABSOLUTE     
            CODE    0042H     001BH     UNIT         ?PR?UART1_CONFIG?UART1
            CODE    005DH     0003H     ABSOLUTE     
            CODE    0060H     04B4H     UNIT         ?PR?USER_HANDLE?TK_USER
            CODE    0514H     044EH     UNIT         ?PR?KNOB_HANDLE?KNOB
            CODE    0962H     033FH     UNIT         ?PR?__TK_DATA_PROCESS?TK_LIB
            CODE    0CA1H     029BH     UNIT         ?C?LIB_CODE
            CODE    0F3CH     0252H     UNIT         ?PR?___TK_MODE_CARRY_FUNC?TK_LIB
            CODE    118EH     0221H     UNIT         ?PR?TK_GPIO_CONFIG?TK_SET
            CODE    13AFH     01B9H     UNIT         ?PR?__TK_BUTTON_DECIDE?TK_LIB
            CODE    1568H     01B5H     UNIT         ?PR?___TK_LIB_I_ADJUST?TK_LIB
            CODE    171DH     01A0H     UNIT         ?PR?TK_HANDLE?TK_SET
            CODE    18BDH     015CH     UNIT         ?PR?___TARGET_PWM_DUTY_UPDATE?KNOB
            CODE    1A19H     0109H     UNIT         ?PR?TIMR2_IRQHANDLER?TMR2
            CODE    1B22H     00ECH     UNIT         ?PR?ADC_GETVAL?ADC
            CODE    1C0EH     00E1H     UNIT         ?PR?SYSTEM_INIT?SYSTEM
            CODE    1CEFH     009BH     UNIT         ?PR?__TK_LIB_INIT?TK_LIB
            CODE    1D8AH     0097H     UNIT         ?PR?TK_PARAM_INIT?TK_SET
            CODE    1E21H     0093H     UNIT         ?PR?__TK_BASELINE_INIT?TK_LIB
            CODE    1EB4H     008CH     UNIT         ?C_C51STARTUP
            CODE    1F40H     0084H     UNIT         ?PR?___TK_SET_NEXT_CH?TK_LIB
            CODE    1FC4H     007EH     UNIT         ?PR?__TK_BASELINE_UPDATE?TK_LIB
            CODE    2042H     007EH     UNIT         ?PR?__TK_LONG_KEY_CLEAR?TK_LIB
            CODE    20C0H     0075H     UNIT         ?PR?__TK_HANDLER?TK_LIB
            CODE    2135H     0073H     UNIT         ?C_INITSEG
            CODE    21A8H     0062H     UNIT         ?PR?__TK_I_SOURCE_ADJUST?TK_LIB
            CODE    220AH     004FH     UNIT         ?PR?TK_INIT?TK_SET
            CODE    2259H     0046H     UNIT         ?PR?WUT_IRQHANDLER?TK_SET
            CODE    229FH     0045H     UNIT         ?PR?TK_IRQHANDLER?TK_SET
            CODE    22E4H     0042H     UNIT         ?PR?_SEND_KEY_STATUS?SEND_DATA
            CODE    2326H     003DH     UNIT         ?PR?__TK_MODE_CONFIG?TK_LIB
            CODE    2363H     002FH     UNIT         ?PR?ADC_CONFIG?ADC
            CODE    2392H     002EH     UNIT         ?CO?TK_SET
            CODE    23C0H     0027H     UNIT         ?PR?_DELAY_100US?SYSTEM
            CODE    23E7H     0023H     UNIT         ?PR?__ADC_GETVAL?ADC
            CODE    240AH     0021H     UNIT         ?PR?TMR0_PWM_CONFIG?TMR0
            CODE    242BH     0021H     UNIT         ?PR?TMR1_PWM_CONFIG?TMR1
            CODE    244CH     0021H     UNIT         ?PR?TMR2_CONFIG?TMR2
            CODE    246DH     0020H     UNIT         ?PR?TMR2_DISABLE?TMR2
            CODE    248DH     0020H     UNIT         ?PR?__TK_SCAN?TK_LIB
            CODE    24ADH     001FH     UNIT         ?PR?CHECK_LIGHT_CTL_MODE?LIGHT
            CODE    24CCH     001EH     UNIT         ?PR?_DELAY_MS?SYSTEM
            CODE    24EAH     001DH     UNIT         ?PR?P11_OUTPUT_CONFIG?MY_GPIO
            CODE    2507H     001DH     UNIT         ?PR?P12_OUTPUT_CONFIG?MY_GPIO
            CODE    2524H     001DH     UNIT         ?PR?P01_OUTPUT_CONFIG?MY_GPIO
            CODE    2541H     001DH     UNIT         ?PR?P26_OUTPUT_CONFIG?MY_GPIO
            CODE    255EH     001DH     UNIT         ?PR?KNOB_CONFIG?KNOB
            CODE    257BH     001BH     UNIT         ?PR?_TMR0_SET_PWM_DUTY?TMR0
            CODE    2596H     001BH     UNIT         ?PR?_TMR1_SET_PWM_DUTY?TMR1
            CODE    25B1H     0012H     UNIT         ?PR?OUTPUT_PIN_INIT?MY_GPIO
            CODE    25C3H     0012H     UNIT         ?PR?P24_OUTPUT_CONFIG?MY_GPIO
            CODE    25D5H     0012H     UNIT         ?PR?P25_OUTPUT_CONFIG?MY_GPIO
            CODE    25E7H     0011H     UNIT         ?PR?TMR0_DISABLE?TMR0
            CODE    25F8H     0011H     UNIT         ?PR?TMR1_DISABLE?TMR1
            CODE    2609H     0011H     UNIT         ?PR?TMR2_ENABLE?TMR2
            CODE    261AH     000DH     UNIT         ?PR?P06_INPUT_CONFIG?MY_GPIO
BL51 BANKED LINKER/LOCATER V6.22.4.0                                                  08/09/2024  17:08:39  PAGE 4


            CODE    2627H     000DH     UNIT         ?PR?P07_INPUT_CONFIG?MY_GPIO
            CODE    2634H     000DH     UNIT         ?PR?P10_INPUT_CONFIG?MY_GPIO
            CODE    2641H     000DH     UNIT         ?PR?P13_INPUT_CONFIG?MY_GPIO
            CODE    264EH     000DH     UNIT         ?PR?P14_INPUT_CONFIG?MY_GPIO
            CODE    265BH     000DH     UNIT         ?PR?P15_INPUT_CONFIG?MY_GPIO
            CODE    2668H     000DH     UNIT         ?PR?P17_INPUT_CONFIG?MY_GPIO
            CODE    2675H     000DH     UNIT         ?PR?P21_INPUT_CONFIG?MY_GPIO
            CODE    2682H     000DH     UNIT         ?PR?P22_INPUT_CONFIG?MY_GPIO
            CODE    268FH     000DH     UNIT         ?PR?P23_INPUT_CONFIG?MY_GPIO
            CODE    269CH     000DH     UNIT         ?PR?P27_INPUT_CONFIG?MY_GPIO
            CODE    26A9H     000DH     UNIT         ?PR?P30_INPUT_CONFIG?MY_GPIO
            CODE    26B6H     000DH     UNIT         ?PR?P31_INPUT_CONFIG?MY_GPIO
            CODE    26C3H     000DH     UNIT         ?PR?_UART1_SENDBYTE?UART1
            CODE    26D0H     000BH     UNIT         ?PR?_DELAY?SYSTEM
            CODE    26DBH     000BH     UNIT         ?PR?YELLOW_LIGHT_CLOSE?LIGHT
            CODE    26E6H     000BH     UNIT         ?PR?WHITE_LIGHT_CLOSE?LIGHT
            CODE    26F1H     000BH     UNIT         ?PR?TMR0_ENABLE?TMR0
            CODE    26FCH     000BH     UNIT         ?PR?TMR1_ENABLE?TMR1
            CODE    2707H     0009H     UNIT         ?PR?YELLOW_LIGHT_OPEN?LIGHT
            CODE    2710H     0009H     UNIT         ?PR?WHITE_LIGHT_OPEN?LIGHT
            CODE    2719H     0009H     UNIT         ?PR?USER_INIT?TK_USER
            CODE    2722H     0005H     UNIT         ?PR?__TK_MS_HANDLER?TK_LIB



OVERLAY MAP OF MODULE:   .\Release\Objects\Project (?C_STARTUP)


SEGMENT                                      DATA_GROUP          XDATA_GROUP
  +--> CALLED SEGMENT                      START    LENGTH     START    LENGTH
------------------------------------------------------------------------------
?C_C51STARTUP                              -----    -----      -----    -----
  +--> ?PR?MAIN?MAIN
  +--> ?C_INITSEG

?PR?MAIN?MAIN                              -----    -----      -----    -----
  +--> ?PR?SYSTEM_INIT?SYSTEM
  +--> ?PR?TK_HANDLE?TK_SET

?PR?SYSTEM_INIT?SYSTEM                     -----    -----      -----    -----
  +--> ?PR?_DELAY?SYSTEM
  +--> ?PR?_DELAY_MS?SYSTEM

?PR?_DELAY_MS?SYSTEM                       -----    -----      642CH    0004H
  +--> ?PR?_DELAY?SYSTEM

?PR?TK_HANDLE?TK_SET                       -----    -----      -----    -----
  +--> ?PR?TK_PARAM_INIT?TK_SET
  +--> ?PR?USER_INIT?TK_USER
  +--> ?PR?CHECK_LIGHT_CTL_MODE?LIGHT
  +--> ?PR?WHITE_LIGHT_PWM_CONFIG?LIGHT
  +--> ?PR?TMR2_ENABLE?TMR2
  +--> ?PR?__TK_SCAN?TK_LIB
  +--> ?PR?_DELAY_MS?SYSTEM
  +--> ?PR?USER_HANDLE?TK_USER
  +--> ?PR?KNOB_HANDLE?KNOB
  +--> ?PR?_SEND_KEY_STATUS?SEND_DATA
BL51 BANKED LINKER/LOCATER V6.22.4.0                                                  08/09/2024  17:08:39  PAGE 5


  +--> ?PR?_TMR1_SET_PWM_DUTY?TMR1
  +--> ?PR?WHITE_LIGHT_OPEN?LIGHT
  +--> ?PR?WHITE_LIGHT_CLOSE?LIGHT
  +--> ?PR?_TMR0_SET_PWM_DUTY?TMR0
  +--> ?PR?YELLOW_LIGHT_OPEN?LIGHT
  +--> ?PR?YELLOW_LIGHT_CLOSE?LIGHT

?PR?TK_PARAM_INIT?TK_SET                   -----    -----      -----    -----
  +--> ?CO?TK_SET
  +--> ?PR?TK_GPIO_CONFIG?TK_SET
  +--> ?PR?__TK_LIB_INIT?TK_LIB
  +--> ?PR?TK_INIT?TK_SET

?PR?__TK_LIB_INIT?TK_LIB                   -----    -----      6424H    0002H
  +--> ?PR?__TK_DATA_PROCESS?TK_LIB
  +--> ?CO?TK_SET
  +--> ?PR?___TK_SET_NEXT_CH?TK_LIB

?PR?__TK_DATA_PROCESS?TK_LIB               -----    -----      -----    -----
  +--> ?CO?TK_SET

?PR?USER_INIT?TK_USER                      -----    -----      -----    -----
  +--> ?PR?UART1_CONFIG?UART1
  +--> ?PR?TMR2_CONFIG?TMR2
  +--> ?PR?KNOB_CONFIG?KNOB

?PR?KNOB_CONFIG?KNOB                       -----    -----      -----    -----
  +--> ?PR?P15_INPUT_CONFIG?MY_GPIO
  +--> ?PR?ADC_CONFIG?ADC
  +--> ?PR?ADC_GETVAL?ADC

?PR?ADC_CONFIG?ADC                         -----    -----      -----    -----
  +--> ?PR?_DELAY_MS?SYSTEM

?PR?ADC_GETVAL?ADC                         -----    -----      642DH    0011H
  +--> ?PR?__ADC_GETVAL?ADC

?PR?CHECK_LIGHT_CTL_MODE?LIGHT             -----    -----      -----    -----
  +--> ?PR?P27_INPUT_CONFIG?MY_GPIO
  +--> ?PR?TMR0_PWM_CONFIG?TMR0

?PR?WHITE_LIGHT_PWM_CONFIG?LIGHT           -----    -----      -----    -----
  +--> ?PR?TMR1_PWM_CONFIG?TMR1

?PR?__TK_SCAN?TK_LIB                       -----    -----      -----    -----
  +--> ?PR?__TK_BUTTON_DECIDE?TK_LIB
  +--> ?PR?___TK_SET_NEXT_CH?TK_LIB

?PR?__TK_BUTTON_DECIDE?TK_LIB              -----    -----      -----    -----
  +--> ?CO?TK_SET
  +--> ?PR?___TK_MODE_CARRY_FUNC?TK_LIB

?PR?___TK_MODE_CARRY_FUNC?TK_LIB           -----    -----      642CH    0001H
  +--> ?CO?TK_SET
  +--> ?PR?__TK_BASELINE_UPDATE?TK_LIB

?PR?__TK_BASELINE_UPDATE?TK_LIB            -----    -----      -----    -----
BL51 BANKED LINKER/LOCATER V6.22.4.0                                                  08/09/2024  17:08:39  PAGE 6


  +--> ?CO?TK_SET

?PR?USER_HANDLE?TK_USER                    -----    -----      6424H    0008H
  +--> ?PR?_DELAY_MS?SYSTEM
  +--> ?PR?__TK_SCAN?TK_LIB
  +--> ?PR?_SEND_KEY_STATUS?SEND_DATA
  +--> ?PR?_TMR1_SET_PWM_DUTY?TMR1
  +--> ?PR?_TMR0_SET_PWM_DUTY?TMR0
  +--> ?PR?_DELAY_100US?SYSTEM

?PR?_SEND_KEY_STATUS?SEND_DATA             -----    -----      642CH    0002H
  +--> ?PR?_UART1_SENDBYTE?UART1

?PR?_DELAY_100US?SYSTEM                    -----    -----      642CH    0005H

?PR?KNOB_HANDLE?KNOB                       -----    -----      6424H    0004H
  +--> ?PR?_DELAY_MS?SYSTEM
  +--> ?PR?_TMR0_SET_PWM_DUTY?TMR0
  +--> ?PR?_TMR1_SET_PWM_DUTY?TMR1
  +--> ?PR?YELLOW_LIGHT_CLOSE?LIGHT
  +--> ?PR?WHITE_LIGHT_CLOSE?LIGHT
  +--> ?PR?_SEND_KEY_STATUS?SEND_DATA
  +--> ?PR?WHITE_LIGHT_OPEN?LIGHT
  +--> ?PR?YELLOW_LIGHT_OPEN?LIGHT
  +--> ?PR?ADC_GETVAL?ADC
  +--> ?PR?___TARGET_PWM_DUTY_UPDATE?KNOB
  +--> ?PR?_DELAY_100US?SYSTEM

?PR?YELLOW_LIGHT_CLOSE?LIGHT               -----    -----      -----    -----
  +--> ?PR?TMR0_DISABLE?TMR0

?PR?WHITE_LIGHT_CLOSE?LIGHT                -----    -----      -----    -----
  +--> ?PR?TMR1_DISABLE?TMR1

?PR?WHITE_LIGHT_OPEN?LIGHT                 -----    -----      -----    -----
  +--> ?PR?TMR1_ENABLE?TMR1

?PR?YELLOW_LIGHT_OPEN?LIGHT                -----    -----      -----    -----
  +--> ?PR?TMR0_ENABLE?TMR0

?PR?___TARGET_PWM_DUTY_UPDATE?KNOB         -----    -----      6428H    0005H
  +--> ?PR?ADC_GETVAL?ADC

*** NEW ROOT ***************************************************

?PR?TIMR2_IRQHANDLER?TMR2                  -----    -----      -----    -----
  +--> ?PR?WHITE_LIGHT_OPEN?LIGHT
  +--> ?PR?_TMR1_SET_PWM_DUTY?TMR1
  +--> ?PR?WHITE_LIGHT_CLOSE?LIGHT

*** NEW ROOT ***************************************************

?PR?TK_IRQHANDLER?TK_SET                   -----    -----      -----    -----
  +--> ?PR?__TK_HANDLER?TK_LIB

?PR?__TK_HANDLER?TK_LIB                    -----    -----      -----    -----
  +--> ?CO?TK_SET
BL51 BANKED LINKER/LOCATER V6.22.4.0                                                  08/09/2024  17:08:39  PAGE 7


  +--> ?PR?__TK_MODE_CONFIG?TK_LIB
  +--> ?PR?__TK_I_SOURCE_ADJUST?TK_LIB
  +--> ?PR?__TK_BASELINE_INIT?TK_LIB
  +--> ?PR?___TK_SET_NEXT_CH?TK_LIB

?PR?__TK_MODE_CONFIG?TK_LIB                -----    -----      -----    -----
  +--> ?PR?___TK_SET_NEXT_CH?TK_LIB

?PR?__TK_I_SOURCE_ADJUST?TK_LIB            -----    -----      643EH    0001H
  +--> ?CO?TK_SET
  +--> ?PR?___TK_LIB_I_ADJUST?TK_LIB
  +--> ?PR?__TK_MODE_CONFIG?TK_LIB
  +--> ?PR?___TK_SET_NEXT_CH?TK_LIB

?PR?___TK_LIB_I_ADJUST?TK_LIB              0022H    0008H      643FH    0005H
  +--> ?CO?TK_SET

?PR?__TK_BASELINE_INIT?TK_LIB              -----    -----      -----    -----
  +--> ?CO?TK_SET
  +--> ?PR?___TK_SET_NEXT_CH?TK_LIB

*** NEW ROOT ***************************************************

?PR?WUT_IRQHANDLER?TK_SET                  -----    -----      -----    -----
  +--> ?PR?__TK_MS_HANDLER?TK_LIB

?PR?__TK_MS_HANDLER?TK_LIB                 -----    -----      -----    -----
  +--> ?PR?__TK_LONG_KEY_CLEAR?TK_LIB

?PR?__TK_LONG_KEY_CLEAR?TK_LIB             -----    -----      -----    -----
  +--> ?CO?TK_SET
  +--> ?PR?__TK_BASELINE_UPDATE?TK_LIB



SYMBOL TABLE OF MODULE:  .\Release\Objects\Project (?C_STARTUP)

  VALUE           TYPE          NAME
  ----------------------------------

  -------         MODULE        ?C_STARTUP
  C:1EB4H         SEGMENT       ?C_C51STARTUP
  I:0067H         SEGMENT       ?STACK
  C:0000H         PUBLIC        ?C_STARTUP
  D:00E0H         SYMBOL        ACC
  D:00F0H         SYMBOL        B
  D:0083H         SYMBOL        DPH
  D:0082H         SYMBOL        DPL
  N:0000H         SYMBOL        IBPSTACK
  N:0100H         SYMBOL        IBPSTACKTOP
  N:0080H         SYMBOL        IDATALEN
  C:1EB7H         SYMBOL        IDATALOOP
  N:0000H         SYMBOL        PBPSTACK
  N:0100H         SYMBOL        PBPSTACKTOP
  N:0000H         SYMBOL        PDATALEN
  N:0000H         SYMBOL        PDATASTART
  N:0000H         SYMBOL        PPAGE
BL51 BANKED LINKER/LOCATER V6.22.4.0                                                  08/09/2024  17:08:39  PAGE 8


  N:0000H         SYMBOL        PPAGEENABLE
  D:00A0H         SYMBOL        PPAGE_SFR
  D:0081H         SYMBOL        SP
  C:1EB4H         SYMBOL        STARTUP1
  N:0000H         SYMBOL        XBPSTACK
  N:0000H         SYMBOL        XBPSTACKTOP
  N:0000H         SYMBOL        XDATALEN
  N:0000H         SYMBOL        XDATASTART
  C:0000H         LINE#         126
  C:1EB4H         LINE#         133
  C:1EB6H         LINE#         134
  C:1EB7H         LINE#         135
  C:1EB8H         LINE#         136
  C:1EBAH         LINE#         185
  C:1EBDH         LINE#         196
  -------         ENDMOD        ?C_STARTUP

  -------         MODULE        SYSTEM
  C:0000H         SYMBOL        _ICE_DUMMY_
  D:00A7H         PUBLIC        FLASH_TIMEREG0
  C:26D0H         PUBLIC        _delay
  D:00ACH         PUBLIC        FLASH_TIMEREG1
  C:1C0EH         PUBLIC        system_init
  C:24CCH         PUBLIC        _delay_ms
  C:23C0H         PUBLIC        _delay_100us
  -------         PROC          _DELAY
  D:0006H         SYMBOL        cnt
  C:26D0H         LINE#         38
  C:26D0H         LINE#         39
  C:26D0H         LINE#         40
  C:26DAH         LINE#         41
  C:26DAH         LINE#         42
  C:26DAH         LINE#         43
  -------         ENDPROC       _DELAY
  -------         PROC          _DELAY_100US
  X:642CH         SYMBOL        xus
  -------         DO            
  X:6430H         SYMBOL        i
  -------         ENDDO         
  C:23C0H         LINE#         46
  C:23C6H         LINE#         47
  C:23C6H         LINE#         48
  C:23D4H         LINE#         49
  C:23D4H         LINE#         50
  C:23DAH         LINE#         51
  C:23E6H         LINE#         52
  C:23E6H         LINE#         53
  -------         ENDPROC       _DELAY_100US
  -------         PROC          _DELAY_MS
  X:642CH         SYMBOL        ms
  C:24CCH         LINE#         60
  C:24D2H         LINE#         61
  C:24D2H         LINE#         62
  C:24E0H         LINE#         63
  C:24E0H         LINE#         69
  C:24E7H         LINE#         70
  C:24E9H         LINE#         71
BL51 BANKED LINKER/LOCATER V6.22.4.0                                                  08/09/2024  17:08:39  PAGE 9


  -------         ENDPROC       _DELAY_MS
  -------         PROC          SYSTEM_INIT
  -------         DO            
  D:0007H         SYMBOL        i
  -------         ENDDO         
  C:1C0EH         LINE#         78
  C:1C0EH         LINE#         79
  C:1C0EH         LINE#         82
  C:1C15H         LINE#         83
  C:1C27H         LINE#         84
  C:1C2AH         LINE#         87
  C:1C2DH         LINE#         88
  C:1C33H         LINE#         89
  C:1C39H         LINE#         90
  C:1C3FH         LINE#         91
  C:1C45H         LINE#         92
  C:1C4CH         LINE#         96
  C:1C4EH         LINE#         97
  C:1C4EH         LINE#         98
  C:1C5BH         LINE#         99
  C:1C60H         LINE#         101
  C:1CEEH         LINE#         102
  -------         ENDPROC       SYSTEM_INIT
  -------         ENDMOD        SYSTEM

  -------         MODULE        MY_GPIO
  C:0000H         SYMBOL        _ICE_DUMMY_
  B:0080H.1       PUBLIC        P01
  B:0090H.1       PUBLIC        P11
  B:0090H.2       PUBLIC        P12
  B:00A0H.4       PUBLIC        P24
  B:00A0H.5       PUBLIC        P25
  B:00A0H.6       PUBLIC        P26
  C:2634H         PUBLIC        p10_input_config
  C:26A9H         PUBLIC        p30_input_config
  C:2675H         PUBLIC        p21_input_config
  C:2524H         PUBLIC        p01_output_config
  C:26B6H         PUBLIC        p31_input_config
  C:2682H         PUBLIC        p22_input_config
  C:2641H         PUBLIC        p13_input_config
  C:24EAH         PUBLIC        p11_output_config
  C:268FH         PUBLIC        p23_input_config
  C:264EH         PUBLIC        p14_input_config
  C:2507H         PUBLIC        p12_output_config
  C:265BH         PUBLIC        p15_input_config
  C:261AH         PUBLIC        p06_input_config
  C:2627H         PUBLIC        p07_input_config
  C:2668H         PUBLIC        p17_input_config
  C:25C3H         PUBLIC        p24_output_config
  C:269CH         PUBLIC        p27_input_config
  C:25D5H         PUBLIC        p25_output_config
  C:2541H         PUBLIC        p26_output_config
  C:25B1H         PUBLIC        output_pin_init
  -------         PROC          OUTPUT_PIN_INIT
  C:25B1H         LINE#         6
  C:25B1H         LINE#         7
  C:25B1H         LINE#         8
BL51 BANKED LINKER/LOCATER V6.22.4.0                                                  08/09/2024  17:08:39  PAGE 10


  C:25B7H         LINE#         9
  C:25BBH         LINE#         11
  C:25C0H         LINE#         14
  C:25C2H         LINE#         15
  -------         ENDPROC       OUTPUT_PIN_INIT
  -------         PROC          P11_OUTPUT_CONFIG
  C:24EAH         LINE#         20
  C:24EAH         LINE#         21
  C:24EAH         LINE#         22
  C:24F0H         LINE#         23
  C:24F4H         LINE#         25
  C:24F9H         LINE#         27
  C:24FFH         LINE#         28
  C:2504H         LINE#         32
  C:2506H         LINE#         33
  -------         ENDPROC       P11_OUTPUT_CONFIG
  -------         PROC          P12_OUTPUT_CONFIG
  C:2507H         LINE#         38
  C:2507H         LINE#         39
  C:2507H         LINE#         40
  C:250DH         LINE#         41
  C:2511H         LINE#         43
  C:2516H         LINE#         45
  C:251CH         LINE#         46
  C:2521H         LINE#         50
  C:2523H         LINE#         51
  -------         ENDPROC       P12_OUTPUT_CONFIG
  -------         PROC          P01_OUTPUT_CONFIG
  C:2524H         LINE#         57
  C:2524H         LINE#         58
  C:2524H         LINE#         59
  C:252AH         LINE#         60
  C:252EH         LINE#         62
  C:2533H         LINE#         64
  C:2539H         LINE#         65
  C:253EH         LINE#         69
  C:2540H         LINE#         70
  -------         ENDPROC       P01_OUTPUT_CONFIG
  -------         PROC          P24_OUTPUT_CONFIG
  C:25C3H         LINE#         75
  C:25C3H         LINE#         76
  C:25C3H         LINE#         77
  C:25C9H         LINE#         78
  C:25CDH         LINE#         80
  C:25D2H         LINE#         87
  C:25D4H         LINE#         88
  -------         ENDPROC       P24_OUTPUT_CONFIG
  -------         PROC          P25_OUTPUT_CONFIG
  C:25D5H         LINE#         93
  C:25D5H         LINE#         94
  C:25D5H         LINE#         95
  C:25DBH         LINE#         96
  C:25DFH         LINE#         98
  C:25E4H         LINE#         105
  C:25E6H         LINE#         106
  -------         ENDPROC       P25_OUTPUT_CONFIG
  -------         PROC          P26_OUTPUT_CONFIG
BL51 BANKED LINKER/LOCATER V6.22.4.0                                                  08/09/2024  17:08:39  PAGE 11


  C:2541H         LINE#         111
  C:2541H         LINE#         112
  C:2541H         LINE#         113
  C:2547H         LINE#         114
  C:254BH         LINE#         116
  C:2550H         LINE#         118
  C:2556H         LINE#         119
  C:255BH         LINE#         123
  C:255DH         LINE#         124
  -------         ENDPROC       P26_OUTPUT_CONFIG
  -------         PROC          P06_INPUT_CONFIG
  C:261AH         LINE#         127
  C:261AH         LINE#         128
  C:261AH         LINE#         130
  C:2620H         LINE#         132
  C:2626H         LINE#         133
  -------         ENDPROC       P06_INPUT_CONFIG
  -------         PROC          P07_INPUT_CONFIG
  C:2627H         LINE#         136
  C:2627H         LINE#         137
  C:2627H         LINE#         139
  C:262DH         LINE#         141
  C:2633H         LINE#         142
  -------         ENDPROC       P07_INPUT_CONFIG
  -------         PROC          P10_INPUT_CONFIG
  C:2634H         LINE#         145
  C:2634H         LINE#         146
  C:2634H         LINE#         148
  C:263AH         LINE#         150
  C:2640H         LINE#         151
  -------         ENDPROC       P10_INPUT_CONFIG
  -------         PROC          P13_INPUT_CONFIG
  C:2641H         LINE#         154
  C:2641H         LINE#         155
  C:2641H         LINE#         157
  C:2647H         LINE#         159
  C:264DH         LINE#         160
  -------         ENDPROC       P13_INPUT_CONFIG
  -------         PROC          P14_INPUT_CONFIG
  C:264EH         LINE#         163
  C:264EH         LINE#         164
  C:264EH         LINE#         166
  C:2654H         LINE#         168
  C:265AH         LINE#         169
  -------         ENDPROC       P14_INPUT_CONFIG
  -------         PROC          P15_INPUT_CONFIG
  C:265BH         LINE#         172
  C:265BH         LINE#         173
  C:265BH         LINE#         175
  C:2661H         LINE#         177
  C:2667H         LINE#         178
  -------         ENDPROC       P15_INPUT_CONFIG
  -------         PROC          P17_INPUT_CONFIG
  C:2668H         LINE#         181
  C:2668H         LINE#         182
  C:2668H         LINE#         184
  C:266EH         LINE#         186
BL51 BANKED LINKER/LOCATER V6.22.4.0                                                  08/09/2024  17:08:39  PAGE 12


  C:2674H         LINE#         187
  -------         ENDPROC       P17_INPUT_CONFIG
  -------         PROC          P21_INPUT_CONFIG
  C:2675H         LINE#         190
  C:2675H         LINE#         191
  C:2675H         LINE#         193
  C:267BH         LINE#         195
  C:2681H         LINE#         196
  -------         ENDPROC       P21_INPUT_CONFIG
  -------         PROC          P22_INPUT_CONFIG
  C:2682H         LINE#         199
  C:2682H         LINE#         200
  C:2682H         LINE#         202
  C:2688H         LINE#         204
  C:268EH         LINE#         205
  -------         ENDPROC       P22_INPUT_CONFIG
  -------         PROC          P23_INPUT_CONFIG
  C:268FH         LINE#         208
  C:268FH         LINE#         209
  C:268FH         LINE#         211
  C:2695H         LINE#         213
  C:269BH         LINE#         214
  -------         ENDPROC       P23_INPUT_CONFIG
  -------         PROC          P27_INPUT_CONFIG
  C:269CH         LINE#         217
  C:269CH         LINE#         218
  C:269CH         LINE#         220
  C:26A2H         LINE#         222
  C:26A8H         LINE#         223
  -------         ENDPROC       P27_INPUT_CONFIG
  -------         PROC          P30_INPUT_CONFIG
  C:26A9H         LINE#         226
  C:26A9H         LINE#         227
  C:26A9H         LINE#         229
  C:26AFH         LINE#         231
  C:26B5H         LINE#         232
  -------         ENDPROC       P30_INPUT_CONFIG
  -------         PROC          P31_INPUT_CONFIG
  C:26B6H         LINE#         235
  C:26B6H         LINE#         236
  C:26B6H         LINE#         238
  C:26BCH         LINE#         240
  C:26C2H         LINE#         241
  -------         ENDPROC       P31_INPUT_CONFIG
  -------         ENDMOD        MY_GPIO

  -------         MODULE        UART0
  C:0000H         SYMBOL        _ICE_DUMMY_
  -------         ENDMOD        UART0

  -------         MODULE        UART1
  C:0000H         SYMBOL        _ICE_DUMMY_
  D:00F5H         PUBLIC        UART1_BAUD0
  D:00F6H         PUBLIC        UART1_BAUD1
  C:26C3H         PUBLIC        _uart1_sendbyte
  D:00F4H         PUBLIC        UART1_STA
  C:0042H         PUBLIC        uart1_config
BL51 BANKED LINKER/LOCATER V6.22.4.0                                                  08/09/2024  17:08:39  PAGE 13


  D:00F2H         PUBLIC        UART1_CON0
  D:00F7H         PUBLIC        UART1_DATA
  -------         PROC          UART1_CONFIG
  C:0042H         LINE#         33
  C:0042H         LINE#         34
  C:0042H         LINE#         36
  C:0048H         LINE#         37
  C:004CH         LINE#         38
  C:0053H         LINE#         45
  C:0056H         LINE#         46
  C:0059H         LINE#         47
  C:005CH         LINE#         50
  -------         ENDPROC       UART1_CONFIG
  -------         PROC          _UART1_SENDBYTE
  D:0007H         SYMBOL        senddata
  C:26C3H         LINE#         53
  C:26C3H         LINE#         54
  C:26C3H         LINE#         55
  C:26C8H         LINE#         57
  C:26CAH         LINE#         58
  C:26CFH         LINE#         60
  -------         ENDPROC       _UART1_SENDBYTE
  -------         ENDMOD        UART1

  -------         MODULE        LIGHT
  C:0000H         SYMBOL        _ICE_DUMMY_
  C:26DBH         PUBLIC        yellow_light_close
  C:26E6H         PUBLIC        white_light_close
  C:24ADH         PUBLIC        check_light_ctl_mode
  C:2707H         PUBLIC        yellow_light_open
  C:000FH         PUBLIC        white_light_pwm_config
  B:00A0H.1       PUBLIC        P21
  C:2710H         PUBLIC        white_light_open
  B:00A0H.7       PUBLIC        P27
  -------         PROC          CHECK_LIGHT_CTL_MODE
  C:24ADH         LINE#         6
  C:24ADH         LINE#         7
  C:24ADH         LINE#         9
  C:24B0H         LINE#         10
  C:24B3H         LINE#         11
  C:24B3H         LINE#         12
  C:24B5H         LINE#         13
  C:24B7H         LINE#         15
  C:24B7H         LINE#         16
  C:24B9H         LINE#         17
  C:24B9H         LINE#         36
  C:24BFH         LINE#         37
  C:24C3H         LINE#         38
  C:24C9H         LINE#         47
  -------         ENDPROC       CHECK_LIGHT_CTL_MODE
  -------         PROC          WHITE_LIGHT_PWM_CONFIG
  C:000FH         LINE#         51
  C:000FH         LINE#         52
  C:000FH         LINE#         54
  C:0015H         LINE#         55
  C:0019H         LINE#         56
  C:001FH         LINE#         65
BL51 BANKED LINKER/LOCATER V6.22.4.0                                                  08/09/2024  17:08:39  PAGE 14


  -------         ENDPROC       WHITE_LIGHT_PWM_CONFIG
  -------         PROC          YELLOW_LIGHT_CLOSE
  C:26DBH         LINE#         69
  C:26DBH         LINE#         70
  C:26DBH         LINE#         84
  C:26DEH         LINE#         87
  C:26E3H         LINE#         88
  C:26E5H         LINE#         94
  -------         ENDPROC       YELLOW_LIGHT_CLOSE
  -------         PROC          WHITE_LIGHT_CLOSE
  C:26E6H         LINE#         97
  C:26E6H         LINE#         98
  C:26E6H         LINE#         99
  C:26E9H         LINE#         102
  C:26EEH         LINE#         103
  C:26F0H         LINE#         109
  -------         ENDPROC       WHITE_LIGHT_CLOSE
  -------         PROC          YELLOW_LIGHT_OPEN
  C:2707H         LINE#         112
  C:2707H         LINE#         113
  C:2707H         LINE#         118
  C:270DH         LINE#         120
  -------         ENDPROC       YELLOW_LIGHT_OPEN
  -------         PROC          WHITE_LIGHT_OPEN
  C:2710H         LINE#         136
  C:2710H         LINE#         137
  C:2710H         LINE#         142
  C:2716H         LINE#         145
  -------         ENDPROC       WHITE_LIGHT_OPEN
  -------         ENDMOD        LIGHT

  -------         MODULE        TMR0
  C:0000H         SYMBOL        _ICE_DUMMY_
  D:00D1H         PUBLIC        TMR_ALLCON
  C:257BH         PUBLIC        _tmr0_set_pwm_duty
  C:240AH         PUBLIC        tmr0_pwm_config
  C:25E7H         PUBLIC        tmr0_disable
  C:26F1H         PUBLIC        tmr0_enable
  -------         PROC          TMR0_PWM_CONFIG
  C:240AH         LINE#         5
  C:240AH         LINE#         6
  C:240AH         LINE#         7
  C:240DH         LINE#         8
  C:2411H         LINE#         9
  C:2415H         LINE#         10
  C:2419H         LINE#         11
  C:241DH         LINE#         12
  C:2422H         LINE#         13
  C:2426H         LINE#         14
  C:242AH         LINE#         15
  -------         ENDPROC       TMR0_PWM_CONFIG
  -------         PROC          TMR0_ENABLE
  C:26F1H         LINE#         20
  C:26F1H         LINE#         21
  C:26F1H         LINE#         23
  C:26F7H         LINE#         24
  C:26FBH         LINE#         25
BL51 BANKED LINKER/LOCATER V6.22.4.0                                                  08/09/2024  17:08:39  PAGE 15


  -------         ENDPROC       TMR0_ENABLE
  -------         PROC          TMR0_DISABLE
  C:25E7H         LINE#         30
  C:25E7H         LINE#         31
  C:25E7H         LINE#         33
  C:25EDH         LINE#         34
  C:25F1H         LINE#         36
  C:25F5H         LINE#         37
  C:25F7H         LINE#         38
  -------         ENDPROC       TMR0_DISABLE
  -------         PROC          _TMR0_SET_PWM_DUTY
  D:0006H         SYMBOL        duty
  -------         DO            
  D:0004H         SYMBOL        tmp
  -------         ENDDO         
  C:257BH         LINE#         41
  C:257BH         LINE#         42
  C:257BH         LINE#         43
  C:258EH         LINE#         44
  C:2592H         LINE#         45
  C:2595H         LINE#         46
  -------         ENDPROC       _TMR0_SET_PWM_DUTY
  -------         ENDMOD        TMR0

  -------         MODULE        TMR1
  C:0000H         SYMBOL        _ICE_DUMMY_
  D:00D1H         PUBLIC        TMR_ALLCON
  C:2596H         PUBLIC        _tmr1_set_pwm_duty
  C:242BH         PUBLIC        tmr1_pwm_config
  C:25F8H         PUBLIC        tmr1_disable
  C:26FCH         PUBLIC        tmr1_enable
  -------         PROC          TMR1_PWM_CONFIG
  C:242BH         LINE#         5
  C:242BH         LINE#         6
  C:242BH         LINE#         7
  C:242EH         LINE#         8
  C:2432H         LINE#         9
  C:2436H         LINE#         10
  C:243AH         LINE#         11
  C:243EH         LINE#         12
  C:2443H         LINE#         13
  C:2447H         LINE#         14
  C:244BH         LINE#         15
  -------         ENDPROC       TMR1_PWM_CONFIG
  -------         PROC          TMR1_ENABLE
  C:26FCH         LINE#         20
  C:26FCH         LINE#         21
  C:26FCH         LINE#         23
  C:2702H         LINE#         24
  C:2706H         LINE#         25
  -------         ENDPROC       TMR1_ENABLE
  -------         PROC          TMR1_DISABLE
  C:25F8H         LINE#         30
  C:25F8H         LINE#         31
  C:25F8H         LINE#         33
  C:25FEH         LINE#         34
  C:2602H         LINE#         37
BL51 BANKED LINKER/LOCATER V6.22.4.0                                                  08/09/2024  17:08:39  PAGE 16


  C:2606H         LINE#         38
  C:2608H         LINE#         39
  -------         ENDPROC       TMR1_DISABLE
  -------         PROC          _TMR1_SET_PWM_DUTY
  D:0006H         SYMBOL        duty
  -------         DO            
  D:0004H         SYMBOL        tmp
  -------         ENDDO         
  C:2596H         LINE#         42
  C:2596H         LINE#         43
  C:2596H         LINE#         44
  C:25A9H         LINE#         45
  C:25ADH         LINE#         46
  C:25B0H         LINE#         47
  -------         ENDPROC       _TMR1_SET_PWM_DUTY
  -------         ENDMOD        TMR1

  -------         MODULE        TMR2
  C:0000H         SYMBOL        _ICE_DUMMY_
  C:1A19H         PUBLIC        TIMR2_IRQHandler
  D:00D1H         PUBLIC        TMR_ALLCON
  X:644DH         PUBLIC        tmr2_cnt
  D:00A8H         PUBLIC        IE0
  D:00A9H         PUBLIC        IE1
  C:246DH         PUBLIC        tmr2_disable
  D:00AAH         PUBLIC        IE2
  D:00ABH         PUBLIC        IE3
  D:00B8H         PUBLIC        IP0
  D:00B1H         PUBLIC        IP1
  D:00B2H         PUBLIC        IP2
  D:00B3H         PUBLIC        IP3
  D:00B4H         PUBLIC        IP4
  D:00B5H         PUBLIC        IP5
  D:00B6H         PUBLIC        IP6
  D:00B7H         PUBLIC        IP7
  C:2609H         PUBLIC        tmr2_enable
  C:244CH         PUBLIC        tmr2_config
  B:00A8H.7       PUBLIC        IE_EA
  -------         PROC          TMR2_CONFIG
  C:244CH         LINE#         12
  C:244CH         LINE#         13
  C:244CH         LINE#         14
  C:244FH         LINE#         15
  C:2454H         LINE#         16
  C:245AH         LINE#         17
  C:2460H         LINE#         18
  C:2466H         LINE#         19
  C:246AH         LINE#         20
  C:246CH         LINE#         21
  -------         ENDPROC       TMR2_CONFIG
  -------         PROC          TMR2_ENABLE
  C:2609H         LINE#         26
  C:2609H         LINE#         27
  C:2609H         LINE#         29
  C:2610H         LINE#         30
  C:2614H         LINE#         32
  C:2617H         LINE#         33
BL51 BANKED LINKER/LOCATER V6.22.4.0                                                  08/09/2024  17:08:39  PAGE 17


  C:2619H         LINE#         34
  -------         ENDPROC       TMR2_ENABLE
  -------         PROC          TMR2_DISABLE
  C:246DH         LINE#         39
  C:246DH         LINE#         40
  C:246DH         LINE#         42
  C:2474H         LINE#         43
  C:2478H         LINE#         46
  C:247DH         LINE#         47
  C:247FH         LINE#         49
  C:2482H         LINE#         51
  C:248CH         LINE#         52
  -------         ENDPROC       TMR2_DISABLE
  -------         PROC          TIMR2_IRQHANDLER
  -------         DO            
  B:0021H.1       SYMBOL        is_white_light_open
  -------         ENDDO         
  C:1A19H         LINE#         55
  C:1A36H         LINE#         60
  C:1A36H         LINE#         62
  C:1A40H         LINE#         63
  C:1A40H         LINE#         64
  C:1A44H         LINE#         66
  C:1A5DH         LINE#         69
  C:1A6BH         LINE#         70
  C:1A6BH         LINE#         105
  C:1A6BH         LINE#         107
  C:1A6EH         LINE#         108
  C:1A6EH         LINE#         109
  C:1A71H         LINE#         110
  C:1A73H         LINE#         111
  C:1A73H         LINE#         113
  C:1A88H         LINE#         114
  C:1A88H         LINE#         116
  C:1A9AH         LINE#         117
  C:1A9AH         LINE#         118
  C:1AA4H         LINE#         119
  C:1AABH         LINE#         120
  C:1AABH         LINE#         121
  C:1AADH         LINE#         123
  C:1AADH         LINE#         125
  C:1AB2H         LINE#         126
  C:1AB2H         LINE#         127
  C:1AB4H         LINE#         128
  C:1AB4H         LINE#         129
  C:1AC3H         LINE#         130
  C:1AC3H         LINE#         132
  C:1AD5H         LINE#         133
  C:1AD5H         LINE#         134
  C:1ADFH         LINE#         135
  C:1AEFH         LINE#         136
  C:1AEFH         LINE#         137
  C:1AF1H         LINE#         139
  C:1AF1H         LINE#         140
  C:1AF4H         LINE#         143
  C:1AF9H         LINE#         144
  C:1AFBH         LINE#         145
BL51 BANKED LINKER/LOCATER V6.22.4.0                                                  08/09/2024  17:08:39  PAGE 18


  C:1AFBH         LINE#         146
  C:1AFDH         LINE#         148
  C:1AFDH         LINE#         149
  C:1B07H         LINE#         150
  C:1B07H         LINE#         151
  C:1B07H         LINE#         440
  C:1B07H         LINE#         443
  C:1B07H         LINE#         444
  -------         ENDPROC       TIMR2_IRQHANDLER
  -------         ENDMOD        TMR2

  -------         MODULE        ADC
  C:0000H         SYMBOL        _ICE_DUMMY_
  C:2363H         PUBLIC        adc_config
  C:1B22H         PUBLIC        adc_getval
  D:0099H         PUBLIC        ADC_CHS0
  D:0093H         PUBLIC        ADC_DATAH0
  D:0094H         PUBLIC        ADC_DATAL0
  X:6451H         PUBLIC        adc_val
  C:23E7H         PUBLIC        __adc_getval
  -------         PROC          ADC_CONFIG
  C:2363H         LINE#         7
  C:2363H         LINE#         8
  C:2363H         LINE#         10
  C:2369H         LINE#         13
  C:2370H         LINE#         14
  C:2374H         LINE#         15
  C:2378H         LINE#         17
  C:237EH         LINE#         22
  C:2381H         LINE#         25
  C:2387H         LINE#         27
  -------         ENDPROC       ADC_CONFIG
  -------         PROC          __ADC_GETVAL
  C:23E7H         LINE#         31
  C:23E7H         LINE#         32
  C:23E7H         LINE#         33
  C:23EDH         LINE#         34
  C:23F3H         LINE#         36
  C:23F6H         LINE#         37
  C:2409H         LINE#         38
  -------         ENDPROC       __ADC_GETVAL
  -------         PROC          ADC_GETVAL
  -------         DO            
  X:642DH         SYMBOL        cnt
  X:642EH         SYMBOL        g_temp_value
  X:6432H         SYMBOL        g_tmpbuff
  X:6436H         SYMBOL        g_adcmax
  X:643AH         SYMBOL        g_adcmin
  -------         ENDDO         
  C:1B22H         LINE#         41
  C:1B22H         LINE#         42
  C:1B22H         LINE#         57
  C:1B27H         LINE#         58
  C:1B2FH         LINE#         59
  C:1B39H         LINE#         60
  C:1B43H         LINE#         61
  C:1B4DH         LINE#         63
BL51 BANKED LINKER/LOCATER V6.22.4.0                                                  08/09/2024  17:08:39  PAGE 19


  C:1B52H         LINE#         64
  C:1B52H         LINE#         65
  C:1B5EH         LINE#         66
  C:1B67H         LINE#         67
  C:1B67H         LINE#         68
  C:1B79H         LINE#         69
  C:1B85H         LINE#         70
  C:1B97H         LINE#         71
  C:1BA3H         LINE#         72
  C:1BB8H         LINE#         73
  C:1BC4H         LINE#         74
  C:1BD9H         LINE#         75
  C:1BEEH         LINE#         76
  C:1BFFH         LINE#         78
  C:1C0DH         LINE#         79
  -------         ENDPROC       ADC_GETVAL
  -------         ENDMOD        ADC

  -------         MODULE        KNOB
  C:0000H         SYMBOL        _ICE_DUMMY_
  C:255EH         PUBLIC        knob_config
  C:18BDH         PUBLIC        ___target_pwm_duty_update
  B:0090H.5       PUBLIC        P15
  B:0020H.5       SYMBOL        last_knob_on_off_pin
  B:0020H.6       SYMBOL        is_light_lowest_flag
  X:6453H         SYMBOL        last_adc_val
  C:0514H         PUBLIC        knob_handle
  -------         PROC          KNOB_CONFIG
  C:255EH         LINE#         11
  C:255EH         LINE#         12
  C:255EH         LINE#         14
  C:2561H         LINE#         16
  C:2564H         LINE#         18
  C:2567H         LINE#         19
  C:2576H         LINE#         20
  C:257AH         LINE#         21
  -------         ENDPROC       KNOB_CONFIG
  -------         PROC          ___TARGET_PWM_DUTY_UPDATE
  X:6428H         SYMBOL        __target_pwm_duty
  -------         DO            
  X:642AH         SYMBOL        target_pwm_duty
  -------         DO            
  X:642CH         SYMBOL        i
  -------         ENDDO         
  -------         ENDDO         
  C:18BDH         LINE#         23
  C:18C5H         LINE#         24
  C:18C5H         LINE#         27
  C:18CAH         LINE#         29
  C:18CDH         LINE#         31
  C:1915H         LINE#         33
  C:1915H         LINE#         36
  C:1918H         LINE#         37
  C:1918H         LINE#         39
  C:1927H         LINE#         43
  C:1948H         LINE#         46
  C:1955H         LINE#         49
BL51 BANKED LINKER/LOCATER V6.22.4.0                                                  08/09/2024  17:08:39  PAGE 20


  C:1955H         LINE#         50
  C:1964H         LINE#         51
  C:1964H         LINE#         52
  C:196BH         LINE#         53
  C:196BH         LINE#         54
  C:196DH         LINE#         55
  C:1974H         LINE#         56
  C:1974H         LINE#         57
  C:1983H         LINE#         58
  C:1983H         LINE#         59
  C:198AH         LINE#         60
  C:198AH         LINE#         61
  C:198AH         LINE#         63
  C:1999H         LINE#         64
  C:1999H         LINE#         65
  C:199EH         LINE#         66
  C:199FH         LINE#         67
  C:199FH         LINE#         68
  C:19A2H         LINE#         69
  C:19B6H         LINE#         70
  C:19B6H         LINE#         71
  C:19B8H         LINE#         72
  C:19BDH         LINE#         73
  C:19BDH         LINE#         74
  C:19C9H         LINE#         76
  C:19D3H         LINE#         77
  C:19D3H         LINE#         78
  C:19D9H         LINE#         79
  C:19DBH         LINE#         81
  C:19DBH         LINE#         82
  C:19E1H         LINE#         83
  C:19E1H         LINE#         85
  C:19E3H         LINE#         86
  C:1A0CH         LINE#         87
  C:1A0EH         LINE#         89
  C:1A0EH         LINE#         90
  C:1A10H         LINE#         91
  C:1A10H         LINE#         93
  C:1A18H         LINE#         94
  -------         ENDPROC       ___TARGET_PWM_DUTY_UPDATE
  -------         PROC          KNOB_HANDLE
  -------         DO            
  X:6424H         SYMBOL        i
  X:6425H         SYMBOL        target_pwm_duty
  -------         DO            
  X:6427H         SYMBOL        i
  -------         ENDDO         
  -------         ENDDO         
  C:0514H         LINE#         97
  C:0514H         LINE#         98
  C:0514H         LINE#         99
  C:0519H         LINE#         103
  C:051DH         LINE#         112
  C:0526H         LINE#         113
  C:0526H         LINE#         115
  C:0526H         LINE#         116
  C:052CH         LINE#         117
BL51 BANKED LINKER/LOCATER V6.22.4.0                                                  08/09/2024  17:08:39  PAGE 21


  C:052CH         LINE#         118
  C:0537H         LINE#         119
  C:0543H         LINE#         120
  C:0543H         LINE#         122
  C:0543H         LINE#         126
  C:0547H         LINE#         129
  C:054EH         LINE#         130
  C:0553H         LINE#         131
  C:055EH         LINE#         132
  C:0561H         LINE#         133
  C:0564H         LINE#         134
  C:0566H         LINE#         135
  C:0568H         LINE#         138
  C:056AH         LINE#         139
  C:056FH         LINE#         141
  C:056FH         LINE#         142
  C:0578H         LINE#         143
  C:0578H         LINE#         144
  C:0583H         LINE#         145
  C:058FH         LINE#         146
  C:058FH         LINE#         148
  C:058FH         LINE#         151
  C:0598H         LINE#         153
  C:0598H         LINE#         155
  C:059BH         LINE#         156
  C:059DH         LINE#         157
  C:05A4H         LINE#         158
  C:05A4H         LINE#         160
  C:05A4H         LINE#         161
  C:05A6H         LINE#         162
  C:05ADH         LINE#         163
  C:05ADH         LINE#         165
  C:05B0H         LINE#         166
  C:05B3H         LINE#         167
  C:05B5H         LINE#         168
  C:05BCH         LINE#         169
  C:05BCH         LINE#         170
  C:05CCH         LINE#         171
  C:05CFH         LINE#         172
  C:05D2H         LINE#         174
  C:05D7H         LINE#         178
  C:05E6H         LINE#         179
  C:05E6H         LINE#         181
  C:05E8H         LINE#         182
  C:05EAH         LINE#         184
  C:05EAH         LINE#         186
  C:05ECH         LINE#         187
  C:05ECH         LINE#         188
  C:05ECH         LINE#         190
  C:05EEH         LINE#         191
  C:05F3H         LINE#         192
  C:05F3H         LINE#         194
  C:05F7H         LINE#         197
  C:05FAH         LINE#         205
  C:0648H         LINE#         207
  C:0648H         LINE#         211
  C:0648H         LINE#         213
BL51 BANKED LINKER/LOCATER V6.22.4.0                                                  08/09/2024  17:08:39  PAGE 22


  C:0657H         LINE#         217
  C:0678H         LINE#         220
  C:0685H         LINE#         223
  C:0685H         LINE#         224
  C:0694H         LINE#         225
  C:0694H         LINE#         226
  C:069BH         LINE#         227
  C:069BH         LINE#         228
  C:069DH         LINE#         229
  C:06A4H         LINE#         230
  C:06A4H         LINE#         231
  C:06B3H         LINE#         232
  C:06B3H         LINE#         233
  C:06BAH         LINE#         234
  C:06BAH         LINE#         235
  C:06BAH         LINE#         237
  C:06C9H         LINE#         239
  C:06C9H         LINE#         240
  C:06CEH         LINE#         241
  C:06CFH         LINE#         242
  C:06CFH         LINE#         243
  C:06D2H         LINE#         244
  C:06E6H         LINE#         245
  C:06E6H         LINE#         246
  C:06E9H         LINE#         248
  C:06E9H         LINE#         249
  C:06F5H         LINE#         251
  C:06FFH         LINE#         252
  C:06FFH         LINE#         253
  C:0705H         LINE#         254
  C:0707H         LINE#         256
  C:0707H         LINE#         257
  C:070DH         LINE#         258
  C:070DH         LINE#         259
  C:070FH         LINE#         260
  C:0738H         LINE#         261
  C:073AH         LINE#         263
  C:073AH         LINE#         264
  C:073CH         LINE#         265
  C:073CH         LINE#         272
  C:073CH         LINE#         273
  C:073CH         LINE#         274
  C:074FH         LINE#         276
  C:0755H         LINE#         277
  C:0755H         LINE#         279
  C:075BH         LINE#         280
  C:075BH         LINE#         283
  C:075BH         LINE#         285
  C:0771H         LINE#         286
  C:0771H         LINE#         289
  C:0774H         LINE#         290
  C:0774H         LINE#         292
  C:0777H         LINE#         293
  C:077AH         LINE#         295
  C:077CH         LINE#         296
  C:0781H         LINE#         297
  C:0781H         LINE#         299
BL51 BANKED LINKER/LOCATER V6.22.4.0                                                  08/09/2024  17:08:39  PAGE 23


  C:0791H         LINE#         300
  C:07A0H         LINE#         302
  C:07A2H         LINE#         303
  C:07A4H         LINE#         304
  C:07B9H         LINE#         305
  C:07B9H         LINE#         307
  C:07C6H         LINE#         308
  C:07D5H         LINE#         310
  C:07D7H         LINE#         311
  C:07D9H         LINE#         312
  C:07F0H         LINE#         313
  C:07F0H         LINE#         318
  C:07F0H         LINE#         319
  C:07F0H         LINE#         321
  C:07F2H         LINE#         322
  C:07F5H         LINE#         323
  C:07FBH         LINE#         324
  C:07FBH         LINE#         327
  C:0801H         LINE#         328
  C:0801H         LINE#         330
  C:0816H         LINE#         331
  C:0816H         LINE#         342
  C:0823H         LINE#         343
  C:082DH         LINE#         345
  C:082DH         LINE#         346
  C:0830H         LINE#         347
  C:0848H         LINE#         348
  C:0848H         LINE#         350
  C:0855H         LINE#         351
  C:085FH         LINE#         353
  C:085FH         LINE#         354
  C:0862H         LINE#         356
  C:0862H         LINE#         359
  C:0862H         LINE#         360
  C:0862H         LINE#         361
  C:0862H         LINE#         362
  C:086AH         LINE#         363
  C:086AH         LINE#         365
  C:087FH         LINE#         366
  C:087FH         LINE#         377
  C:088CH         LINE#         378
  C:0896H         LINE#         380
  C:0896H         LINE#         381
  C:0898H         LINE#         382
  C:08B0H         LINE#         383
  C:08B0H         LINE#         385
  C:08BDH         LINE#         386
  C:08C7H         LINE#         388
  C:08C7H         LINE#         389
  C:08CAH         LINE#         391
  C:08CAH         LINE#         394
  C:08CAH         LINE#         395
  C:08CAH         LINE#         396
  C:08CAH         LINE#         397
  C:08D5H         LINE#         398
  C:08D5H         LINE#         402
  C:08EAH         LINE#         403
BL51 BANKED LINKER/LOCATER V6.22.4.0                                                  08/09/2024  17:08:39  PAGE 24


  C:08EAH         LINE#         416
  C:08F7H         LINE#         417
  C:0902H         LINE#         418
  C:0911H         LINE#         420
  C:0913H         LINE#         421
  C:0915H         LINE#         422
  C:092AH         LINE#         423
  C:092AH         LINE#         425
  C:0937H         LINE#         426
  C:0942H         LINE#         428
  C:0951H         LINE#         430
  C:0953H         LINE#         431
  C:0953H         LINE#         433
  C:0953H         LINE#         435
  C:0953H         LINE#         436
  C:0953H         LINE#         437
  C:0953H         LINE#         439
  C:0953H         LINE#         440
  C:0953H         LINE#         441
  C:0953H         LINE#         442
  C:0953H         LINE#         445
  C:095EH         LINE#         446
  C:0961H         LINE#         447
  -------         ENDPROC       KNOB_HANDLE
  -------         ENDMOD        KNOB

  -------         MODULE        MAIN
  C:0000H         SYMBOL        _ICE_DUMMY_
  C:0027H         PUBLIC        main
  D:00D9H         PUBLIC        WDT_KEY
  -------         PROC          MAIN
  C:0027H         LINE#         37
  C:0027H         LINE#         38
  C:0027H         LINE#         40
  C:002AH         LINE#         42
  C:002DH         LINE#         43
  C:0034H         LINE#         44
  C:0037H         LINE#         46
  C:003AH         LINE#         49
  -------         ENDPROC       MAIN
  -------         ENDMOD        MAIN

  -------         MODULE        TK_USER
  C:0000H         SYMBOL        _ICE_DUMMY_
  C:0060H         PUBLIC        user_handle
  C:2719H         PUBLIC        user_init
  -------         PROC          USER_INIT
  C:2719H         LINE#         155
  C:2719H         LINE#         156
  C:2719H         LINE#         164
  C:271CH         LINE#         165
  C:271FH         LINE#         166
  -------         ENDPROC       USER_INIT
  -------         PROC          USER_HANDLE
  -------         DO            
  X:6424H         SYMBOL        KeyOnOutput
  X:6444H         SYMBOL        KeyOld
BL51 BANKED LINKER/LOCATER V6.22.4.0                                                  08/09/2024  17:08:39  PAGE 25


  X:6448H         SYMBOL        long_touch_flag
  X:6449H         SYMBOL        cnt
  X:6428H         SYMBOL        i
  -------         ENDDO         
  C:0060H         LINE#         630
  C:0060H         LINE#         631
  C:0060H         LINE#         632
  C:006EH         LINE#         640
  C:0078H         LINE#         642
  C:00A2H         LINE#         643
  C:00A2H         LINE#         645
  C:00C3H         LINE#         646
  C:00C3H         LINE#         649
  C:00CEH         LINE#         650
  C:00D1H         LINE#         652
  C:00E5H         LINE#         653
  C:00E5H         LINE#         655
  C:00FEH         LINE#         658
  C:0110H         LINE#         659
  C:0110H         LINE#         660
  C:0115H         LINE#         661
  C:0115H         LINE#         663
  C:0115H         LINE#         665
  C:0115H         LINE#         666
  C:0115H         LINE#         667
  C:0115H         LINE#         669
  C:0115H         LINE#         672
  C:0115H         LINE#         673
  C:0115H         LINE#         675
  C:0127H         LINE#         676
  C:0127H         LINE#         677
  C:012DH         LINE#         678
  C:012FH         LINE#         679
  C:012FH         LINE#         680
  C:014BH         LINE#         682
  C:015DH         LINE#         683
  C:015DH         LINE#         684
  C:0163H         LINE#         685
  C:0166H         LINE#         687
  C:0166H         LINE#         689
  C:0170H         LINE#         692
  C:0182H         LINE#         693
  C:0182H         LINE#         696
  C:0196H         LINE#         697
  C:0196H         LINE#         698
  C:0199H         LINE#         699
  C:01A7H         LINE#         701
  C:01ACH         LINE#         702
  C:01AEH         LINE#         708
  C:01AEH         LINE#         709
  C:01C0H         LINE#         710
  C:01C0H         LINE#         713
  C:01D1H         LINE#         714
  C:01D1H         LINE#         715
  C:01D4H         LINE#         716
  C:01E2H         LINE#         718
  C:01E7H         LINE#         719
BL51 BANKED LINKER/LOCATER V6.22.4.0                                                  08/09/2024  17:08:39  PAGE 26


  C:01E9H         LINE#         725
  C:01ECH         LINE#         727
  C:01ECH         LINE#         728
  C:01FEH         LINE#         729
  C:01FEH         LINE#         735
  C:0212H         LINE#         736
  C:0212H         LINE#         737
  C:0215H         LINE#         738
  C:0223H         LINE#         740
  C:0228H         LINE#         741
  C:022AH         LINE#         747
  C:022AH         LINE#         748
  C:023CH         LINE#         749
  C:023CH         LINE#         755
  C:0250H         LINE#         756
  C:0250H         LINE#         757
  C:0253H         LINE#         758
  C:0261H         LINE#         760
  C:0266H         LINE#         761
  C:0268H         LINE#         767
  C:0268H         LINE#         768
  C:027AH         LINE#         769
  C:027AH         LINE#         775
  C:028EH         LINE#         776
  C:028EH         LINE#         777
  C:0291H         LINE#         778
  C:029FH         LINE#         780
  C:02A4H         LINE#         781
  C:02A6H         LINE#         787
  C:02A6H         LINE#         788
  C:02B8H         LINE#         789
  C:02B8H         LINE#         795
  C:02CCH         LINE#         796
  C:02CCH         LINE#         797
  C:02CFH         LINE#         798
  C:02DDH         LINE#         800
  C:02E2H         LINE#         801
  C:02E4H         LINE#         807
  C:02E4H         LINE#         808
  C:02E4H         LINE#         809
  C:02E4H         LINE#         812
  C:0302H         LINE#         813
  C:0302H         LINE#         814
  C:030EH         LINE#         818
  C:0323H         LINE#         819
  C:0323H         LINE#         826
  C:0337H         LINE#         827
  C:0337H         LINE#         828
  C:033AH         LINE#         829
  C:0348H         LINE#         832
  C:034BH         LINE#         833
  C:034BH         LINE#         834
  C:034EH         LINE#         835
  C:034EH         LINE#         837
  C:0351H         LINE#         838
  C:0351H         LINE#         840
  C:0360H         LINE#         841
BL51 BANKED LINKER/LOCATER V6.22.4.0                                                  08/09/2024  17:08:39  PAGE 27


  C:0360H         LINE#         842
  C:0360H         LINE#         843
  C:0360H         LINE#         844
  C:0362H         LINE#         852
  C:0362H         LINE#         854
  C:0371H         LINE#         855
  C:0371H         LINE#         856
  C:0371H         LINE#         857
  C:0371H         LINE#         858
  C:0373H         LINE#         860
  C:0373H         LINE#         862
  C:037EH         LINE#         863
  C:037EH         LINE#         864
  C:037EH         LINE#         865
  C:0381H         LINE#         866
  C:0387H         LINE#         867
  C:0387H         LINE#         869
  C:0387H         LINE#         870
  C:0387H         LINE#         871
  C:0387H         LINE#         872
  C:038AH         LINE#         873
  C:0390H         LINE#         874
  C:0390H         LINE#         877
  C:0396H         LINE#         878
  C:0396H         LINE#         880
  C:0399H         LINE#         881
  C:0399H         LINE#         893
  C:03ABH         LINE#         894
  C:03ABH         LINE#         895
  C:03AFH         LINE#         896
  C:03AFH         LINE#         897
  C:03B1H         LINE#         899
  C:03B1H         LINE#         901
  C:03B1H         LINE#         902
  C:03B1H         LINE#         904
  C:03B1H         LINE#         906
  C:03C3H         LINE#         907
  C:03C3H         LINE#         908
  C:03D0H         LINE#         909
  C:03DAH         LINE#         910
  C:03DDH         LINE#         912
  C:03DDH         LINE#         917
  C:03DDH         LINE#         918
  C:03DDH         LINE#         919
  C:03DDH         LINE#         920
  C:03E5H         LINE#         921
  C:03E5H         LINE#         923
  C:03E8H         LINE#         924
  C:03E8H         LINE#         935
  C:03FAH         LINE#         936
  C:03FAH         LINE#         937
  C:0407H         LINE#         938
  C:0411H         LINE#         939
  C:0414H         LINE#         941
  C:0414H         LINE#         943
  C:0414H         LINE#         944
  C:0414H         LINE#         946
BL51 BANKED LINKER/LOCATER V6.22.4.0                                                  08/09/2024  17:08:39  PAGE 28


  C:0414H         LINE#         948
  C:0426H         LINE#         949
  C:0426H         LINE#         950
  C:0433H         LINE#         951
  C:043DH         LINE#         954
  C:043FH         LINE#         956
  C:043FH         LINE#         962
  C:043FH         LINE#         963
  C:043FH         LINE#         964
  C:043FH         LINE#         965
  C:0447H         LINE#         966
  C:0447H         LINE#         968
  C:044AH         LINE#         969
  C:044AH         LINE#         983
  C:0459H         LINE#         984
  C:0459H         LINE#         985
  C:0466H         LINE#         986
  C:0471H         LINE#         987
  C:047BH         LINE#         990
  C:047DH         LINE#         992
  C:047DH         LINE#         994
  C:047DH         LINE#         995
  C:047DH         LINE#         997
  C:047DH         LINE#         999
  C:048CH         LINE#         1000
  C:048CH         LINE#         1001
  C:0499H         LINE#         1002
  C:04A4H         LINE#         1003
  C:04B3H         LINE#         1007
  C:04B5H         LINE#         1009
  C:04B5H         LINE#         1016
  C:04B5H         LINE#         1017
  C:04B5H         LINE#         1018
  C:04B5H         LINE#         1019
  C:04BCH         LINE#         1020
  C:04BCH         LINE#         1022
  C:04BEH         LINE#         1023
  C:04C0H         LINE#         1024
  C:04C0H         LINE#         1025
  C:04C0H         LINE#         1029
  C:04C5H         LINE#         1031
  C:04D0H         LINE#         1032
  C:04D3H         LINE#         1035
  C:04D6H         LINE#         1036
  C:04D6H         LINE#         1038
  C:04D8H         LINE#         1039
  C:04D9H         LINE#         1041
  C:04D9H         LINE#         1043
  C:04DBH         LINE#         1044
  C:04DBH         LINE#         1045
  C:04DBH         LINE#         1046
  C:04DCH         LINE#         1047
  C:04F4H         LINE#         1048
  C:04F4H         LINE#         1079
  C:04F8H         LINE#         1080
  C:0500H         LINE#         1081
  C:050AH         LINE#         1082
BL51 BANKED LINKER/LOCATER V6.22.4.0                                                  08/09/2024  17:08:39  PAGE 29


  C:0513H         LINE#         1083
  C:0513H         LINE#         1085
  -------         ENDPROC       USER_HANDLE
  -------         ENDMOD        TK_USER

  -------         MODULE        TK_SET
  C:0000H         SYMBOL        _ICE_DUMMY_
  C:23A7H         PUBLIC        __tk_use_num
  C:23A1H         PUBLIC        __tk_cs_en
  C:23A5H         PUBLIC        __tk_nm_cm_value
  C:23A3H         PUBLIC        __tk_nm_num
  C:2259H         PUBLIC        WUT_IRQHandler
  X:63DCH         PUBLIC        __tk_i_set
  C:23A2H         PUBLIC        __tk_tp_en
  C:2392H         PUBLIC        __tk_adjust_line
  X:63E8H         PUBLIC        __tk_confirm_cnt
  C:2396H         PUBLIC        __tk_adjust_time
  C:239FH         PUBLIC        __tk_noise_value
  C:239BH         PUBLIC        __tk_valid_time
  C:2398H         PUBLIC        __tk_adjust_diff_valu
  C:23A4H         PUBLIC        __tk_base_update_cnt
  X:63EEH         PUBLIC        __tk_update_cnt
  C:229FH         PUBLIC        TK_IRQHandler
  C:171DH         PUBLIC        tk_handle
  X:63F4H         PUBLIC        __tk_leave_cnt
  C:23A8H         SYMBOL        TK_CH_EN_BUG
  D:00A8H         PUBLIC        IE0
  D:00A9H         PUBLIC        IE1
  D:00AAH         PUBLIC        IE2
  D:00ABH         PUBLIC        IE3
  C:239AH         PUBLIC        __tk_adjust_en
  X:63FAH         PUBLIC        __tk_ch_index
  D:00B8H         PUBLIC        IP0
  D:00B1H         PUBLIC        IP1
  D:00B2H         PUBLIC        IP2
  C:118EH         PUBLIC        tk_gpio_config
  D:00B3H         PUBLIC        IP3
  D:00B4H         PUBLIC        IP4
  D:00B5H         PUBLIC        IP5
  D:00B6H         PUBLIC        IP6
  D:00B7H         PUBLIC        IP7
  X:6000H         PUBLIC        __tk_ch_data_0
  X:600CH         PUBLIC        __tk_ch_data_1
  X:6018H         PUBLIC        __tk_ch_data_2
  X:6030H         PUBLIC        __tk_ch_data_3
  X:603CH         PUBLIC        __tk_ch_data_4
  X:6400H         PUBLIC        __tk_ch_data_5
  X:640CH         PUBLIC        __tk_ch_data_6
  C:1D8AH         PUBLIC        tk_param_init
  C:23A6H         PUBLIC        __tk_cm_valu
  C:239DH         PUBLIC        __tk_long_key_time
  X:6418H         PUBLIC        __tk_ch_fth
  B:00A8H.7       PUBLIC        IE_EA
  C:220AH         PUBLIC        tk_init
  -------         PROC          TK_GPIO_CONFIG
  -------         DO            
  D:0007H         SYMBOL        i
BL51 BANKED LINKER/LOCATER V6.22.4.0                                                  08/09/2024  17:08:39  PAGE 30


  -------         ENDDO         
  C:118EH         LINE#         263
  C:118EH         LINE#         264
  C:118EH         LINE#         265
  C:1190H         LINE#         267
  C:1190H         LINE#         268
  C:1190H         LINE#         270
  C:11A3H         LINE#         271
  C:11A3H         LINE#         272
  C:11B3H         LINE#         273
  C:11B3H         LINE#         274
  C:11D6H         LINE#         275
  C:11F4H         LINE#         276
  C:11F7H         LINE#         278
  C:11F7H         LINE#         279
  C:121CH         LINE#         280
  C:123CH         LINE#         281
  C:123CH         LINE#         282
  C:123FH         LINE#         283
  C:1265H         LINE#         284
  C:1265H         LINE#         285
  C:1275H         LINE#         286
  C:1275H         LINE#         287
  C:129AH         LINE#         288
  C:12BAH         LINE#         289
  C:12BDH         LINE#         291
  C:12BDH         LINE#         292
  C:12E2H         LINE#         293
  C:1302H         LINE#         294
  C:1302H         LINE#         295
  C:1305H         LINE#         297
  C:1305H         LINE#         298
  C:1315H         LINE#         299
  C:1315H         LINE#         300
  C:133AH         LINE#         301
  C:135AH         LINE#         302
  C:135CH         LINE#         304
  C:135CH         LINE#         305
  C:1381H         LINE#         306
  C:13A5H         LINE#         307
  C:13A5H         LINE#         308
  C:13A5H         LINE#         309
  C:13AEH         LINE#         310
  -------         ENDPROC       TK_GPIO_CONFIG
  -------         PROC          TK_IRQHANDLER
  C:229FH         LINE#         317
  C:22BCH         LINE#         319
  C:22BCH         LINE#         320
  C:22C2H         LINE#         321
  C:22C2H         LINE#         322
  C:22C6H         LINE#         323
  C:22C9H         LINE#         324
  C:22C9H         LINE#         325
  C:22C9H         LINE#         326
  -------         ENDPROC       TK_IRQHANDLER
  -------         PROC          TK_INIT
  C:220AH         LINE#         333
BL51 BANKED LINKER/LOCATER V6.22.4.0                                                  08/09/2024  17:08:39  PAGE 31


  C:220AH         LINE#         334
  C:220AH         LINE#         335
  C:220CH         LINE#         336
  C:220FH         LINE#         337
  C:2212H         LINE#         338
  C:2219H         LINE#         339
  C:221CH         LINE#         340
  C:2221H         LINE#         341
  C:2225H         LINE#         342
  C:222AH         LINE#         343
  C:222EH         LINE#         344
  C:2233H         LINE#         345
  C:2237H         LINE#         346
  C:223CH         LINE#         347
  C:2240H         LINE#         348
  C:2243H         LINE#         349
  C:2245H         LINE#         350
  C:2247H         LINE#         351
  C:224CH         LINE#         352
  C:2250H         LINE#         353
  C:2254H         LINE#         354
  C:2258H         LINE#         355
  -------         ENDPROC       TK_INIT
  -------         PROC          WUT_IRQHANDLER
  C:2259H         LINE#         362
  C:2276H         LINE#         365
  C:2276H         LINE#         367
  C:227DH         LINE#         368
  C:227DH         LINE#         369
  C:2281H         LINE#         370
  C:2284H         LINE#         371
  C:2284H         LINE#         374
  C:2284H         LINE#         375
  -------         ENDPROC       WUT_IRQHANDLER
  -------         PROC          TK_PARAM_INIT
  -------         DO            
  D:0003H         SYMBOL        i
  -------         ENDDO         
  C:1D8AH         LINE#         404
  C:1D8AH         LINE#         405
  C:1D8AH         LINE#         406
  C:1D8CH         LINE#         409
  C:1D8CH         LINE#         410
  C:1D8CH         LINE#         411
  C:1DAAH         LINE#         412
  C:1DD0H         LINE#         413
  C:1DE2H         LINE#         414
  C:1E0FH         LINE#         415
  C:1E18H         LINE#         418
  C:1E1BH         LINE#         421
  C:1E1EH         LINE#         424
  -------         ENDPROC       TK_PARAM_INIT
  -------         PROC          TK_HANDLE
  C:171DH         LINE#         435
  C:171DH         LINE#         436
  C:171DH         LINE#         438
  C:1720H         LINE#         441
BL51 BANKED LINKER/LOCATER V6.22.4.0                                                  08/09/2024  17:08:39  PAGE 32


  C:1723H         LINE#         443
  C:1726H         LINE#         444
  C:1729H         LINE#         455
  C:172CH         LINE#         456
  C:172CH         LINE#         457
  C:172FH         LINE#         458
  C:172FH         LINE#         461
  C:172FH         LINE#         462
  C:172FH         LINE#         464
  C:1732H         LINE#         465
  C:1732H         LINE#         467
  C:1735H         LINE#         469
  C:1740H         LINE#         470
  C:174AH         LINE#         471
  C:1759H         LINE#         472
  C:1759H         LINE#         473
  C:175BH         LINE#         474
  C:1764H         LINE#         475
  C:1764H         LINE#         476
  C:1766H         LINE#         478
  C:1766H         LINE#         480
  C:1769H         LINE#         483
  C:176CH         LINE#         484
  C:176CH         LINE#         486
  C:176FH         LINE#         489
  C:1772H         LINE#         490
  C:1772H         LINE#         491
  C:1774H         LINE#         494
  C:1777H         LINE#         495
  C:1777H         LINE#         496
  C:177AH         LINE#         497
  C:177AH         LINE#         500
  C:1780H         LINE#         506
  C:1782H         LINE#         507
  C:1787H         LINE#         510
  C:1789H         LINE#         511
  C:178BH         LINE#         513
  C:178BH         LINE#         516
  C:1791H         LINE#         522
  C:1793H         LINE#         523
  C:1798H         LINE#         525
  C:17A4H         LINE#         526
  C:17A4H         LINE#         528
  C:17A6H         LINE#         529
  C:17A8H         LINE#         531
  C:17A8H         LINE#         533
  C:17AAH         LINE#         534
  C:17AAH         LINE#         535
  C:17AAH         LINE#         536
  C:17ACH         LINE#         538
  C:17ACH         LINE#         539
  C:17B4H         LINE#         540
  C:17B4H         LINE#         541
  C:17C4H         LINE#         542
  C:17C7H         LINE#         543
  C:17CAH         LINE#         545
  C:17CFH         LINE#         546
BL51 BANKED LINKER/LOCATER V6.22.4.0                                                  08/09/2024  17:08:39  PAGE 33


  C:17D1H         LINE#         547
  C:17D5H         LINE#         549
  C:17E1H         LINE#         550
  C:17E1H         LINE#         552
  C:17E3H         LINE#         553
  C:17E6H         LINE#         555
  C:17E6H         LINE#         557
  C:17E8H         LINE#         558
  C:17E8H         LINE#         559
  C:17EBH         LINE#         560
  C:17F1H         LINE#         561
  C:17F1H         LINE#         562
  C:1800H         LINE#         564
  C:1806H         LINE#         565
  C:1809H         LINE#         567
  C:1814H         LINE#         568
  C:1817H         LINE#         570
  C:181DH         LINE#         571
  C:181FH         LINE#         572
  C:1824H         LINE#         574
  C:1830H         LINE#         575
  C:1830H         LINE#         577
  C:1832H         LINE#         578
  C:1835H         LINE#         580
  C:1835H         LINE#         582
  C:1837H         LINE#         583
  C:1837H         LINE#         584
  C:183AH         LINE#         585
  C:1842H         LINE#         586
  C:1842H         LINE#         587
  C:1852H         LINE#         588
  C:1855H         LINE#         589
  C:1860H         LINE#         591
  C:1863H         LINE#         593
  C:1869H         LINE#         594
  C:186BH         LINE#         595
  C:1870H         LINE#         597
  C:187CH         LINE#         598
  C:187CH         LINE#         600
  C:187EH         LINE#         601
  C:1881H         LINE#         603
  C:1881H         LINE#         605
  C:1883H         LINE#         606
  C:1883H         LINE#         607
  C:1886H         LINE#         608
  C:1891H         LINE#         609
  C:1891H         LINE#         610
  C:1897H         LINE#         611
  C:189CH         LINE#         612
  C:18A7H         LINE#         613
  C:18AAH         LINE#         614
  C:18ADH         LINE#         616
  C:18B3H         LINE#         617
  C:18B5H         LINE#         618
  C:18BAH         LINE#         622
  C:18BAH         LINE#         623
  C:18BAH         LINE#         624
BL51 BANKED LINKER/LOCATER V6.22.4.0                                                  08/09/2024  17:08:39  PAGE 34


  C:18BAH         LINE#         636
  -------         ENDPROC       TK_HANDLE
  -------         ENDMOD        TK_SET

  -------         MODULE        SEND_DATA
  C:0000H         SYMBOL        _ICE_DUMMY_
  C:22E4H         PUBLIC        _send_key_status
  -------         PROC          _SEND_KEY_STATUS
  D:0007H         SYMBOL        key_index
  -------         DO            
  D:0005H         SYMBOL        tmp
  X:642CH         SYMBOL        send_datas
  -------         ENDDO         
  C:22E4H         LINE#         12
  C:22E4H         LINE#         13
  C:22E4H         LINE#         14
  C:22E5H         LINE#         15
  C:22EBH         LINE#         16
  C:22FBH         LINE#         17
  C:2302H         LINE#         18
  C:2310H         LINE#         19
  C:2315H         LINE#         20
  C:231DH         LINE#         21
  -------         ENDPROC       _SEND_KEY_STATUS
  -------         ENDMOD        SEND_DATA

  -------         MODULE        MY_SYS
  C:0000H         SYMBOL        _ICE_DUMMY_
  X:6024H         PUBLIC        light_control_flag
  B:0020H.0       PUBLIC        light_on_off_status
  B:0020H.1       PUBLIC        touch_ctl_enable
  B:0020H.2       PUBLIC        is_touch_key_light_press
  X:6025H         PUBLIC        cur_pwm_duty
  B:0020H.3       PUBLIC        light_adjust_add_sub_flag
  B:0020H.4       PUBLIC        light_ctl_mode
  X:6027H         PUBLIC        touch_ctl_enable_time_cnt
  X:6029H         PUBLIC        light_muilty_cur_status
  X:602AH         PUBLIC        cur_yellow_duty
  X:602CH         PUBLIC        cur_white_duty
  X:602EH         PUBLIC        cur_yellow_white_duty
  -------         ENDMOD        MY_SYS

[...]
  C:21A8H         SYMBOL        __tk_i_source_adjust
  D:0054H         PUBLIC        __tk_lib_data_temp
  D:008AH         PUBLIC        MDU_ADR0
  C:1CEFH         PUBLIC        __tk_lib_init
  D:008BH         PUBLIC        MDU_ADR1
  X:63D9H         PUBLIC        __tk_p_data_process
  D:008CH         PUBLIC        MDU_ADR2
  B:0088H.0       PUBLIC        MDU_EN
  B:0021H.0       PUBLIC        __tk_long_key_flag
  D:0088H         PUBLIC        MDU_CTL0
  D:0089H         PUBLIC        MDU_CTL1
  D:0062H         PUBLIC        __tk_ms_flag
  C:1E21H         SYMBOL        __tk_baseline_init
  C:13AFH         SYMBOL        __tk_button_decide
  C:20C0H         PUBLIC        __tk_handler
  C:1568H         SYMBOL        ___tk_lib_i_adjust
  D:0063H         PUBLIC        __tk_cm_cnt
  -------         PROC          __TK_MODE_CONFIG
  C:2326H         LINE#         262
  C:2326H         LINE#         263
  C:2326H         LINE#         264
  C:2329H         LINE#         265
  C:2338H         LINE#         266
  C:233EH         LINE#         267
  C:2342H         LINE#         268
  C:2346H         LINE#         269
  C:234AH         LINE#         270
  C:234EH         LINE#         272
  C:235EH         LINE#         273
  -------         ENDPROC       __TK_MODE_CONFIG
  -------         PROC          ___TK_MODE_CARRY_FUNC
  X:642CH         SYMBOL        ch_index
  C:0F3CH         LINE#         283
  C:0F41H         LINE#         284
  C:0F41H         LINE#         285
  C:0F4FH         LINE#         286
  C:0F5BH         LINE#         288
  C:0F6EH         LINE#         289
  C:0F7EH         LINE#         291
  C:0F89H         LINE#         292
  C:0FB2H         LINE#         293
  C:0FE3H         LINE#         294
BL51 BANKED LINKER/LOCATER V6.22.4.0                                                  08/09/2024  17:08:39  PAGE 36


  C:1023H         LINE#         295
  C:1053H         LINE#         296
  C:1079H         LINE#         297
  C:1095H         LINE#         299
  C:10B0H         LINE#         300
  C:10C7H         LINE#         301
  C:10D4H         LINE#         302
  C:10D4H         LINE#         304
  C:10ECH         LINE#         305
  C:10FDH         LINE#         306
  C:1100H         LINE#         307
  C:1108H         LINE#         308
  C:111CH         LINE#         309
  C:112FH         LINE#         310
  C:1134H         LINE#         311
  C:1137H         LINE#         312
  C:113AH         LINE#         313
  C:113DH         LINE#         314
  C:113DH         LINE#         315
  C:113EH         LINE#         321
  C:1141H         LINE#         322
  C:116EH         LINE#         323
  C:118DH         LINE#         324
  C:118DH         LINE#         325
  C:118DH         LINE#         326
  -------         ENDPROC       ___TK_MODE_CARRY_FUNC
  -------         PROC          __TK_DATA_PROCESS
  C:0962H         LINE#         333
  C:0962H         LINE#         334
  C:0962H         LINE#         335
  C:0974H         LINE#         338
  C:098DH         LINE#         339
  C:0990H         LINE#         341
  C:09A6H         LINE#         342
  C:09A9H         LINE#         347
  C:09DBH         LINE#         348
  C:09E8H         LINE#         349
  C:09EBH         LINE#         350
  C:09EEH         LINE#         351
  C:09EEH         LINE#         352
  C:09F0H         LINE#         353
  C:09F3H         LINE#         354
  C:09F3H         LINE#         356
  C:09F8H         LINE#         357
  C:0A09H         LINE#         358
  C:0A1AH         LINE#         359
  C:0A1DH         LINE#         363
  C:0A33H         LINE#         364
  C:0A36H         LINE#         365
  C:0A46H         LINE#         366
  C:0A66H         LINE#         369
  C:0A7DH         LINE#         370
  C:0A80H         LINE#         371
  C:0A90H         LINE#         372
  C:0AB0H         LINE#         377
  C:0AB0H         LINE#         378
  C:0ACEH         LINE#         380
BL51 BANKED LINKER/LOCATER V6.22.4.0                                                  08/09/2024  17:08:39  PAGE 37


  C:0B08H         LINE#         381
  C:0B08H         LINE#         382
  C:0B08H         LINE#         383
  C:0B3FH         LINE#         384
  C:0B4DH         LINE#         385
  C:0B65H         LINE#         386
  C:0B72H         LINE#         387
  C:0B96H         LINE#         388
  C:0BBAH         LINE#         389
  C:0BBAH         LINE#         390
  C:0BBCH         LINE#         391
  C:0BC9H         LINE#         392
  C:0BC9H         LINE#         397
  C:0BEBH         LINE#         398
  C:0BEEH         LINE#         399
  C:0BFEH         LINE#         401
  C:0C16H         LINE#         402
  C:0C19H         LINE#         404
  C:0C30H         LINE#         405
  C:0C33H         LINE#         409
  C:0C54H         LINE#         410
  C:0C57H         LINE#         411
  C:0C67H         LINE#         413
  C:0C7FH         LINE#         414
  C:0C82H         LINE#         416
  C:0C98H         LINE#         417
  C:0C9BH         LINE#         422
  C:0CA0H         LINE#         423
  -------         ENDPROC       __TK_DATA_PROCESS
  -------         PROC          __TK_BUTTON_DECIDE
  C:13AFH         LINE#         430
  C:13AFH         LINE#         431
  C:13AFH         LINE#         432
  C:13C1H         LINE#         433
  C:13DFH         LINE#         434
  C:1411H         LINE#         435
  C:141EH         LINE#         436
  C:1423H         LINE#         437
  C:1498H         LINE#         438
  C:1498H         LINE#         439
  C:14A5H         LINE#         440
  C:14B3H         LINE#         442
  C:14C7H         LINE#         443
  C:14D4H         LINE#         444
  C:1501H         LINE#         445
  C:1525H         LINE#         446
  C:1553H         LINE#         447
  C:1553H         LINE#         448
  C:1555H         LINE#         449
  C:1562H         LINE#         450
  C:1562H         LINE#         451
  C:1567H         LINE#         452
  -------         ENDPROC       __TK_BUTTON_DECIDE
  -------         PROC          __TK_BASELINE_UPDATE
  C:1FC4H         LINE#         459
  C:1FC4H         LINE#         460
  C:1FC4H         LINE#         461
BL51 BANKED LINKER/LOCATER V6.22.4.0                                                  08/09/2024  17:08:39  PAGE 38


  C:1FD3H         LINE#         462
  C:1FE4H         LINE#         463
  C:1FF5H         LINE#         464
  C:2019H         LINE#         465
  C:203DH         LINE#         466
  C:2041H         LINE#         467
  -------         ENDPROC       __TK_BASELINE_UPDATE
  -------         PROC          __TK_BASELINE_INIT
  -------         DO            
  X:6048H         SYMBOL        init_flag
  -------         ENDDO         
  C:1E21H         LINE#         474
  C:1E21H         LINE#         475
  C:1E21H         LINE#         478
  C:1E30H         LINE#         479
  C:1E40H         LINE#         480
  C:1E49H         LINE#         481
  C:1E6EH         LINE#         482
  C:1E6EH         LINE#         483
  C:1E93H         LINE#         484
  C:1E93H         LINE#         485
  C:1E97H         LINE#         487
  C:1EA4H         LINE#         488
  C:1EA7H         LINE#         489
  C:1EA9H         LINE#         490
  C:1EAFH         LINE#         491
  C:1EAFH         LINE#         493
  -------         ENDPROC       __TK_BASELINE_INIT
  -------         PROC          __TK_LONG_KEY_CLEAR
  -------         DO            
  X:6049H         SYMBOL        __tk_long_cnt
  -------         ENDDO         
  C:2042H         LINE#         501
  C:2042H         LINE#         502
  C:2042H         LINE#         505
  C:2055H         LINE#         506
  C:2063H         LINE#         507
  C:207DH         LINE#         508
  C:2081H         LINE#         509
  C:2089H         LINE#         510
  C:2091H         LINE#         511
  C:2099H         LINE#         512
  C:209BH         LINE#         513
  C:209EH         LINE#         514
  C:20B5H         LINE#         515
  C:20B7H         LINE#         516
  C:20B7H         LINE#         517
  C:20B8H         LINE#         518
  C:20BFH         LINE#         519
  C:20BFH         LINE#         520
  -------         ENDPROC       __TK_LONG_KEY_CLEAR
  -------         PROC          ___TK_LIB_I_ADJUST
  X:643FH         SYMBOL        i_ch
  X:6440H         SYMBOL        adjust_line
  -------         DO            
  X:604BH         SYMBOL        sta_finish
  X:604CH         SYMBOL        n_sta
BL51 BANKED LINKER/LOCATER V6.22.4.0                                                  08/09/2024  17:08:39  PAGE 39


  X:604DH         SYMBOL        p_sta
  X:604EH         SYMBOL        min_iset
  X:604FH         SYMBOL        min_diff
  D:0022H         SYMBOL        diff
  D:0026H         SYMBOL        temp
  -------         ENDDO         
  C:1568H         LINE#         528
  C:156DH         LINE#         529
  C:156DH         LINE#         537
  C:1580H         LINE#         538
  C:1585H         LINE#         539
  C:1589H         LINE#         540
  C:1592H         LINE#         541
  C:1595H         LINE#         542
  C:1598H         LINE#         545
  C:15D5H         LINE#         546
  C:1600H         LINE#         547
  C:1616H         LINE#         548
  C:1616H         LINE#         550
  C:162DH         LINE#         551
  C:1643H         LINE#         552
  C:1646H         LINE#         553
  C:1648H         LINE#         555
  C:165BH         LINE#         557
  C:1677H         LINE#         558
  C:168AH         LINE#         559
  C:168DH         LINE#         560
  C:168DH         LINE#         561
  C:168FH         LINE#         563
  C:16ABH         LINE#         564
  C:16BEH         LINE#         565
  C:16C4H         LINE#         566
  C:16C4H         LINE#         567
  C:16C4H         LINE#         568
  C:16C4H         LINE#         569
  C:16D2H         LINE#         570
  C:16D6H         LINE#         571
  C:16D8H         LINE#         572
  C:16DDH         LINE#         573
  C:16DDH         LINE#         575
  C:16E5H         LINE#         576
  C:16FEH         LINE#         577
  C:1706H         LINE#         578
  C:170CH         LINE#         579
  C:1711H         LINE#         580
  C:1713H         LINE#         581
  C:1717H         LINE#         582
  C:171AH         LINE#         583
  C:171AH         LINE#         585
  C:171CH         LINE#         586
  -------         ENDPROC       ___TK_LIB_I_ADJUST
  -------         PROC          __TK_I_SOURCE_ADJUST
  -------         DO            
  X:643EH         SYMBOL        result
  -------         ENDDO         
  C:21A8H         LINE#         593
  C:21A8H         LINE#         594
BL51 BANKED LINKER/LOCATER V6.22.4.0                                                  08/09/2024  17:08:39  PAGE 40


  C:21A8H         LINE#         595
  C:21ADH         LINE#         597
  C:21C6H         LINE#         598
  C:21C8H         LINE#         600
  C:21CDH         LINE#         601
  C:21D0H         LINE#         602
  C:21D6H         LINE#         603
  C:21D6H         LINE#         605
  C:21E2H         LINE#         606
  C:21E5H         LINE#         607
  C:21E8H         LINE#         608
  C:21E8H         LINE#         609
  C:21E8H         LINE#         611
  C:21FFH         LINE#         612
  C:2201H         LINE#         613
  C:2204H         LINE#         614
  C:2204H         LINE#         615
  C:2209H         LINE#         616
  C:2209H         LINE#         617
  -------         ENDPROC       __TK_I_SOURCE_ADJUST
  -------         PROC          ___TK_SET_NEXT_CH
  D:0007H         SYMBOL        kick_type
  C:1F40H         LINE#         625
  C:1F40H         LINE#         626
  C:1F40H         LINE#         627
  C:1F43H         LINE#         629
  C:1F61H         LINE#         630
  C:1F67H         LINE#         631
  C:1F6BH         LINE#         632
  C:1F6FH         LINE#         633
  C:1F73H         LINE#         634
  C:1F77H         LINE#         636
  C:1F91H         LINE#         638
  C:1FA1H         LINE#         639
  C:1FA1H         LINE#         640
  C:1FA3H         LINE#         642
  C:1FBDH         LINE#         643
  C:1FC3H         LINE#         644
  C:1FC3H         LINE#         645
  -------         ENDPROC       ___TK_SET_NEXT_CH
  -------         PROC          __TK_LIB_INIT
  -------         DO            
  X:6424H         SYMBOL        i
  -------         ENDDO         
  C:1CEFH         LINE#         652
  C:1CEFH         LINE#         653
  C:1CEFH         LINE#         655
  C:1D37H         LINE#         656
  C:1D45H         LINE#         658
  C:1D48H         LINE#         659
  C:1D50H         LINE#         660
  C:1D52H         LINE#         661
  C:1D54H         LINE#         662
  C:1D5CH         LINE#         663
  C:1D64H         LINE#         664
  C:1D6CH         LINE#         665
  C:1D82H         LINE#         666
BL51 BANKED LINKER/LOCATER V6.22.4.0                                                  08/09/2024  17:08:39  PAGE 41


  C:1D85H         LINE#         667
  -------         ENDPROC       __TK_LIB_INIT
  -------         PROC          __TK_HANDLER
  C:20C0H         LINE#         675
  C:20C0H         LINE#         676
  C:20C0H         LINE#         677
  C:20C5H         LINE#         678
  C:20C9H         LINE#         679
  C:20F0H         LINE#         682
  C:20F3H         LINE#         683
  C:20FAH         LINE#         684
  C:20FCH         LINE#         685
  C:20FFH         LINE#         686
  C:20FFH         LINE#         687
  C:2102H         LINE#         688
  C:2102H         LINE#         689
  C:2102H         LINE#         690
  C:2104H         LINE#         691
  C:2110H         LINE#         692
  C:2120H         LINE#         693
  C:2123H         LINE#         694
  C:2128H         LINE#         696
  C:212BH         LINE#         697
  C:212BH         LINE#         699
  C:212EH         LINE#         700
  C:212EH         LINE#         701
  C:212FH         LINE#         702
  C:2134H         LINE#         703
  C:2134H         LINE#         704
  C:2134H         LINE#         705
  -------         ENDPROC       __TK_HANDLER
  -------         PROC          __TK_MS_HANDLER
  C:2722H         LINE#         712
  C:2722H         LINE#         713
  C:2722H         LINE#         714
  C:2724H         LINE#         716
  -------         ENDPROC       __TK_MS_HANDLER
  -------         PROC          __TK_SCAN
  C:248DH         LINE#         724
  C:248DH         LINE#         725
  C:248DH         LINE#         727
  C:2492H         LINE#         730
  C:249EH         LINE#         735
  C:24A1H         LINE#         739
  C:24A4H         LINE#         740
  C:24A9H         LINE#         741
  C:24ACH         LINE#         742
  C:24ACH         LINE#         743
  -------         ENDPROC       __TK_SCAN
  -------         ENDMOD        TK_LIB

  -------         MODULE        ?C?IMUL
  C:0CA1H         PUBLIC        ?C?IMUL
  -------         ENDMOD        ?C?IMUL

  -------         MODULE        ?C?UIDIV
  C:0CB3H         PUBLIC        ?C?UIDIV
BL51 BANKED LINKER/LOCATER V6.22.4.0                                                  08/09/2024  17:08:39  PAGE 42


  -------         ENDMOD        ?C?UIDIV

  -------         MODULE        ?C?IILDX
  C:0D08H         PUBLIC        ?C?IILDX
  -------         ENDMOD        ?C?IILDX

  -------         MODULE        ?C?LADD
  C:0D1EH         PUBLIC        ?C?LADD
  -------         ENDMOD        ?C?LADD

  -------         MODULE        ?C?LSUB
  C:0D2BH         PUBLIC        ?C?LSUB
  -------         ENDMOD        ?C?LSUB

  -------         MODULE        ?C?ULDIV
  C:0D75H         PUBLIC        ?C?ULDIV
  -------         ENDMOD        ?C?ULDIV

  -------         MODULE        ?C?LNOT
  C:0E07H         PUBLIC        ?C?LNOT
  -------         ENDMOD        ?C?LNOT

  -------         MODULE        ?C?LNEG
  C:0E14H         PUBLIC        ?C?LNEG
  -------         ENDMOD        ?C?LNEG

  -------         MODULE        ?C?SLCMP
  C:0E22H         PUBLIC        ?C?SLCMP
  -------         ENDMOD        ?C?SLCMP

  -------         MODULE        ?C?ULCMP
  C:0E38H         PUBLIC        ?C?ULCMP
  -------         ENDMOD        ?C?ULCMP

  -------         MODULE        ?C?ULSHR
  C:0E49H         PUBLIC        ?C?ULSHR
  -------         ENDMOD        ?C?ULSHR

  -------         MODULE        ?C?LSHL
  C:0E5CH         PUBLIC        ?C?LSHL
  -------         ENDMOD        ?C?LSHL

  -------         MODULE        ?C?LLDXDATA
  C:0E6FH         PUBLIC        ?C?LLDXDATA
  -------         ENDMOD        ?C?LLDXDATA

  -------         MODULE        ?C?LLDCODE
  C:0E7BH         PUBLIC        ?C?LLDCODE
  -------         ENDMOD        ?C?LLDCODE

  -------         MODULE        ?C?LLDXDATA0
  C:0E8BH         PUBLIC        ?C?LLDXDATA0
  -------         ENDMOD        ?C?LLDXDATA0

  -------         MODULE        ?C?LLDIXDATA
  C:0EA0H         PUBLIC        ?C?LLDIXDATA
  C:0E97H         PUBLIC        ?C?LLDIXDATA1
BL51 BANKED LINKER/LOCATER V6.22.4.0                                                  08/09/2024  17:08:39  PAGE 43


  C:0E99H         PUBLIC        ?C?LLDIXDATA8
  -------         ENDMOD        ?C?LLDIXDATA

  -------         MODULE        ?C?LSTXDATA
  C:0ECCH         PUBLIC        ?C?LSTXDATA
  -------         ENDMOD        ?C?LSTXDATA

  -------         MODULE        ?C?LSTKXDATA
  C:0ED8H         PUBLIC        ?C?LSTKXDATA
  -------         ENDMOD        ?C?LSTKXDATA

  -------         MODULE        ?C?ICALL
  C:0F09H         PUBLIC        ?C?ICALL
  C:0F0DH         PUBLIC        ?C?ICALL2
  -------         ENDMOD        ?C?ICALL

  -------         MODULE        ?C?LIMUL
  C:0F0FH         PUBLIC        ?C?LIMUL
  -------         ENDMOD        ?C?LIMUL

*** WARNING L16: UNCALLED SEGMENT, IGNORED FOR OVERLAY PROCESS
    SEGMENT: ?PR?OUTPUT_PIN_INIT?MY_GPIO

*** WARNING L16: UNCALLED SEGMENT, IGNORED FOR OVERLAY PROCESS
    SEGMENT: ?PR?P11_OUTPUT_CONFIG?MY_GPIO

*** WARNING L16: UNCALLED SEGMENT, IGNORED FOR OVERLAY PROCESS
    SEGMENT: ?PR?P12_OUTPUT_CONFIG?MY_GPIO

*** WARNING L16: UNCALLED SEGMENT, IGNORED FOR OVERLAY PROCESS
    SEGMENT: ?PR?P01_OUTPUT_CONFIG?MY_GPIO

*** WARNING L16: UNCALLED SEGMENT, IGNORED FOR OVERLAY PROCESS
    SEGMENT: ?PR?P24_OUTPUT_CONFIG?MY_GPIO

*** WARNING L16: UNCALLED SEGMENT, IGNORED FOR OVERLAY PROCESS
    SEGMENT: ?PR?P25_OUTPUT_CONFIG?MY_GPIO

*** WARNING L16: UNCALLED SEGMENT, IGNORED FOR OVERLAY PROCESS
    SEGMENT: ?PR?P26_OUTPUT_CONFIG?MY_GPIO

*** WARNING L16: UNCALLED SEGMENT, IGNORED FOR OVERLAY PROCESS
    SEGMENT: ?PR?P06_INPUT_CONFIG?MY_GPIO

*** WARNING L16: UNCALLED SEGMENT, IGNORED FOR OVERLAY PROCESS
    SEGMENT: ?PR?P07_INPUT_CONFIG?MY_GPIO

*** WARNING L16: UNCALLED SEGMENT, IGNORED FOR OVERLAY PROCESS
    SEGMENT: ?PR?P10_INPUT_CONFIG?MY_GPIO

*** WARNING L16: UNCALLED SEGMENT, IGNORED FOR OVERLAY PROCESS
    SEGMENT: ?PR?P13_INPUT_CONFIG?MY_GPIO

*** WARNING L16: UNCALLED SEGMENT, IGNORED FOR OVERLAY PROCESS
    SEGMENT: ?PR?P14_INPUT_CONFIG?MY_GPIO

*** WARNING L16: UNCALLED SEGMENT, IGNORED FOR OVERLAY PROCESS
BL51 BANKED LINKER/LOCATER V6.22.4.0                                                  08/09/2024  17:08:39  PAGE 44


    SEGMENT: ?PR?P17_INPUT_CONFIG?MY_GPIO

*** WARNING L16: UNCALLED SEGMENT, IGNORED FOR OVERLAY PROCESS
    SEGMENT: ?PR?P21_INPUT_CONFIG?MY_GPIO

*** WARNING L16: UNCALLED SEGMENT, IGNORED FOR OVERLAY PROCESS
    SEGMENT: ?PR?P22_INPUT_CONFIG?MY_GPIO

*** WARNING L16: UNCALLED SEGMENT, IGNORED FOR OVERLAY PROCESS
    SEGMENT: ?PR?P23_INPUT_CONFIG?MY_GPIO

*** WARNING L16: UNCALLED SEGMENT, IGNORED FOR OVERLAY PROCESS
    SEGMENT: ?PR?P30_INPUT_CONFIG?MY_GPIO

*** WARNING L16: UNCALLED SEGMENT, IGNORED FOR OVERLAY PROCESS
    SEGMENT: ?PR?P31_INPUT_CONFIG?MY_GPIO

*** WARNING L16: UNCALLED SEGMENT, IGNORED FOR OVERLAY PROCESS
    SEGMENT: ?PR?TMR2_DISABLE?TMR2

Program Size: data=71.2 xdata=1109 code=10019
LINK/LOCATE RUN COMPLETE.  19 WARNING(S),  0 ERROR(S)
